07-06 11:18:56.368  1006  1039 D ProcessManager: Get SplitScreen App:null
07-06 11:18:56.804  1006  1006 I MWN     : onSignalStrengthsChanged...
07-06 11:18:56.807  1006  1006 I MWN     : network type = 0
07-06 11:18:56.808  1006  1006 I MWN     : mobile type = 13
07-06 11:18:56.808  1006  1006 I MWN     : Write 0 to node. type=4G mSimExist=true mFlightMode=false
07-06 11:18:56.809  1006  1006 I MWN     : write the value:0 to node successfully.
07-06 11:18:58.897  1006  1039 D ProcessManager.SC: mem= 1349, lowmem=true
07-06 11:18:59.375  1006  1006 I MWN     : onSignalStrengthsChanged...
07-06 11:18:59.383  1006  1006 I MWN     : network type = 0
07-06 11:18:59.385  1006  1006 I MWN     : mobile type = 13
07-06 11:18:59.385  1006  1006 I MWN     : Write 0 to node. type=4G mSimExist=true mFlightMode=false
07-06 11:18:59.387  1006  1006 I MWN     : write the value:0 to node successfully.
07-06 11:18:59.406  1006  1039 D ProcessManager: Get SplitScreen App:null
07-06 11:19:01.939  1006  1006 I MWN     : onSignalStrengthsChanged...
07-06 11:19:01.947  1006  1006 I MWN     : network type = 0
07-06 11:19:01.950  1006  1006 I MWN     : mobile type = 13
07-06 11:19:01.950  1006  1006 I MWN     : Write 0 to node. type=4G mSimExist=true mFlightMode=false
07-06 11:19:01.952  1006  1006 I MWN     : write the value:0 to node successfully.
07-06 11:19:01.995  1006  1039 D ProcessManager.SC: mem= 1348, lowmem=true
07-06 11:19:02.506  1006  1039 D ProcessManager: Get SplitScreen App:null
07-06 11:19:04.497  1006  1006 I MWN     : onSignalStrengthsChanged...
07-06 11:19:04.503  1006  1006 I MWN     : network type = 0
07-06 11:19:04.506  1006  1006 I MWN     : mobile type = 13
07-06 11:19:04.506  1006  1006 I MWN     : Write 0 to node. type=4G mSimExist=true mFlightMode=false
07-06 11:19:04.509  1006  1006 I MWN     : write the value:0 to node successfully.
07-06 11:19:05.025  1006  1039 D ProcessManager.SC: mem= 1348, lowmem=true
07-06 11:19:05.529  1006  1039 D ProcessManager: Get SplitScreen App:null
07-06 11:19:07.044  1006  1006 I MWN     : onSignalStrengthsChanged...
07-06 11:19:07.048  1006  1006 I MWN     : network type = 0
07-06 11:19:07.049  1006  1006 I MWN     : mobile type = 13
07-06 11:19:07.049  1006  1006 I MWN     : Write 0 to node. type=4G mSimExist=true mFlightMode=false
07-06 11:19:07.050  1006  1006 I MWN     : write the value:0 to node successfully.
07-06 11:19:08.055  1006  1039 D ProcessManager.SC: mem= 1348, lowmem=true
07-06 11:19:08.559  1006  1039 D ProcessManager: Get SplitScreen App:null
07-06 11:19:09.565  1006  1006 I MWN     : onSignalStrengthsChanged...
07-06 11:19:09.568  1006  1006 I MWN     : network type = 0
07-06 11:19:09.568  1006  1006 I MWN     : mobile type = 13
07-06 11:19:09.569  1006  1006 I MWN     : Write 0 to node. type=4G mSimExist=true mFlightMode=false
07-06 11:19:09.570  1006  1006 I MWN     : write the value:0 to node successfully.
07-06 11:19:11.086  1006  1039 D ProcessManager.SC: mem= 1349, lowmem=true
07-06 11:19:11.590  1006  1039 D ProcessManager: Get SplitScreen App:null
07-06 11:19:12.164  1006  1006 I MWN     : onSignalStrengthsChanged...
07-06 11:19:12.167  1006  1006 I MWN     : network type = 0
07-06 11:19:12.168  1006  1006 I MWN     : mobile type = 13
07-06 11:19:12.168  1006  1006 I MWN     : Write 0 to node. type=4G mSimExist=true mFlightMode=false
07-06 11:19:12.169  1006  1006 I MWN     : write the value:0 to node successfully.
07-06 11:19:14.117  1006  1039 D ProcessManager.SC: mem= 1348, lowmem=true
07-06 11:19:14.621  1006  1039 D ProcessManager: Get SplitScreen App:null
07-06 11:19:14.724  1006  1006 I MWN     : onSignalStrengthsChanged...
07-06 11:19:14.727  1006  1006 I MWN     : network type = 0
07-06 11:19:14.728  1006  1006 I MWN     : mobile type = 13
07-06 11:19:14.728  1006  1006 I MWN     : Write 0 to node. type=4G mSimExist=true mFlightMode=false
07-06 11:19:14.729  1006  1006 I MWN     : write the value:0 to node successfully.
07-06 11:19:17.149  1006  1039 D ProcessManager.SC: mem= 1347, lowmem=true
07-06 11:19:17.226  1006  6486 V SettingsProvider: name : radio.data.stall.recovery.action0 appId : 1001
07-06 11:19:17.227  1006  6486 V SettingsProvider: Package name : com.android.phone privateFlags : 1050728
07-06 11:19:17.284  1006  1006 I MWN     : onSignalStrengthsChanged...
07-06 11:19:17.287  1006  1006 I MWN     : network type = 0
07-06 11:19:17.288  1006  1006 I MWN     : mobile type = 13
07-06 11:19:17.288  1006  1006 I MWN     : Write 0 to node. type=4G mSimExist=true mFlightMode=false
07-06 11:19:17.289  1006  1006 I MWN     : write the value:0 to node successfully.
07-06 11:19:17.653  1006  1039 D ProcessManager: Get SplitScreen App:null
07-06 11:19:19.845  1006  1006 I MWN     : onSignalStrengthsChanged...
07-06 11:19:19.848  1006  1006 I MWN     : network type = 0
07-06 11:19:19.849  1006  1006 I MWN     : mobile type = 13
07-06 11:19:19.849  1006  1006 I MWN     : Write 0 to node. type=4G mSimExist=true mFlightMode=false
07-06 11:19:19.850  1006  1006 I MWN     : write the value:0 to node successfully.
07-06 11:19:20.181  1006  1039 D ProcessManager.SC: mem= 1348, lowmem=true
07-06 11:19:20.685  1006  1039 D ProcessManager: Get SplitScreen App:null
07-06 11:19:22.404  1006  1006 I MWN     : onSignalStrengthsChanged...
07-06 11:19:22.408  1006  1006 I MWN     : network type = 0
07-06 11:19:22.409  1006  1006 I MWN     : mobile type = 13
07-06 11:19:22.409  1006  1006 I MWN     : Write 0 to node. type=4G mSimExist=true mFlightMode=false
07-06 11:19:22.410  1006  1006 I MWN     : write the value:0 to node successfully.
07-06 11:19:23.212  1006  1039 D ProcessManager.SC: mem= 1346, lowmem=true
07-06 11:19:23.717  1006  1039 D ProcessManager: Get SplitScreen App:null
07-06 11:19:24.964  1006  1006 I MWN     : onSignalStrengthsChanged...
07-06 11:19:24.968  1006  1006 I MWN     : network type = 0
07-06 11:19:24.969  1006  1006 I MWN     : mobile type = 13
07-06 11:19:24.969  1006  1006 I MWN     : Write 0 to node. type=4G mSimExist=true mFlightMode=false
07-06 11:19:24.970  1006  1006 I MWN     : write the value:0 to node successfully.
07-06 11:19:26.243  1006  1039 D ProcessManager.SC: mem= 1346, lowmem=true
07-06 11:19:26.747  1006  1039 D ProcessManager: Get SplitScreen App:null
07-06 11:19:27.524  1006  1006 I MWN     : onSignalStrengthsChanged...
07-06 11:19:27.527  1006  1006 I MWN     : network type = 0
07-06 11:19:27.528  1006  1006 I MWN     : mobile type = 13
07-06 11:19:27.528  1006  1006 I MWN     : Write 0 to node. type=4G mSimExist=true mFlightMode=false
07-06 11:19:27.529  1006  1006 I MWN     : write the value:0 to node successfully.
07-06 11:19:29.273  1006  1039 D ProcessManager.SC: mem= 1346, lowmem=true
07-06 11:19:29.777  1006  1039 D ProcessManager: Get SplitScreen App:null
07-06 11:19:30.085  1006  1006 I MWN     : onSignalStrengthsChanged...
07-06 11:19:30.088  1006  1006 I MWN     : network type = 0
07-06 11:19:30.089  1006  1006 I MWN     : mobile type = 13
07-06 11:19:30.089  1006  1006 I MWN     : Write 0 to node. type=4G mSimExist=true mFlightMode=false
07-06 11:19:30.090  1006  1006 I MWN     : write the value:0 to node successfully.
07-06 11:19:32.303  1006  1039 D ProcessManager.SC: mem= 1346, lowmem=true
07-06 11:19:32.644  1006  1006 I MWN     : onSignalStrengthsChanged...
07-06 11:19:32.647  1006  1006 I MWN     : network type = 0
07-06 11:19:32.649  1006  1006 I MWN     : mobile type = 13
07-06 11:19:32.649  1006  1006 I MWN     : Write 0 to node. type=4G mSimExist=true mFlightMode=false
07-06 11:19:32.650  1006  1006 I MWN     : write the value:0 to node successfully.
07-06 11:19:32.807  1006  1039 D ProcessManager: Get SplitScreen App:null
07-06 11:19:35.205  1006  1006 I MWN     : onSignalStrengthsChanged...
07-06 11:19:35.207  1006  1006 I MWN     : network type = 0
07-06 11:19:35.208  1006  1006 I MWN     : mobile type = 13
07-06 11:19:35.208  1006  1006 I MWN     : Write 0 to node. type=4G mSimExist=true mFlightMode=false
07-06 11:19:35.209  1006  1006 I MWN     : write the value:0 to node successfully.
07-06 11:19:35.334  1006  1039 D ProcessManager.SC: mem= 1345, lowmem=true
07-06 11:19:35.838  1006  1039 D ProcessManager: Get SplitScreen App:null
07-06 11:19:36.769   569   712 E storaged: getDiskStats failed with result NOT_SUPPORTED and size 0
07-06 11:19:37.780  1006  1006 I MWN     : onSignalStrengthsChanged...
07-06 11:19:37.787  1006  1006 I MWN     : network type = 0
07-06 11:19:37.790  1006  1006 I MWN     : mobile type = 13
07-06 11:19:37.790  1006  1006 I MWN     : Write 0 to node. type=4G mSimExist=true mFlightMode=false
07-06 11:19:37.794  1006  1006 I MWN     : write the value:0 to node successfully.
07-06 11:19:38.429  1006  1039 D ProcessManager.SC: mem= 1345, lowmem=true
07-06 11:19:38.940  1006  1039 D ProcessManager: Get SplitScreen App:null
07-06 11:19:40.296  1006  1006 I MWN     : onSignalStrengthsChanged...
07-06 11:19:40.299  1006  1006 I MWN     : network type = 0
07-06 11:19:40.300  1006  1006 I MWN     : mobile type = 13
07-06 11:19:40.301  1006  1006 I MWN     : Write 0 to node. type=4G mSimExist=true mFlightMode=false
07-06 11:19:40.302  1006  1006 I MWN     : write the value:0 to node successfully.
07-06 11:19:41.460  1006  1039 D ProcessManager.SC: mem= 1348, lowmem=true
07-06 11:19:41.964  1006  1039 D ProcessManager: Get SplitScreen App:null
07-06 11:19:42.885  1006  1006 I MWN     : onSignalStrengthsChanged...
07-06 11:19:42.888  1006  1006 I MWN     : network type = 0
07-06 11:19:42.889  1006  1006 I MWN     : mobile type = 13
07-06 11:19:42.889  1006  1006 I MWN     : Write 0 to node. type=4G mSimExist=true mFlightMode=false
07-06 11:19:42.891  1006  1006 I MWN     : write the value:0 to node successfully.
07-06 11:19:44.491  1006  1039 D ProcessManager.SC: mem= 1347, lowmem=true
07-06 11:19:44.995  1006  1039 D ProcessManager: Get SplitScreen App:null
07-06 11:19:47.526  1006  1039 D ProcessManager.SC: mem= 1347, lowmem=true
07-06 11:19:48.003  1006  1006 I MWN     : onSignalStrengthsChanged...
07-06 11:19:48.007  1006  1006 I MWN     : network type = 0
07-06 11:19:48.008  1006  1006 I MWN     : mobile type = 13
07-06 11:19:48.008  1006  1006 I MWN     : Write 0 to node. type=4G mSimExist=true mFlightMode=false
07-06 11:19:48.009  1006  1006 I MWN     : write the value:0 to node successfully.
07-06 11:19:48.030  1006  1039 D ProcessManager: Get SplitScreen App:null
07-06 11:19:50.558  1006  1039 D ProcessManager.SC: mem= 1346, lowmem=true
07-06 11:19:50.565  1006  1006 I MWN     : onSignalStrengthsChanged...
07-06 11:19:50.569  1006  1006 I MWN     : network type = 0
07-06 11:19:50.570  1006  1006 I MWN     : mobile type = 13
07-06 11:19:50.570  1006  1006 I MWN     : Write 0 to node. type=4G mSimExist=true mFlightMode=false
07-06 11:19:50.570  1006  1006 I MWN     : write the value:0 to node successfully.
07-06 11:19:51.062  1006  1039 D ProcessManager: Get SplitScreen App:null
07-06 11:19:53.443  1006  1006 I MWN     : onSignalStrengthsChanged...
07-06 11:19:53.446  1006  1006 I MWN     : network type = 0
07-06 11:19:53.447  1006  1006 I MWN     : mobile type = 13
07-06 11:19:53.448  1006  1006 I MWN     : Write 0 to node. type=4G mSimExist=true mFlightMode=false
07-06 11:19:53.448  1006  1006 I MWN     : write the value:0 to node successfully.
07-06 11:19:53.589  1006  1039 D ProcessManager.SC: mem= 1347, lowmem=true
07-06 11:19:54.094  1006  1039 D ProcessManager: Get SplitScreen App:null
07-06 11:19:54.920  1006  1006 I DeviceIdleController: updateChargingLocked: charging=true
07-06 11:19:54.920  1006  1006 I DeviceIdleController: becomeActiveLocked, reason = charging
07-06 11:19:55.938  1006  1585 V SettingsProvider: name : battery_remaining_time appId : 1000
07-06 11:19:56.005  1006  1006 I MWN     : onSignalStrengthsChanged...
07-06 11:19:56.008  1006  1006 I MWN     : network type = 0
07-06 11:19:56.009  1006  1006 I MWN     : mobile type = 13
07-06 11:19:56.009  1006  1006 I MWN     : Write 0 to node. type=4G mSimExist=true mFlightMode=false
07-06 11:19:56.011  1006  1006 I MWN     : write the value:0 to node successfully.
07-06 11:19:56.625  1006  1039 D ProcessManager.SC: mem= 1348, lowmem=true
07-06 11:19:57.129  1006  1039 D ProcessManager: Get SplitScreen App:null
07-06 11:19:58.539  1006  1006 I MWN     : onSignalStrengthsChanged...
07-06 11:19:58.543  1006  1006 I MWN     : network type = 0
07-06 11:19:58.544  1006  1006 I MWN     : mobile type = 13
07-06 11:19:58.544  1006  1006 I MWN     : Write 0 to node. type=4G mSimExist=true mFlightMode=false
07-06 11:19:58.545  1006  1006 I MWN     : write the value:0 to node successfully.
07-06 11:19:59.717  1006  1039 D ProcessManager.SC: mem= 1348, lowmem=true
07-06 11:20:00.227  1006  1039 D ProcessManager: Get SplitScreen App:null
07-06 11:20:01.135  1006  1006 I MWN     : onSignalStrengthsChanged...
07-06 11:20:01.143  1006  1006 I MWN     : network type = 0
07-06 11:20:01.145  1006  1006 I MWN     : mobile type = 13
07-06 11:20:01.145  1006  1006 I MWN     : Write 0 to node. type=4G mSimExist=true mFlightMode=false
07-06 11:20:01.147  1006  1006 I MWN     : write the value:0 to node successfully.
07-06 11:20:02.807  1006  1039 D ProcessManager.SC: mem= 1348, lowmem=true
07-06 11:20:03.317  1006  1039 D ProcessManager: Get SplitScreen App:null
07-06 11:20:03.694  1006  1006 I MWN     : onSignalStrengthsChanged...
07-06 11:20:03.701  1006  1006 I MWN     : network type = 0
07-06 11:20:03.703  1006  1006 I MWN     : mobile type = 13
07-06 11:20:03.703  1006  1006 I MWN     : Write 0 to node. type=4G mSimExist=true mFlightMode=false
07-06 11:20:03.704  1006  1006 I MWN     : write the value:0 to node successfully.
07-06 11:20:05.838  1006  1039 D ProcessManager.SC: mem= 1348, lowmem=true
07-06 11:20:06.245  1006  1006 I MWN     : onSignalStrengthsChanged...
07-06 11:20:06.248  1006  1006 I MWN     : network type = 0
07-06 11:20:06.249  1006  1006 I MWN     : mobile type = 13
07-06 11:20:06.249  1006  1006 I MWN     : Write 0 to node. type=4G mSimExist=true mFlightMode=false
07-06 11:20:06.250  1006  1006 I MWN     : write the value:0 to node successfully.
07-06 11:20:06.342  1006  1039 D ProcessManager: Get SplitScreen App:null
07-06 11:20:08.804  1006  1006 I MWN     : onSignalStrengthsChanged...
07-06 11:20:08.807  1006  1006 I MWN     : network type = 0
07-06 11:20:08.808  1006  1006 I MWN     : mobile type = 13
07-06 11:20:08.808  1006  1006 I MWN     : Write 0 to node. type=4G mSimExist=true mFlightMode=false
07-06 11:20:08.810  1006  1006 I MWN     : write the value:0 to node successfully.
07-06 11:20:08.871  1006  1039 D ProcessManager.SC: mem= 1348, lowmem=true
07-06 11:20:09.375  1006  1039 D ProcessManager: Get SplitScreen App:null
07-06 11:20:11.365  1006  1006 I MWN     : onSignalStrengthsChanged...
07-06 11:20:11.368  1006  1006 I MWN     : network type = 0
07-06 11:20:11.370  1006  1006 I MWN     : mobile type = 13
07-06 11:20:11.370  1006  1006 I MWN     : Write 0 to node. type=4G mSimExist=true mFlightMode=false
07-06 11:20:11.371  1006  1006 I MWN     : write the value:0 to node successfully.
07-06 11:20:11.902  1006  1039 D ProcessManager.SC: mem= 1369, lowmem=true
07-06 11:20:12.406  1006  1039 D ProcessManager: Get SplitScreen App:null
07-06 11:20:13.924  1006  1006 I MWN     : onSignalStrengthsChanged...
07-06 11:20:13.927  1006  1006 I MWN     : network type = 0
07-06 11:20:13.928  1006  1006 I MWN     : mobile type = 13
07-06 11:20:13.928  1006  1006 I MWN     : Write 0 to node. type=4G mSimExist=true mFlightMode=false
07-06 11:20:13.929  1006  1006 I MWN     : write the value:0 to node successfully.
07-06 11:20:14.933  1006  1039 D ProcessManager.SC: mem= 1370, lowmem=true
07-06 11:20:15.437  1006  1039 D ProcessManager: Get SplitScreen App:null
07-06 11:20:16.496  1006  1006 I MWN     : onSignalStrengthsChanged...
07-06 11:20:16.504  1006  1006 I MWN     : network type = 0
07-06 11:20:16.506  1006  1006 I MWN     : mobile type = 13
07-06 11:20:16.506  1006  1006 I MWN     : Write 0 to node. type=4G mSimExist=true mFlightMode=false
07-06 11:20:16.509  1006  1006 I MWN     : write the value:0 to node successfully.
07-06 11:20:17.243  1006  1585 V SettingsProvider: name : radio.data.stall.recovery.action0 appId : 1001
07-06 11:20:17.244  1006  1585 V SettingsProvider: Package name : com.android.phone privateFlags : 1050728
07-06 11:20:18.023  1006  1039 D ProcessManager.SC: mem= 1369, lowmem=true
07-06 11:20:18.532  1006  1039 D ProcessManager: Get SplitScreen App:null
07-06 11:20:19.057  1006  1006 I MWN     : onSignalStrengthsChanged...
07-06 11:20:19.065  1006  1006 I MWN     : network type = 0
07-06 11:20:19.067  1006  1006 I MWN     : mobile type = 13
07-06 11:20:19.067  1006  1006 I MWN     : Write 0 to node. type=4G mSimExist=true mFlightMode=false
07-06 11:20:19.069  1006  1006 I MWN     : write the value:0 to node successfully.
07-06 11:20:21.116  1006  1039 D ProcessManager.SC: mem= 1370, lowmem=true
07-06 11:20:21.627  1006  1039 D ProcessManager: Get SplitScreen App:null
07-06 11:20:21.860  1006  1032 D KernelUidCpuTimeReader: Removing uids 99377-99377
07-06 11:20:21.862  1006  1032 D KernelUidCpuTimeReader: Removing uids 99379-99379
07-06 11:20:21.955  1006  1006 I MWN     : onSignalStrengthsChanged...
07-06 11:20:21.963  1006  1006 I MWN     : network type = 0
07-06 11:20:21.966  1006  1006 I MWN     : mobile type = 13
07-06 11:20:21.966  1006  1006 I MWN     : Write 0 to node. type=4G mSimExist=true mFlightMode=false
07-06 11:20:21.968  1006  1006 I MWN     : write the value:0 to node successfully.
07-06 11:20:24.148  1006  1039 D ProcessManager.SC: mem= 1369, lowmem=true
07-06 11:20:24.652  1006  1039 D ProcessManager: Get SplitScreen App:null
07-06 11:20:27.179  1006  1039 D ProcessManager.SC: mem= 1369, lowmem=true
07-06 11:20:27.683  1006  1039 D ProcessManager: Get SplitScreen App:null
07-06 11:20:28.019  1006  1006 I MWN     : onSignalStrengthsChanged...
07-06 11:20:28.023  1006  1006 I MWN     : network type = 0
07-06 11:20:28.024  1006  1006 I MWN     : mobile type = 13
07-06 11:20:28.025  1006  1006 I MWN     : Write 0 to node. type=4G mSimExist=true mFlightMode=false
07-06 11:20:28.026  1006  1006 I MWN     : write the value:0 to node successfully.
07-06 11:20:30.208  1006  1039 D ProcessManager.SC: mem= 1369, lowmem=true
07-06 11:20:30.579  1006  1006 I MWN     : onSignalStrengthsChanged...
07-06 11:20:30.583  1006  1006 I MWN     : network type = 0
07-06 11:20:30.584  1006  1006 I MWN     : mobile type = 13
07-06 11:20:30.584  1006  1006 I MWN     : Write 0 to node. type=4G mSimExist=true mFlightMode=false
07-06 11:20:30.585  1006  1006 I MWN     : write the value:0 to node successfully.
07-06 11:20:30.712  1006  1039 D ProcessManager: Get SplitScreen App:null
07-06 11:20:33.138  1006  1006 I MWN     : onSignalStrengthsChanged...
07-06 11:20:33.141  1006  1006 I MWN     : network type = 0
07-06 11:20:33.142  1006  1006 I MWN     : mobile type = 13
07-06 11:20:33.142  1006  1006 I MWN     : Write 0 to node. type=4G mSimExist=true mFlightMode=false
07-06 11:20:33.143  1006  1006 I MWN     : write the value:0 to node successfully.
07-06 11:20:33.237  1006  1039 D ProcessManager.SC: mem= 1369, lowmem=true
07-06 11:20:33.741  1006  1039 D ProcessManager: Get SplitScreen App:null
07-06 11:20:35.699  1006  1006 I MWN     : onSignalStrengthsChanged...
07-06 11:20:35.703  1006  1006 I MWN     : network type = 0
07-06 11:20:35.704  1006  1006 I MWN     : mobile type = 13
07-06 11:20:35.704  1006  1006 I MWN     : Write 0 to node. type=4G mSimExist=true mFlightMode=false
07-06 11:20:35.705  1006  1006 I MWN     : write the value:0 to node successfully.
07-06 11:20:36.268  1006  1039 D ProcessManager.SC: mem= 1369, lowmem=true
07-06 11:20:36.770   569   712 E storaged: getDiskStats failed with result NOT_SUPPORTED and size 0
07-06 11:20:36.772  1006  1039 D ProcessManager: Get SplitScreen App:null
07-06 11:20:38.259  1006  1006 I MWN     : onSignalStrengthsChanged...
07-06 11:20:38.262  1006  1006 I MWN     : network type = 0
07-06 11:20:38.263  1006  1006 I MWN     : mobile type = 13
07-06 11:20:38.263  1006  1006 I MWN     : Write 0 to node. type=4G mSimExist=true mFlightMode=false
07-06 11:20:38.264  1006  1006 I MWN     : write the value:0 to node successfully.
07-06 11:20:39.298  1006  1039 D ProcessManager.SC: mem= 1369, lowmem=true
07-06 11:20:39.803  1006  1039 D ProcessManager: Get SplitScreen App:null
07-06 11:20:40.820  1006  1006 I MWN     : onSignalStrengthsChanged...
07-06 11:20:40.823  1006  1006 I MWN     : network type = 0
07-06 11:20:40.824  1006  1006 I MWN     : mobile type = 13
07-06 11:20:40.824  1006  1006 I MWN     : Write 0 to node. type=4G mSimExist=true mFlightMode=false
07-06 11:20:40.825  1006  1006 I MWN     : write the value:0 to node successfully.
07-06 11:20:42.328  1006  1039 D ProcessManager.SC: mem= 1370, lowmem=true
07-06 11:20:42.832  1006  1039 D ProcessManager: Get SplitScreen App:null
07-06 11:20:43.380  1006  1006 I MWN     : onSignalStrengthsChanged...
07-06 11:20:43.383  1006  1006 I MWN     : network type = 0
07-06 11:20:43.384  1006  1006 I MWN     : mobile type = 13
07-06 11:20:43.384  1006  1006 I MWN     : Write 0 to node. type=4G mSimExist=true mFlightMode=false
07-06 11:20:43.385  1006  1006 I MWN     : write the value:0 to node successfully.
07-06 11:20:45.419  1006  1039 D ProcessManager.SC: mem= 1370, lowmem=true
07-06 11:20:45.930  1006  1039 D ProcessManager: Get SplitScreen App:null
07-06 11:20:45.952  1006  1006 I MWN     : onSignalStrengthsChanged...
07-06 11:20:45.959  1006  1006 I MWN     : network type = 0
07-06 11:20:45.962  1006  1006 I MWN     : mobile type = 13
07-06 11:20:45.962  1006  1006 I MWN     : Write 0 to node. type=4G mSimExist=true mFlightMode=false
07-06 11:20:45.965  1006  1006 I MWN     : write the value:0 to node successfully.
07-06 11:20:48.451  1006  1039 D ProcessManager.SC: mem= 1370, lowmem=true
07-06 11:20:48.498  1006  1006 I MWN     : onSignalStrengthsChanged...
07-06 11:20:48.501  1006  1006 I MWN     : network type = 0
07-06 11:20:48.502  1006  1006 I MWN     : mobile type = 13
07-06 11:20:48.502  1006  1006 I MWN     : Write 0 to node. type=4G mSimExist=true mFlightMode=false
07-06 11:20:48.503  1006  1006 I MWN     : write the value:0 to node successfully.
07-06 11:20:48.955  1006  1039 D ProcessManager: Get SplitScreen App:null
07-06 11:20:51.059  1006  1006 I MWN     : onSignalStrengthsChanged...
07-06 11:20:51.062  1006  1006 I MWN     : network type = 0
07-06 11:20:51.063  1006  1006 I MWN     : mobile type = 13
07-06 11:20:51.064  1006  1006 I MWN     : Write 0 to node. type=4G mSimExist=true mFlightMode=false
07-06 11:20:51.065  1006  1006 I MWN     : write the value:0 to node successfully.
07-06 11:20:51.482  1006  1039 D ProcessManager.SC: mem= 1369, lowmem=true
07-06 11:20:51.986  1006  1039 D ProcessManager: Get SplitScreen App:null
07-06 11:20:53.578  1006  1006 I MWN     : onSignalStrengthsChanged...
07-06 11:20:53.581  1006  1006 I MWN     : network type = 0
07-06 11:20:53.582  1006  1006 I MWN     : mobile type = 13
07-06 11:20:53.582  1006  1006 I MWN     : Write 0 to node. type=4G mSimExist=true mFlightMode=false
07-06 11:20:53.584  1006  1006 I MWN     : write the value:0 to node successfully.
07-06 11:20:54.512  1006  1039 D ProcessManager.SC: mem= 1363, lowmem=true
07-06 11:20:55.017  1006  1039 D ProcessManager: Get SplitScreen App:null
07-06 11:20:56.180  1006  1006 I MWN     : onSignalStrengthsChanged...
07-06 11:20:56.183  1006  1006 I MWN     : network type = 0
07-06 11:20:56.184  1006  1006 I MWN     : mobile type = 13
07-06 11:20:56.184  1006  1006 I MWN     : Write 0 to node. type=4G mSimExist=true mFlightMode=false
07-06 11:20:56.185  1006  1006 I MWN     : write the value:0 to node successfully.
07-06 11:20:57.608  1006  1039 D ProcessManager.SC: mem= 1369, lowmem=true
07-06 11:20:58.114  1006  1039 D ProcessManager: Get SplitScreen App:null
07-06 11:20:58.738  1006  1006 I MWN     : onSignalStrengthsChanged...
07-06 11:20:58.741  1006  1006 I MWN     : network type = 0
07-06 11:20:58.742  1006  1006 I MWN     : mobile type = 13
07-06 11:20:58.742  1006  1006 I MWN     : Write 0 to node. type=4G mSimExist=true mFlightMode=false
07-06 11:20:58.743  1006  1006 I MWN     : write the value:0 to node successfully.
07-06 11:21:00.639  1006  1039 D ProcessManager.SC: mem= 1369, lowmem=true
07-06 11:21:01.143  1006  1039 D ProcessManager: Get SplitScreen App:null
07-06 11:21:01.300  1006  1006 I MWN     : onSignalStrengthsChanged...
07-06 11:21:01.304  1006  1006 I MWN     : network type = 0
07-06 11:21:01.305  1006  1006 I MWN     : mobile type = 13
07-06 11:21:01.305  1006  1006 I MWN     : Write 0 to node. type=4G mSimExist=true mFlightMode=false
07-06 11:21:01.306  1006  1006 I MWN     : write the value:0 to node successfully.
07-06 11:21:03.671  1006  1039 D ProcessManager.SC: mem= 1368, lowmem=true
07-06 11:21:03.858  1006  1006 I MWN     : onSignalStrengthsChanged...
07-06 11:21:03.862  1006  1006 I MWN     : network type = 0
07-06 11:21:03.863  1006  1006 I MWN     : mobile type = 13
07-06 11:21:03.863  1006  1006 I MWN     : Write 0 to node. type=4G mSimExist=true mFlightMode=false
07-06 11:21:03.863  1006  1006 I MWN     : write the value:0 to node successfully.
07-06 11:21:04.175  1006  1039 D ProcessManager: Get SplitScreen App:null
07-06 11:21:06.419  1006  1006 I MWN     : onSignalStrengthsChanged...
07-06 11:21:06.422  1006  1006 I MWN     : network type = 0
07-06 11:21:06.423  1006  1006 I MWN     : mobile type = 13
07-06 11:21:06.423  1006  1006 I MWN     : Write 0 to node. type=4G mSimExist=true mFlightMode=false
07-06 11:21:06.424  1006  1006 I MWN     : write the value:0 to node successfully.
07-06 11:21:06.702  1006  1039 D ProcessManager.SC: mem= 1369, lowmem=true
07-06 11:21:07.213  1006  1039 D ProcessManager: Get SplitScreen App:null
07-06 11:21:08.979  1006  1006 I MWN     : onSignalStrengthsChanged...
07-06 11:21:08.982  1006  1006 I MWN     : network type = 0
07-06 11:21:08.983  1006  1006 I MWN     : mobile type = 13
07-06 11:21:08.983  1006  1006 I MWN     : Write 0 to node. type=4G mSimExist=true mFlightMode=false
07-06 11:21:08.985  1006  1006 I MWN     : write the value:0 to node successfully.
07-06 11:21:09.732  1006  1039 D ProcessManager.SC: mem= 1369, lowmem=true
07-06 11:21:10.236  1006  1039 D ProcessManager: Get SplitScreen App:null
07-06 11:21:11.540  1006  1006 I MWN     : onSignalStrengthsChanged...
07-06 11:21:11.543  1006  1006 I MWN     : network type = 0
07-06 11:21:11.544  1006  1006 I MWN     : mobile type = 13
07-06 11:21:11.544  1006  1006 I MWN     : Write 0 to node. type=4G mSimExist=true mFlightMode=false
07-06 11:21:11.545  1006  1006 I MWN     : write the value:0 to node successfully.
07-06 11:21:12.763  1006  1039 D ProcessManager.SC: mem= 1368, lowmem=true
07-06 11:21:13.267  1006  1039 D ProcessManager: Get SplitScreen App:null
07-06 11:21:14.099  1006  1006 I MWN     : onSignalStrengthsChanged...
07-06 11:21:14.102  1006  1006 I MWN     : network type = 0
07-06 11:21:14.103  1006  1006 I MWN     : mobile type = 13
07-06 11:21:14.103  1006  1006 I MWN     : Write 0 to node. type=4G mSimExist=true mFlightMode=false
07-06 11:21:14.104  1006  1006 I MWN     : write the value:0 to node successfully.
07-06 11:21:15.792  1006  1039 D ProcessManager.SC: mem= 1368, lowmem=true
07-06 11:21:16.296  1006  1039 D ProcessManager: Get SplitScreen App:null
07-06 11:21:17.252  1006  6486 V SettingsProvider: name : radio.data.stall.recovery.action0 appId : 1001
07-06 11:21:17.253  1006  6486 V SettingsProvider: Package name : com.android.phone privateFlags : 1050728
07-06 11:21:18.883  1006  1039 D ProcessManager.SC: mem= 1369, lowmem=true
07-06 11:21:19.229  1006  1006 I MWN     : onSignalStrengthsChanged...
07-06 11:21:19.236  1006  1006 I MWN     : network type = 0
07-06 11:21:19.238  1006  1006 I MWN     : mobile type = 13
07-06 11:21:19.238  1006  1006 I MWN     : Write 0 to node. type=4G mSimExist=true mFlightMode=false
07-06 11:21:19.240  1006  1006 I MWN     : write the value:0 to node successfully.
07-06 11:21:19.393  1006  1039 D ProcessManager: Get SplitScreen App:null
07-06 11:21:21.779  1006  1006 I MWN     : onSignalStrengthsChanged...
07-06 11:21:21.782  1006  1006 I MWN     : network type = 0
07-06 11:21:21.783  1006  1006 I MWN     : mobile type = 13
07-06 11:21:21.783  1006  1006 I MWN     : Write 0 to node. type=4G mSimExist=true mFlightMode=false
07-06 11:21:21.783  1006  1006 I MWN     : write the value:0 to node successfully.
07-06 11:21:21.914  1006  1039 D ProcessManager.SC: mem= 1368, lowmem=true
07-06 11:21:22.418  1006  1039 D ProcessManager: Get SplitScreen App:null
07-06 11:21:24.945  1006  1039 D ProcessManager.SC: mem= 1368, lowmem=true
07-06 11:21:25.449  1006  1039 D ProcessManager: Get SplitScreen App:null
07-06 11:21:26.680  1006  1006 I MWN     : onServiceStateChanged...
07-06 11:21:26.687  1006  1006 I MWN     : network type = 0
07-06 11:21:26.689  1006  1006 I MWN     : mobile type = 10
07-06 11:21:26.689  1006  1006 I MWN     : mSignalStrength.getLevel = 4
07-06 11:21:26.689  1006  1006 I MWN     : Write 0 to node. type=3G mSimExist=true mFlightMode=false
07-06 11:21:26.690  1006  1006 I MWN     : write the value:0 to node successfully.
07-06 11:21:26.693  1006  1025 D BroadcastQueue: AMS: *** Launch app com.android.cellbroadcastreceiver/1000 for broadcast Intent { act=android.intent.action.SERVICE_STATE flg=0x1000010 (has extras) } from android/1001
07-06 11:21:26.712  1006  1029 I ActivityManager: Start proc 8042:com.android.cellbroadcastreceiver/1000 for broadcast com.android.cellbroadcastreceiver/.CellBroadcastReceiver
07-06 11:21:26.771  1006  1006 I MWN     : onServiceStateChanged...
07-06 11:21:26.777  1006  1006 I MWN     : network type = 0
07-06 11:21:26.778  1006  1006 I MWN     : mobile type = 10
07-06 11:21:26.778  1006  1006 I MWN     : mSignalStrength.getLevel = 4
07-06 11:21:26.778  1006  1006 I MWN     : Write 0 to node. type=3G mSimExist=true mFlightMode=false
07-06 11:21:26.780  1006  1006 I MWN     : write the value:0 to node successfully.
07-06 11:21:26.785  1006  1114 D MtkConnectivityService: NetworkAgentInfo [MOBILE (HSPA) - 157] EVENT_NETWORK_INFO_CHANGED, going from CONNECTED to CONNECTED
07-06 11:21:26.844  1006  1114 I NetworkStatsRecorder: recordSnapshotLocked: ident[[{type=MOBILE, subType=COMBINED, subscriberId=602016..., metered=true, defaultNetwork=true}]]
07-06 11:21:26.844  1006  1114 W NetworkStatsRecorder: unknown interfaces [ap0, ccmni-lan, p2p0, wlan0, lo, rndis0, ccmni1], ignoring those stats
07-06 11:21:26.844  1006  1114 I NetworkStatsRecorder: recordSnapshotLocked: ident[[{type=MOBILE, subType=COMBINED, subscriberId=602016..., metered=true, defaultNetwork=true}]]
07-06 11:21:26.844  1006  1114 W NetworkStatsRecorder: unknown interfaces [ap0, ccmni-lan, p2p0, wlan0, lo, rndis0, ccmni1], ignoring those stats
07-06 11:21:26.847  1006  1114 I NetworkStatsRecorder: recordSnapshotLocked: ident[[{type=MOBILE, subType=COMBINED, subscriberId=602016..., metered=true, defaultNetwork=true}]]
07-06 11:21:26.848  1006  1114 I chatty  : uid=1000(system) ConnectivitySer identical 24 lines
07-06 11:21:26.849  1006  1114 I NetworkStatsRecorder: recordSnapshotLocked: ident[[{type=MOBILE, subType=COMBINED, subscriberId=602016..., metered=true, defaultNetwork=true}]]
07-06 11:21:26.849  1006  1114 W NetworkStatsRecorder: unknown interfaces [ap0, ccmni-lan, p2p0, wlan0, lo, rndis0, ccmni1], ignoring those stats
07-06 11:21:26.851  1006  1114 I NetworkStatsRecorder: recordSnapshotLocked: ident[[{type=MOBILE, subType=COMBINED, subscriberId=602016..., metered=true, defaultNetwork=true}]]
07-06 11:21:26.851  1006  1114 I chatty  : uid=1000(system) ConnectivitySer identical 6 lines
07-06 11:21:26.851  1006  1114 I NetworkStatsRecorder: recordSnapshotLocked: ident[[{type=MOBILE, subType=COMBINED, subscriberId=602016..., metered=true, defaultNetwork=true}]]
07-06 11:21:26.852  1006  1114 W NetworkStatsRecorder: unknown interfaces [ap0, ccmni-lan, p2p0, wlan0, lo, rndis0, ccmni1], ignoring those stats
07-06 11:21:26.852  1006  1114 D NetworkStatsRecorder: forcePersistLocked() writing for dev
07-06 11:21:26.852  1006  1203 I NetworkStatsRecorder: recordSnapshotLocked: ident[[{type=MOBILE, subType=COMBINED, subscriberId=602016..., metered=true, defaultNetwork=true}]]
07-06 11:21:26.852  1006  1203 W NetworkStatsRecorder: unknown interfaces [ap0, ccmni-lan, p2p0, wlan0, lo, rndis0, ccmni1], ignoring those stats
07-06 11:21:26.860  1006  1114 D NetworkStatsRecorder: forcePersistLocked() writing for xt
07-06 11:21:26.869  1006  1114 I NetworkStats: NetworkIdentity: {type=MOBILE, subType=COMBINED, subscriberId=602016..., metered=true, defaultNetwork=true}
07-06 11:21:26.932  1006  5428 V SettingsProvider: packageValueForCallResult, name = default_CBState_1, value : Bundle[{_track_generation=android.util.MemoryIntArray@73, value=1, _generation_index=0, _generation=540}]
07-06 11:21:26.948  8042  8042 W ContextImpl: Calling a method in the system process without a qualified user: android.app.ContextImpl.startService:1532 android.content.ContextWrapper.startService:664 com.android.cellbroadcastreceiver.CellBroadcastReceiver.startConfigService:272 com.android.cellbroadcastreceiver.CellBroadcastReceiver.onReceiveWithPrivilege:84 com.android.cellbroadcastreceiver.CellBroadcastReceiver.onReceive:64 
07-06 11:21:26.976  1006  2337 D BroadcastQueue: AMS: *** Launch app com.hoffnung/10116 for broadcast Intent { act=android.intent.action.SERVICE_STATE flg=0x1000010 (has extras) } from android/1001
07-06 11:21:26.996  1006  1029 I ActivityManager: Start proc 8062:com.hoffnung/u0a116 for broadcast com.hoffnung/.KeepAliveReceiver
07-06 11:21:27.015  1006  1006 I MWN     : onSignalStrengthsChanged...
07-06 11:21:27.018  1006  1006 I MWN     : network type = 0
07-06 11:21:27.019  1006  1006 I MWN     : mobile type = 10
07-06 11:21:27.019  1006  1006 I MWN     : mSignalStrength.getLevel = 4
07-06 11:21:27.019  1006  1006 I MWN     : Write 0 to node. type=3G mSimExist=true mFlightMode=false
07-06 11:21:27.021  1006  1006 I MWN     : write the value:0 to node successfully.
07-06 11:21:27.122  1006  5428 V SettingsProvider: packageValueForCallResult, name = user_experience, value : Bundle[{_track_generation=android.util.MemoryIntArray@73, value=1, _generation_index=2, _generation=1003}]
07-06 11:21:27.135  1006  2337 D ProcessManager.CC: Dumplicated add package: com.hoffnung to whitelist: 0
07-06 11:21:27.147  1006  2337 D BroadcastQueue: AMS: *** Launch app com.transsion.weathers/10105 for broadcast Intent { act=android.intent.action.SERVICE_STATE flg=0x1000010 (has extras) } from android/1001
07-06 11:21:27.148  1006  2337 I ActivityManager: Killing 6885:com.huawei.appmarket:query/u0a1028 (adj 904): empty #12
07-06 11:21:27.169  1006  1029 I ActivityManager: Start proc 8085:com.transsion.weathers/u0a105 for broadcast com.transsion.weathers/com.rlk.weathers.receiver.UploadCityInfoReceiver
07-06 11:21:27.476  1006  5428 V SettingsProvider: packageValueForCallResult, name = sqlite_compatibility_wal_flags, value : Bundle[{_track_generation=android.util.MemoryIntArray@73, value=, _generation_index=0, _generation=540}]
07-06 11:21:27.478  1006  1426 I ActivityManager: Killing 6009:org.telegram.messenger/u0a164 (adj 904): empty #12
07-06 11:21:27.489  1006  5428 W BroadcastQueue: Background execution not allowed: receiving Intent { act=android.intent.action.DROPBOX_ENTRY_ADDED flg=0x10 (has extras) } to com.google.android.gms/.stats.service.DropBoxEntryAddedReceiver
07-06 11:21:27.492  1006  1025 W BroadcastQueue: Background execution not allowed: receiving Intent { act=android.intent.action.DROPBOX_ENTRY_ADDED flg=0x10 (has extras) } to com.google.android.gms/.chimera.GmsIntentOperationService$PersistentTrustedReceiver
07-06 11:21:27.552  1006  2011 D MtkConnectivityService: ConnectivityService NetworkRequestInfo binderDied(NetworkRequest [ TRACK_DEFAULT id=9696, [ Capabilities: INTERNET&NOT_RESTRICTED&TRUSTED Unwanted:  Uid: 10164] ], android.os.BinderProxy@28e5077)
07-06 11:21:27.552  1006  1114 D MtkConnectivityService: releasing NetworkRequest [ TRACK_DEFAULT id=9696, [ Capabilities: INTERNET&NOT_RESTRICTED&TRUSTED Unwanted:  Uid: 10164] ] (release request)
07-06 11:21:27.597  1006  1025 W BroadcastQueue: Background execution not allowed: receiving Intent { act=android.intent.action.DROPBOX_ENTRY_ADDED flg=0x10 (has extras) } to com.google.android.gms/.stats.service.DropBoxEntryAddedReceiver
07-06 11:21:27.598  1006  1025 W BroadcastQueue: Background execution not allowed: receiving Intent { act=android.intent.action.DROPBOX_ENTRY_ADDED flg=0x10 (has extras) } to com.google.android.gms/.chimera.GmsIntentOperationService$PersistentTrustedReceiver
07-06 11:21:27.935  1006  1029 I ActivityManager: Start proc 8139:com.facebook.katana/u0a1076 for content provider com.facebook.katana/.provider.AttributionIdProvider
07-06 11:21:27.949  1006  5410 D MtkConnectivityService: requestNetwork for uid/pid:10105/8085 NetworkRequest [ TRACK_DEFAULT id=9710, [ Capabilities: INTERNET&NOT_RESTRICTED&TRUSTED Unwanted:  Uid: 10105] ]
07-06 11:21:27.971  1006  5410 I ActivityManager: Killing 6989:com.android.chrome:sandboxed_process0/u0a97i378 (adj 904): empty #12
07-06 11:21:27.981  1006  1039 D ProcessManager.SC: mem= 1376, lowmem=true
07-06 11:21:27.995  1006  5410 W ActivityManager: Scheduling restart of crashed service com.android.chrome/org.chromium.content.app.SandboxedProcessService0 in 1000ms
07-06 11:21:28.011  1006  1032 D KernelUidCpuTimeReader: Removing uids 99381-99381
07-06 11:21:28.012  1006  1032 D KernelUidCpuTimeReader: Removing uids 99382-99382
07-06 11:21:28.056  1006  1025 W BroadcastQueue: Permission Denial: receiving Intent { act=android.intent.action.SUBSCRIPTION_PHONE_STATE flg=0x1000010 (has extras) } to ProcessRecord{6130613 12184:com.transsion.ivoice/u0a112} (pid=12184, uid=10112) requires android.permission.READ_PRIVILEGED_PHONE_STATE due to sender android (uid 1001)
07-06 11:21:28.060  1006  2081 W ContextImpl: Calling a method in the system process without a qualified user: android.app.ContextImpl.sendBroadcastAsUserMultiplePermissions:1054 com.android.server.TelephonyRegistry.broadcastCallStateChanged:1667 com.android.server.TelephonyRegistry.notifyCallStateForPhoneId:837 com.android.internal.telephony.ITelephonyRegistry$Stub.onTransact:122 android.os.Binder.execTransact:731 
07-06 11:21:28.079  1006  2081 I Telecom : : Adding new incoming call with phoneAccountHandle ComponentInfo{com.android.phone/com.android.services.telephony.TelephonyConnectionService}, ***, UserHandle{0}: TSI.aNIC@TjA
07-06 11:21:28.083  1006  2081 I Telecom : PhoneAccountRegistrar: SimCallManager queried, returning: null: TSI.aNIC@TjA
07-06 11:21:28.095  1006  2081 I Telecom : LogUtils: EventRecord added as Call: [TC@96, NEW, null, tel:***********, A, childs(0), has_parent(false), [Capabilities:], [Properties:]]: TSI.aNIC@TjA
07-06 11:21:28.095  1006  2081 I Telecom : Event: RecordEntry TC@96: CREATED, null: TSI.aNIC@TjA
07-06 11:21:28.100  1006  2081 I Telecom : PhoneAccountRegistrar: SimCallManager queried, returning: null: TSI.aNIC@TjA
07-06 11:21:28.100  1006  2081 I Telecom : CreateConnectionProcessor: Trying attempt CallAttemptRecord(ComponentInfo{com.android.phone/com.android.services.telephony.TelephonyConnectionService}, ***, UserHandle{0},ComponentInfo{com.android.phone/com.android.services.telephony.TelephonyConnectionService}, ***, UserHandle{0}): TSI.aNIC@TjA
07-06 11:21:28.102  1006  2081 I Telecom : Event: RecordEntry TC@96: BIND_CS, ComponentInfo{com.android.phone/com.android.services.telephony.TelephonyConnectionService}: TSI.aNIC@TjA
07-06 11:21:28.104  1006  1006 I Telecom : TelecomSystem: CallerInfoAsyncQuery.startQuery number=*** cookie=TSI.aNIC->CILH.sL->CILH.sL@TjA subId=-1: TSI.aNIC->CILH.sL@TjA
07-06 11:21:28.107  1006  1114 D MtkConnectivityService: NetworkAgentInfo [MOBILE (HSPA) - 157] EVENT_NETWORK_INFO_CHANGED, going from CONNECTED to CONNECTED
07-06 11:21:28.115  1006  1006 I Telecom : ServiceBinderConnection: Service bound ComponentInfo{com.android.phone/com.android.services.telephony.TelephonyConnectionService}: SBC.oSC@TjE
07-06 11:21:28.116  1006  1006 I Telecom : Event: RecordEntry TC@96: CS_BOUND, ComponentInfo{com.android.phone/com.android.services.telephony.TelephonyConnectionService}: SBC.oSC@TjE
07-06 11:21:28.119  1006  1006 I Telecom : Event: RecordEntry TC@96: START_CONNECTION, tel:***********: SBC.oSC@TjE
07-06 11:21:28.119  1006  6410 W ActivityManager: Unable to start service Intent { act=com.google.android.gms.leibniz.events.service.START pkg=com.google.android.gms } U=0: not found
07-06 11:21:28.126  1006  5410 W ActivityManager: Unbind failed: could not find connection for android.os.BinderProxy@e8d28dc
07-06 11:21:28.127  1006  6410 I Telecom : PhoneAccountRegistrar: SimCallManager queried, returning: null: (...->CS.aCSA->H.CS.aCSA)->CSW.qRCS@E-E-TjE
07-06 11:21:28.129  1514  1514 I Telephony: MtkGsmCdmaConnection: applyOriginalConnectionCapabilities, supportsDowngradeToAudio=false, capabilities=8650818: (SBC.oSC)->CS.crCo->H.CS.crCo->H.CS.crCo.pICR@E-TjE
07-06 11:21:28.130  1514  1514 I Telephony: MtkGsmCdmaConnection: applyOriginalConnectionCapabilities, supportsDowngradeToAudio=false, capabilities=8650818: (SBC.oSC)->CS.crCo->H.CS.crCo->H.CS.crCo.pICR@E-TjE
07-06 11:21:28.134  1006  1029 I ActivityManager: Start proc 8164:android.process.acore/u0a18 for content provider com.android.providers.contacts/.ContactsProvider2
07-06 11:21:28.134  1514  1514 I Telephony: MtkGsmCdmaConnection: applyOriginalConnectionCapabilities, supportsDowngradeToAudio=false, capabilities=8650818: (SBC.oSC)->CS.crCo->H.CS.crCo->H.CS.crCo.pICR@E-TjE
07-06 11:21:28.135  1514  1514 I Telephony: MtkGsmCdmaConnection: applyOriginalConnectionCapabilities, supportsDowngradeToAudio=false, capabilities=8650818: (SBC.oSC)->CS.crCo->H.CS.crCo->H.CS.crCo.pICR@E-TjE
07-06 11:21:28.138  1514  1514 I Telephony: MtkGsmCdmaConnection: notifySSNotificationToast notiType = 1 type = 0 code = 1 number =  index = 1: (SBC.oSC)->CS.crCo->H.CS.crCo->H.CS.crCo.pICR@E-TjE
07-06 11:21:28.139  1514  1514 I Telephony: MtkGsmCdmaConnection: notifyIncomingInfoUpdate type = 161 alphaid =  cliValidity = 0: (SBC.oSC)->CS.crCo->H.CS.crCo->H.CS.crCo.pICR@E-TjE
07-06 11:21:28.145  1006  6410 I Telecom : Event: RecordEntry TC@96: CAPABILITY_CHANGE, Current: [[ sup_hld mut !v2a spd_aud]], Removed [[]], Added [[ sup_hld mut !v2a spd_aud]]: (...->CS.crCo->H.CS.crCo->H.CS.crCo.pICR)->CSW.hCCC@E-E-TjE
07-06 11:21:28.152  1006  6410 I Telecom : Event: RecordEntry TC@96: FILTERING_INITIATED, null: (...->CS.crCo->H.CS.crCo->H.CS.crCo.pICR)->CSW.hCCC@E-E-TjE
07-06 11:21:28.153  1006  6410 I Telecom : Event: RecordEntry TC@96: DIRECT_TO_VM_INITIATED, null: (...->CS.crCo->H.CS.crCo->H.CS.crCo.pICR)->CSW.hCCC@E-E-TjE
07-06 11:21:28.153  1006  6410 I Telecom : CallerInfoLookupHelper: There is a previously incomplete query for handle tel:***********. Adding to listeners for this query.: (...->CS.crCo->H.CS.crCo->H.CS.crCo.pICR)->CSW.hCCC@E-E-TjE
07-06 11:21:28.159  1006  6410 I Telecom : Event: RecordEntry TC@96: SCREENING_SENT, null: (...->CS.crCo->H.CS.crCo->H.CS.crCo.pICR)->CSW.hCCC@E-E-TjE
07-06 11:21:28.161  1006  6410 I Telecom : CallScreeningServiceFilter: There are no call screening services installed on this device.: (...->CS.crCo->H.CS.crCo->H.CS.crCo.pICR)->CSW.hCCC@E-E-TjE
07-06 11:21:28.161  1006  6410 I Telecom : CallScreeningServiceFilter: Could not bind to call screening service: (...->CS.crCo->H.CS.crCo->H.CS.crCo.pICR)->CSW.hCCC@E-E-TjE
07-06 11:21:28.161  1006  8183 I Telecom : Event: RecordEntry TC@96: BLOCK_CHECK_INITIATED, null: (...->CS.crCo->H.CS.crCo->H.CS.crCo.pICR)->CSW.hCCC->ABCF.dIB@E-E-TjE
07-06 11:21:28.162  1006  6410 I Telecom : Event: RecordEntry TC@96: SCREENING_COMPLETED, [Allow, logged, notified]: (...->CS.crCo->H.CS.crCo->H.CS.crCo.pICR)->CSW.hCCC@E-E-TjE
07-06 11:21:28.164  1514  1514 I Telephony: TelephonyConnectionService: notifyCreateConnectionComplete TC@96_1: (...->CSW.hCCC)->CS.crCoC->H.CS.crCoC@E-E-E-TjE
07-06 11:21:28.164  1006  6410 I Telecom : Event: RecordEntry TC@96: CONNECTION_EVENT, mediatek.telecom.event.SS_NOTIFICATION: (...->CS.crCo->H.CS.crCo->H.CS.crCo.pICR)->CSW.oCE@E-E-TjE
07-06 11:21:28.173 18572 21767 E ActivityThread: Failed to find provider info for com.transsion.phonemanager.provider.Server
07-06 11:21:28.186  1006  2081 I Telecom : Event: RecordEntry TC@96: CONNECTION_EVENT, mediatek.telecom.event.INCOMING_INFO_UPDATED: (...->CS.crCo->H.CS.crCo->H.CS.crCo.pICR)->CSW.oCE@E-E-TjE
07-06 11:21:28.276 18572 21767 E ActivityThread: Failed to find provider info for com.transsion.phonemanager.provider.Server
07-06 11:21:28.292  1006  2011 V SettingsProvider: packageValueForCallResult, name = null, value : Bundle[{_track_generation=android.util.MemoryIntArray@73, value=null, _generation_index=0, _generation=540}]
07-06 11:21:28.385  1006  6410 V SettingsProvider: packageValueForCallResult, name = android_id, value : Bundle[{_track_generation=android.util.MemoryIntArray@73, value=88ecfee1882ce7e7, _generation_index=1, _generation=182}]
07-06 11:21:28.446  1006  1006 I Telecom : Event: RecordEntry TC@96: BLOCK_CHECK_FINISHED, [Allow, logged, notified]: (...->CS.crCo->H.CS.crCo->H.CS.crCo.pICR)->CSW.hCCC->ABCF.oPE@E-E-TjE
07-06 11:21:28.487  1006  1039 D DeepClean: Pre kill proc[ N:com.transsion.weathers,P:com.transsion.weathers,A:900,S:18,FA:false,FS:false,TP:cch-empty,PS:0]
07-06 11:21:28.487  1006  1039 D DeepClean: Pre kill proc[ N:com.android.cellbroadcastreceiver,P:com.android.cellbroadcastreceiver,A:902,S:18,FA:false,FS:false,TP:cch-empty,PS:0]
07-06 11:21:28.487  1006  1039 D ProcessManager: Get SplitScreen App:null
07-06 11:21:28.487  1006  1039 D ProcessManager: Force kill ProcessRecord{5c10523 8085:com.transsion.weathers/u0a105}
07-06 11:21:28.487  1006  1039 I ActivityManager: Killing 8085:com.transsion.weathers/u0a105 (adj 900): force kill
07-06 11:21:28.492  1006  1039 D ProcessManager: Force kill ProcessRecord{4c4cc37 8042:com.android.cellbroadcastreceiver/1000}
07-06 11:21:28.492  1006  1039 D ActivityManager: *Ignore deepRemove jobs & alarms for com.android.cellbroadcastreceiver/1000
07-06 11:21:28.492  1006  1039 I ActivityManager: Killing 8042:com.android.cellbroadcastreceiver/1000 (adj 902): force kill
07-06 11:21:28.541  1006  1006 I Telecom : CallerInfoLookupHelper: CI query for handle tel:*********** has completed; notifying all listeners.: TSI.aNIC->CILH.sL->CILH.oQC@TjA
07-06 11:21:28.542  1006  1006 I Telecom : Call: CallerInfo received for tel:***********: com.mediatek.internal.telephony.MtkCallerInfo@595b810 { name non-null, phoneNumber non-null }: TSI.aNIC->CILH.sL->CILH.oQC@TjA
07-06 11:21:28.542  1006  1006 I Telecom : Event: RecordEntry TC@96: DIRECT_TO_VM_FINISHED, [Allow, logged, notified]: TSI.aNIC->CILH.sL->CILH.oQC@TjA
07-06 11:21:28.543  1006  1006 I Telecom : CallerInfoLookupHelper: There is no photo for this contact, skipping photo query: TSI.aNIC->CILH.sL->CILH.oQC@TjA
07-06 11:21:28.545  1006  1006 I Telecom : Event: RecordEntry TC@96: FILTERING_COMPLETED, [Allow, logged, notified]: TSI.aNIC->CILH.sL->CILH.oQC->ICF.oCFC@TjA
07-06 11:21:28.548  1006  1006 I Telecom : CallsManager: setCallState NEW -> RINGING, call: [TC@96, NEW, com.android.phone/com.android.services.telephony.TelephonyConnectionService, tel:***********, A, childs(0), has_parent(false), [Capabilities: CAPABILITY_SUPPORT_HOLD CAPABILITY_MUTE CAPABILITY_CANNOT_DOWNGRADE_VIDEO_TO_AUDIO CAPABILITY_SPEED_UP_MT_AUDIO], [Properties:]]: TSI.aNIC->CILH.sL->CILH.oQC->ICF.oCFC@TjA
07-06 11:21:28.561  1006  1006 I Telecom : Event: RecordEntry TC@96: SET_RINGING, successful incoming call: TSI.aNIC->CILH.sL->CILH.oQC->ICF.oCFC@TjA
07-06 11:21:28.568  1006  1006 I Telecom : InCallController: onCallAdded: [TC@96, RINGING, com.android.phone/com.android.services.telephony.TelephonyConnectionService, tel:***********, A, childs(0), has_parent(false), [Capabilities: CAPABILITY_SUPPORT_HOLD CAPABILITY_MUTE CAPABILITY_CANNOT_DOWNGRADE_VIDEO_TO_AUDIO CAPABILITY_SPEED_UP_MT_AUDIO], [Properties:]]; not bound or connected.: TSI.aNIC->CILH.sL->CILH.oQC->ICF.oCFC@TjA
07-06 11:21:28.570  1006  1006 I Telecom : InCallController: defaultDialer: null: TSI.aNIC->CILH.sL->CILH.oQC->ICF.oCFC@TjA
07-06 11:21:28.570  1006  1006 I Telecom : InCallController: defaultDialer: null: TSI.aNIC->CILH.sL->CILH.oQC->ICF.oCFC@TjA
07-06 11:21:28.571  1006  1006 I Telecom : CarSwappingInCallServiceConnection: carmodechange: false => false: TSI.aNIC->CILH.sL->CILH.oQC->ICF.oCFC@TjA
07-06 11:21:28.572  1006  1006 I Telecom : EmergencyCallHelper: ShouldGrantTemporaryLocationPermission, disabled by config: TSI.aNIC->CILH.sL->CILH.oQC->ICF.oCFC@TjA
07-06 11:21:28.572  1006  1006 I Telecom : EmergencyInCallServiceConnection: Attempting to bind to InCall [ComponentInfo{com.android.incallui/com.android.incallui.InCallServiceImpl} supportsExternal? true supportsSelfMg?false], with Intent { act=android.telecom.InCallService cmp=com.android.incallui/.InCallServiceImpl }: TSI.aNIC->CILH.sL->CILH.oQC->ICF.oCFC@TjA
07-06 11:21:28.573  1006  1006 D ActivityManager: AMS: *** Launch app com.android.incallui/1000 for service Intent { act=android.telecom.InCallService cmp=com.android.incallui/.InCallServiceImpl }, from android/1000.
07-06 11:21:28.589  1006  6410 D MtkConnectivityService: ConnectivityService NetworkRequestInfo binderDied(NetworkRequest [ TRACK_DEFAULT id=9710, [ Capabilities: INTERNET&NOT_RESTRICTED&TRUSTED Unwanted:  Uid: 10105] ], android.os.BinderProxy@c06453c)
