--------- beginning of system
07-06 11:16:15.531  1006  1006 I MWN     : Write 0 to node. type=4G mSimExist=true mFlightMode=false
07-06 11:16:15.532  1006  1006 I MWN     : write the value:0 to node successfully.
07-06 11:16:17.958  1006  1039 D ProcessManager.SC: mem= 1316, lowmem=true
07-06 11:16:18.085  1006  1006 I MWN     : onSignalStrengthsChanged...
07-06 11:16:18.089  1006  1006 I MWN     : network type = 0
07-06 11:16:18.090  1006  1006 I MWN     : mobile type = 13
07-06 11:16:18.090  1006  1006 I MWN     : Write 0 to node. type=4G mSimExist=true mFlightMode=false
07-06 11:16:18.091  1006  1006 I MWN     : write the value:0 to node successfully.
07-06 11:16:18.462  1006  1039 D ProcessManager: Get SplitScreen App:null
07-06 11:16:20.645  1006  1006 I MWN     : onSignalStrengthsChanged...
07-06 11:16:20.648  1006  1006 I MWN     : network type = 0
07-06 11:16:20.649  1006  1006 I MWN     : mobile type = 13
07-06 11:16:20.650  1006  1006 I MWN     : Write 0 to node. type=4G mSimExist=true mFlightMode=false
07-06 11:16:20.651  1006  1006 I MWN     : write the value:0 to node successfully.
07-06 11:16:20.990  1006  1039 D ProcessManager.SC: mem= 1317, lowmem=true
07-06 11:16:21.494  1006  1039 D ProcessManager: Get SplitScreen App:null
07-06 11:16:23.205  1006  1006 I MWN     : onSignalStrengthsChanged...
07-06 11:16:23.208  1006  1006 I MWN     : network type = 0
07-06 11:16:23.209  1006  1006 I MWN     : mobile type = 13
07-06 11:16:23.209  1006  1006 I MWN     : Write 0 to node. type=4G mSimExist=true mFlightMode=false
07-06 11:16:23.210  1006  1006 I MWN     : write the value:0 to node successfully.
07-06 11:16:24.022  1006  1039 D ProcessManager.SC: mem= 1307, lowmem=true
07-06 11:16:24.526  1006  1039 D DeepClean: Pre kill proc[ N:com.facebook.system,P:com.facebook.system,A:900,S:18,FA:false,FS:false,TP:cch-empty,PS:0]
07-06 11:16:24.526  1006  1039 D ProcessManager: Get SplitScreen App:null
07-06 11:16:24.526  1006  1039 D ProcessManager: Force kill ProcessRecord{26cf8c2 7500:com.facebook.system/u0a25}
07-06 11:16:24.527  1006  1039 I ActivityManager: Killing 7500:com.facebook.system/u0a25 (adj 900): force kill
07-06 11:16:25.768  1006  1006 I MWN     : onSignalStrengthsChanged...
07-06 11:16:25.771  1006  1006 I MWN     : network type = 0
07-06 11:16:25.773  1006  1006 I MWN     : mobile type = 13
07-06 11:16:25.773  1006  1006 I MWN     : Write 0 to node. type=4G mSimExist=true mFlightMode=false
07-06 11:16:25.775  1006  1006 I MWN     : write the value:0 to node successfully.
07-06 11:16:27.058  1006  1039 D ProcessManager.SC: mem= 1300, lowmem=true
07-06 11:16:27.563  1006  1039 D ProcessManager: Get SplitScreen App:null
07-06 11:16:28.326  1006  1006 I MWN     : onSignalStrengthsChanged...
07-06 11:16:28.331  1006  1006 I MWN     : network type = 0
07-06 11:16:28.333  1006  1006 I MWN     : mobile type = 13
07-06 11:16:28.333  1006  1006 I MWN     : Write 0 to node. type=4G mSimExist=true mFlightMode=false
07-06 11:16:28.334  1006  1006 I MWN     : write the value:0 to node successfully.
07-06 11:16:30.089  1006  1039 D ProcessManager.SC: mem= 1301, lowmem=true
07-06 11:16:30.593  1006  1039 D ProcessManager: Get SplitScreen App:null
07-06 11:16:30.885  1006  1006 I MWN     : onSignalStrengthsChanged...
07-06 11:16:30.888  1006  1006 I MWN     : network type = 0
07-06 11:16:30.889  1006  1006 I MWN     : mobile type = 13
07-06 11:16:30.889  1006  1006 I MWN     : Write 0 to node. type=4G mSimExist=true mFlightMode=false
07-06 11:16:30.891  1006  1006 I MWN     : write the value:0 to node successfully.
07-06 11:16:33.120  1006  1039 D ProcessManager.SC: mem= 1304, lowmem=true
07-06 11:16:33.444  1006  1006 I MWN     : onSignalStrengthsChanged...
07-06 11:16:33.447  1006  1006 I MWN     : network type = 0
07-06 11:16:33.448  1006  1006 I MWN     : mobile type = 13
07-06 11:16:33.448  1006  1006 I MWN     : Write 0 to node. type=4G mSimExist=true mFlightMode=false
07-06 11:16:33.450  1006  1006 I MWN     : write the value:0 to node successfully.
07-06 11:16:33.624  1006  1039 D ProcessManager: Get SplitScreen App:null
07-06 11:16:36.005  1006  1006 I MWN     : onSignalStrengthsChanged...
07-06 11:16:36.008  1006  1006 I MWN     : network type = 0
07-06 11:16:36.009  1006  1006 I MWN     : mobile type = 13
07-06 11:16:36.010  1006  1006 I MWN     : Write 0 to node. type=4G mSimExist=true mFlightMode=false
07-06 11:16:36.011  1006  1006 I MWN     : write the value:0 to node successfully.
07-06 11:16:36.201  1006  1039 D ProcessManager.SC: mem= 1304, lowmem=true
07-06 11:16:36.678   569   712 E storaged: getDiskStats failed with result NOT_SUPPORTED and size 0
07-06 11:16:36.707  1006  1039 D ProcessManager: Get SplitScreen App:null
07-06 11:16:38.566  1006  1006 I MWN     : onSignalStrengthsChanged...
07-06 11:16:38.569  1006  1006 I MWN     : network type = 0
07-06 11:16:38.571  1006  1006 I MWN     : mobile type = 13
07-06 11:16:38.571  1006  1006 I MWN     : Write 0 to node. type=4G mSimExist=true mFlightMode=false
07-06 11:16:38.572  1006  1006 I MWN     : write the value:0 to node successfully.
07-06 11:16:39.235  1006  1039 D ProcessManager.SC: mem= 1322, lowmem=true
07-06 11:16:39.739  1006  1039 D ProcessManager: Get SplitScreen App:null
07-06 11:16:41.125  1006  1006 I MWN     : onSignalStrengthsChanged...
07-06 11:16:41.128  1006  1006 I MWN     : network type = 0
07-06 11:16:41.129  1006  1006 I MWN     : mobile type = 13
07-06 11:16:41.129  1006  1006 I MWN     : Write 0 to node. type=4G mSimExist=true mFlightMode=false
07-06 11:16:41.131  1006  1006 I MWN     : write the value:0 to node successfully.
07-06 11:16:42.265  1006  1039 D ProcessManager.SC: mem= 1322, lowmem=true
07-06 11:16:42.769  1006  1039 D ProcessManager: Get SplitScreen App:null
07-06 11:16:43.687  1006  1006 I MWN     : onSignalStrengthsChanged...
07-06 11:16:43.691  1006  1006 I MWN     : network type = 0
07-06 11:16:43.693  1006  1006 I MWN     : mobile type = 13
07-06 11:16:43.693  1006  1006 I MWN     : Write 0 to node. type=4G mSimExist=true mFlightMode=false
07-06 11:16:43.694  1006  1006 I MWN     : write the value:0 to node successfully.
07-06 11:16:45.297  1006  1039 D ProcessManager.SC: mem= 1316, lowmem=true
07-06 11:16:45.801  1006  1039 D ProcessManager: Get SplitScreen App:null
07-06 11:16:46.246  1006  1006 I MWN     : onSignalStrengthsChanged...
07-06 11:16:46.249  1006  1006 I MWN     : network type = 0
07-06 11:16:46.250  1006  1006 I MWN     : mobile type = 13
07-06 11:16:46.250  1006  1006 I MWN     : Write 0 to node. type=4G mSimExist=true mFlightMode=false
07-06 11:16:46.251  1006  1006 I MWN     : write the value:0 to node successfully.
07-06 11:16:48.329  1006  1039 D ProcessManager.SC: mem= 1317, lowmem=true
07-06 11:16:48.764  1006  1006 I MWN     : onSignalStrengthsChanged...
07-06 11:16:48.767  1006  1006 I MWN     : network type = 0
07-06 11:16:48.768  1006  1006 I MWN     : mobile type = 13
07-06 11:16:48.768  1006  1006 I MWN     : Write 0 to node. type=4G mSimExist=true mFlightMode=false
07-06 11:16:48.770  1006  1006 I MWN     : write the value:0 to node successfully.
07-06 11:16:48.834  1006  1039 D ProcessManager: Get SplitScreen App:null
07-06 11:16:51.361  1006  1039 D ProcessManager.SC: mem= 1317, lowmem=true
07-06 11:16:51.365  1006  1006 I MWN     : onSignalStrengthsChanged...
07-06 11:16:51.369  1006  1006 I MWN     : network type = 0
07-06 11:16:51.370  1006  1006 I MWN     : mobile type = 13
07-06 11:16:51.370  1006  1006 I MWN     : Write 0 to node. type=4G mSimExist=true mFlightMode=false
07-06 11:16:51.371  1006  1006 I MWN     : write the value:0 to node successfully.
07-06 11:16:51.865  1006  1039 D ProcessManager: Get SplitScreen App:null
07-06 11:16:52.293  1006  1584 I ActivityManager: Force stopping el.mobarmeg.ring_sizer appid=11134 user=0: from pid 7600
07-06 11:16:52.293  1006  1584 I ActivityManager: Killing 6231:el.mobarmeg.ring_sizer/u0a1134 (adj 0): stop el.mobarmeg.ring_sizer
07-06 11:16:52.302  1006  1584 W ActivityManager: Force removing ActivityRecord{9f24566 u0 el.mobarmeg.ring_sizer/el.mobarmeg.ring_size.MainActivity t438}: app died, no saved state
07-06 11:16:52.305  1006  1584 D MitePluginAppLockWMImpl: MID_SERVICE_WM_AppWindowToken_setVisibility awToken:AppWindowToken{c85e954 token=Token{30d0a7 ActivityRecord{9f24566 u0 el.mobarmeg.ring_sizer/el.mobarmeg.ring_size.MainActivity t438}}} visible:false
07-06 11:16:52.306  1006  1584 D MitePluginAppLockWMImpl: task.getTopVisibleAppToken:null
07-06 11:16:52.315  1006  1584 V WindowManager: Changing focus from Window{956218 u0 el.mobarmeg.ring_sizer/el.mobarmeg.ring_size.MainActivity} to null Callers=com.android.server.wm.AppWindowToken.setVisibility:489 com.android.server.wm.AppWindowToken.onRemovedFromDisplay:659 com.android.server.wm.DisplayContent.removeAppToken:928 com.android.server.wm.AppWindowContainerController.removeContainer:280 
07-06 11:16:52.316  1006  1584 D WindowManager: Input focus has changed to null
07-06 11:16:52.326  1006  1584 V WindowManager: Removing focused app token:AppWindowToken{c85e954 token=Token{30d0a7 ActivityRecord{9f24566 u0 el.mobarmeg.ring_sizer/el.mobarmeg.ring_size.MainActivity t438}}}
07-06 11:16:52.326  1006  1038 I WindowManager: Focus moving from Window{956218 u0 el.mobarmeg.ring_sizer/el.mobarmeg.ring_size.MainActivity} to null
07-06 11:16:52.352  1006  1584 V WindowManager: Set focused app to: AppWindowToken{5eab2bf token=Token{22c80de ActivityRecord{6c04819 u0 com.transsion.XOSLauncher/com.android.launcher3.Launcher t2}}} old focus=null moveFocusNow=true
07-06 11:16:52.354  1006  1584 D ProcessManager: After resumed : com.transsion.XOSLauncher
07-06 11:16:52.356  1006  1584 D MitePluginAppLockImpl: MID_SERVICE_AM_RESUME_ACTIVITY_1ActivityRecord{6c04819 u0 com.transsion.XOSLauncher/com.android.launcher3.Launcher t2}, false
07-06 11:16:52.357  1006  1584 D AppLockDelegatorImpl: appLockCheck: 
07-06 11:16:52.363  1006  1584 I PowerMonitorHookServer: stop app:el.mobarmeg.ring_sizer
07-06 11:16:52.363  1006  1584 I PowerMonitorHookServer: start app:com.transsion.XOSLauncher
07-06 11:16:52.367  1543  1579 I PowerMonitorNew: a whole scenario, scenario:el.mobarmeg.ring_sizer, start-stop:402155654-402285684,duration:130030, current:0, currentconvert4V:0,currentWoBL:0,consumecoul:0,batterytime:0, conpower:0,avgsignal:400,avgDatatype:400
07-06 11:16:52.367  1543  1579 I PowerMonitorNew: exitScenario not save scenario true
07-06 11:16:52.369  1006  1584 I ActivityManager: Killing 7261:com.android.chrome:sandboxed_process0/u0a1134i380 (adj 0): isolated not needed
07-06 11:16:52.392  1006  1025 W BroadcastQueue: Background execution not allowed: receiving Intent { act=android.intent.action.PACKAGE_RESTARTED dat=package:el.mobarmeg.ring_sizer flg=0x10 (has extras) } to com.transsion.powercenter/.receiver.PackageRestartReceiver
07-06 11:16:52.404  1006  8433 W ActivityManager: Permission Denial: Accessing service ComponentInfo{com.emeint.android.myservices/com.vodafone.netperform.runtime.NetPerformService} from pid=1514, uid=1001 that is not exported from uid 10948
07-06 11:16:52.405  1006  2083 W ActivityManager: Unbind failed: could not find connection for android.os.BinderProxy@836fda0
07-06 11:16:52.412  1006  1584 D MtkConnectivityService: ConnectivityService NetworkRequestInfo binderDied(NetworkRequest [ LISTEN id=9707, [ Transports: CELLULAR|WIFI|ETHERNET Capabilities: NOT_RESTRICTED&TRUSTED&NOT_VPN&FOREGROUND Unwanted:  Uid: 11134] ], android.os.BinderProxy@a70ed59)
07-06 11:16:52.413  1006  2081 D MtkConnectivityService: ConnectivityService NetworkRequestInfo binderDied(NetworkRequest [ TRACK_DEFAULT id=9705, [ Capabilities: INTERNET&NOT_RESTRICTED&TRUSTED Unwanted:  Uid: 11134] ], android.os.BinderProxy@63c5d1e)
07-06 11:16:52.414  1006  2091 D MtkConnectivityService: ConnectivityService NetworkRequestInfo binderDied(NetworkRequest [ LISTEN id=9706, [ Transports: CELLULAR|WIFI|ETHERNET Capabilities: NOT_RESTRICTED&TRUSTED&NOT_VPN&FOREGROUND Unwanted:  Uid: 11134] ], android.os.BinderProxy@f46f9ff)
07-06 11:16:52.414  1006  1114 D MtkConnectivityService: releasing NetworkRequest [ TRACK_DEFAULT id=9705, [ Capabilities: INTERNET&NOT_RESTRICTED&TRUSTED Unwanted:  Uid: 11134] ] (release request)
07-06 11:16:52.414  1006  1038 W ActivityManager: setHasOverlayUi called on unknown pid: 6231
07-06 11:16:52.483  1006  1420 I WindowManager: Relayout Window{90d5d4 u0 com.transsion.XOSLauncher/com.android.launcher3.Launcher}: oldVis=4 newVis=0 focusMayChange = true
07-06 11:16:52.489  1006  1420 V WindowManager: Changing focus from null to Window{90d5d4 u0 com.transsion.XOSLauncher/com.android.launcher3.Launcher} Callers=com.android.server.wm.WindowManagerService.relayoutWindow:2238 com.android.server.wm.Session.relayout:245 android.view.IWindowSession$Stub.onTransact:309 com.android.server.wm.Session.onTransact:165 
07-06 11:16:52.489  1006  1420 D WindowManager: Input focus has changed to Window{90d5d4 u0 com.transsion.XOSLauncher/com.android.launcher3.Launcher}
07-06 11:16:52.490  1006  1038 I WindowManager: Focus moving from null to Window{90d5d4 u0 com.transsion.XOSLauncher/com.android.launcher3.Launcher}
07-06 11:16:52.575  1006  1082 D MitePluginAppLockWMImpl: MID_SERVICE_WM_AppWindowToken_setVisibility awToken:AppWindowToken{5eab2bf token=Token{22c80de ActivityRecord{6c04819 u0 com.transsion.XOSLauncher/com.android.launcher3.Launcher t2}}} visible:true
07-06 11:16:52.577  1006  1082 D WindowManager: mKeyguardOccludedChanged=false
07-06 11:16:52.860  1006  1039 D ProcessManager: Get SplitScreen App:null
07-06 11:16:53.925  1006  1006 I MWN     : onSignalStrengthsChanged...
07-06 11:16:53.929  1006  1006 I MWN     : network type = 0
07-06 11:16:53.930  1006  1006 I MWN     : mobile type = 13
07-06 11:16:53.930  1006  1006 I MWN     : Write 0 to node. type=4G mSimExist=true mFlightMode=false
07-06 11:16:53.931  1006  1006 I MWN     : write the value:0 to node successfully.
07-06 11:16:56.566  1006  1006 I MWN     : onSignalStrengthsChanged...
07-06 11:16:56.569  1006  1006 I MWN     : network type = 0
07-06 11:16:56.570  1006  1006 I MWN     : mobile type = 13
07-06 11:16:56.571  1006  1006 I MWN     : Write 0 to node. type=4G mSimExist=true mFlightMode=false
07-06 11:16:56.572  1006  1006 I MWN     : write the value:0 to node successfully.
07-06 11:16:59.085  1006  1006 I MWN     : onSignalStrengthsChanged...
07-06 11:16:59.088  1006  1006 I MWN     : network type = 0
07-06 11:16:59.089  1006  1006 I MWN     : mobile type = 13
07-06 11:16:59.089  1006  1006 I MWN     : Write 0 to node. type=4G mSimExist=true mFlightMode=false
07-06 11:16:59.090  1006  1006 I MWN     : write the value:0 to node successfully.
07-06 11:17:00.002  1006  1093 D ActivityManager: AMS: *** Launch app com.transsion.powercenter/1000 for service Intent { cmp=com.transsion.powercenter/.service.PowerRankService }, from com.transsion.XOSLauncher/10079.
07-06 11:17:00.008  1543  1579 I PowerMonitorNew: enter scenario: com.transsion.XOSLauncher,start coul:-14419
07-06 11:17:00.020  1006  1029 I ActivityManager: Start proc 7612:com.transsion.powercenter/1000 for service com.transsion.powercenter/.service.PowerRankService
07-06 11:17:00.128  7612  7612 W ContextImpl: Calling a method in the system process without a qualified user: android.app.ContextImpl.startForegroundService:1538 android.content.ContextWrapper.startForegroundService:669 com.transsion.powercenter.PowerCenterApplication.onCreate:62 android.app.Instrumentation.callApplicationOnCreate:1154 android.app.ActivityThread.handleBindApplication:6016 
07-06 11:17:00.134  7612  7627 W ContextImpl: Calling a method in the system process without a qualified user: android.app.ContextImpl.bindService:1612 android.content.ContextWrapper.bindService:698 com.transsion.core.a.a.a:61 com.transsion.core.a.b$1.run:68 java.lang.Thread.run:764 
07-06 11:17:00.140  1006  1025 E NotificationService: Suppressing notification from package by user request.
07-06 11:17:00.154  1006  8433 V SettingsProvider: packageValueForCallResult, name = sqlite_compatibility_wal_flags, value : Bundle[{_track_generation=android.util.MemoryIntArray@73, value=, _generation_index=0, _generation=540}]
07-06 11:17:00.169  7612  7628 W ContextImpl: Calling a method in the system process without a qualified user: android.app.ContextImpl.bindService:1612 android.content.ContextWrapper.bindService:698 a.b.a.h.a.a:16 a.b.a.b.d.d:6 a.b.a.b.d.c:26 
07-06 11:17:00.240  1006  1032 E BatteryExternalStatsWorker: no controller energy info supplied for wifi
07-06 11:17:00.240  1006  1032 E BatteryExternalStatsWorker: no controller energy info supplied for bluetooth
07-06 11:17:00.470  1006  1039 D ProcessManager.SC: mem= 1529, lowmem=true
07-06 11:17:01.605  1006  1006 I MWN     : onSignalStrengthsChanged...
07-06 11:17:01.608  1006  1006 I MWN     : network type = 0
07-06 11:17:01.609  1006  1006 I MWN     : mobile type = 13
07-06 11:17:01.609  1006  1006 I MWN     : Write 0 to node. type=4G mSimExist=true mFlightMode=false
07-06 11:17:01.610  1006  1006 I MWN     : write the value:0 to node successfully.
07-06 11:17:03.505  1006  1039 D ProcessManager.SC: mem= 1512, lowmem=true
07-06 11:17:04.010  1006  1039 D ProcessManager: Get SplitScreen App:null
07-06 11:17:04.164  1006  1006 I MWN     : onSignalStrengthsChanged...
07-06 11:17:04.167  1006  1006 I MWN     : network type = 0
07-06 11:17:04.167  1006  1006 I MWN     : mobile type = 13
07-06 11:17:04.167  1006  1006 I MWN     : Write 0 to node. type=4G mSimExist=true mFlightMode=false
07-06 11:17:04.168  1006  1006 I MWN     : write the value:0 to node successfully.
07-06 11:17:06.536  1006  1039 D ProcessManager.SC: mem= 1515, lowmem=true
07-06 11:17:06.705  1006  1006 I MWN     : onSignalStrengthsChanged...
07-06 11:17:06.708  1006  1006 I MWN     : network type = 0
07-06 11:17:06.709  1006  1006 I MWN     : mobile type = 13
07-06 11:17:06.709  1006  1006 I MWN     : Write 0 to node. type=4G mSimExist=true mFlightMode=false
07-06 11:17:06.710  1006  1006 I MWN     : write the value:0 to node successfully.
07-06 11:17:07.042  1006  1039 D ProcessManager: Get SplitScreen App:null
07-06 11:17:09.284  1006  1006 I MWN     : onSignalStrengthsChanged...
07-06 11:17:09.287  1006  1006 I MWN     : network type = 0
07-06 11:17:09.287  1006  1006 I MWN     : mobile type = 13
07-06 11:17:09.287  1006  1006 I MWN     : Write 0 to node. type=4G mSimExist=true mFlightMode=false
07-06 11:17:09.288  1006  1006 I MWN     : write the value:0 to node successfully.
07-06 11:17:09.567  1006  1039 D ProcessManager.SC: mem= 1514, lowmem=true
07-06 11:17:10.071  1006  1039 D ProcessManager: Get SplitScreen App:null
07-06 11:17:11.847  1006  1006 I MWN     : onSignalStrengthsChanged...
07-06 11:17:11.851  1006  1006 I MWN     : network type = 0
07-06 11:17:11.851  1006  1006 I MWN     : mobile type = 13
07-06 11:17:11.852  1006  1006 I MWN     : Write 0 to node. type=4G mSimExist=true mFlightMode=false
07-06 11:17:11.853  1006  1006 I MWN     : write the value:0 to node successfully.
07-06 11:17:12.597  1006  1039 D ProcessManager.SC: mem= 1514, lowmem=true
07-06 11:17:13.102  1006  1039 D ProcessManager: Get SplitScreen App:null
07-06 11:17:14.404  1006  1006 I MWN     : onSignalStrengthsChanged...
07-06 11:17:14.407  1006  1006 I MWN     : network type = 0
07-06 11:17:14.407  1006  1006 I MWN     : mobile type = 13
07-06 11:17:14.407  1006  1006 I MWN     : Write 0 to node. type=4G mSimExist=true mFlightMode=false
07-06 11:17:14.408  1006  1006 I MWN     : write the value:0 to node successfully.
07-06 11:17:15.628  1006  1039 D ProcessManager.SC: mem= 1513, lowmem=true
07-06 11:17:16.133  1006  1039 D ProcessManager: Get SplitScreen App:null
07-06 11:17:16.965  1006  1006 I MWN     : onSignalStrengthsChanged...
07-06 11:17:16.968  1006  1006 I MWN     : network type = 0
07-06 11:17:16.969  1006  1006 I MWN     : mobile type = 13
07-06 11:17:16.969  1006  1006 I MWN     : Write 0 to node. type=4G mSimExist=true mFlightMode=false
07-06 11:17:16.970  1006  1006 I MWN     : write the value:0 to node successfully.
07-06 11:17:17.211  1006  2081 V SettingsProvider: name : radio.data.stall.recovery.action0 appId : 1001
07-06 11:17:17.211  1006  2081 V SettingsProvider: Package name : com.android.phone privateFlags : 1050728
07-06 11:17:18.661  1006  1039 D ProcessManager.SC: mem= 1514, lowmem=true
07-06 11:17:19.166  1006  1039 D ProcessManager: Get SplitScreen App:null
07-06 11:17:19.524  1006  1006 I MWN     : onSignalStrengthsChanged...
07-06 11:17:19.527  1006  1006 I MWN     : network type = 0
07-06 11:17:19.528  1006  1006 I MWN     : mobile type = 13
07-06 11:17:19.528  1006  1006 I MWN     : Write 0 to node. type=4G mSimExist=true mFlightMode=false
07-06 11:17:19.529  1006  1006 I MWN     : write the value:0 to node successfully.
07-06 11:17:21.691  1006  1039 D ProcessManager.SC: mem= 1513, lowmem=true
07-06 11:17:22.085  1006  1006 I MWN     : onSignalStrengthsChanged...
07-06 11:17:22.088  1006  1006 I MWN     : network type = 0
07-06 11:17:22.089  1006  1006 I MWN     : mobile type = 13
07-06 11:17:22.089  1006  1006 I MWN     : Write 0 to node. type=4G mSimExist=true mFlightMode=false
07-06 11:17:22.090  1006  1006 I MWN     : write the value:0 to node successfully.
07-06 11:17:22.196  1006  1039 D ProcessManager: Get SplitScreen App:null
07-06 11:17:24.645  1006  1006 I MWN     : onSignalStrengthsChanged...
07-06 11:17:24.649  1006  1006 I MWN     : network type = 0
07-06 11:17:24.650  1006  1006 I MWN     : mobile type = 13
07-06 11:17:24.650  1006  1006 I MWN     : Write 0 to node. type=4G mSimExist=true mFlightMode=false
07-06 11:17:24.651  1006  1006 I MWN     : write the value:0 to node successfully.
07-06 11:17:24.722  1006  1039 D ProcessManager.SC: mem= 1514, lowmem=true
07-06 11:17:25.227  1006  1039 D ProcessManager: Get SplitScreen App:null
07-06 11:17:27.205  1006  1006 I MWN     : onSignalStrengthsChanged...
07-06 11:17:27.208  1006  1006 I MWN     : network type = 0
07-06 11:17:27.209  1006  1006 I MWN     : mobile type = 13
07-06 11:17:27.209  1006  1006 I MWN     : Write 0 to node. type=4G mSimExist=true mFlightMode=false
07-06 11:17:27.210  1006  1006 I MWN     : write the value:0 to node successfully.
07-06 11:17:27.753  1006  1039 D ProcessManager.SC: mem= 1513, lowmem=true
07-06 11:17:28.258  1006  1039 D ProcessManager: Get SplitScreen App:null
07-06 11:17:29.763  1006  1006 I MWN     : onSignalStrengthsChanged...
07-06 11:17:29.766  1006  1006 I MWN     : network type = 0
07-06 11:17:29.767  1006  1006 I MWN     : mobile type = 13
07-06 11:17:29.767  1006  1006 I MWN     : Write 0 to node. type=4G mSimExist=true mFlightMode=false
07-06 11:17:29.768  1006  1006 I MWN     : write the value:0 to node successfully.
07-06 11:17:30.783  1006  1039 D ProcessManager.SC: mem= 1513, lowmem=true
07-06 11:17:31.292  1006  1039 D ProcessManager: Get SplitScreen App:null
07-06 11:17:32.324  1006  1006 I MWN     : onSignalStrengthsChanged...
07-06 11:17:32.328  1006  1006 I MWN     : network type = 0
07-06 11:17:32.328  1006  1006 I MWN     : mobile type = 13
07-06 11:17:32.328  1006  1006 I MWN     : Write 0 to node. type=4G mSimExist=true mFlightMode=false
07-06 11:17:32.329  1006  1006 I MWN     : write the value:0 to node successfully.
07-06 11:17:33.866  1006  1039 D ProcessManager.SC: mem= 1513, lowmem=true
07-06 11:17:34.378  1006  1039 D ProcessManager: Get SplitScreen App:null
07-06 11:17:34.894  1006  1006 I MWN     : onSignalStrengthsChanged...
07-06 11:17:34.900  1006  1006 I MWN     : network type = 0
07-06 11:17:34.902  1006  1006 I MWN     : mobile type = 13
07-06 11:17:34.902  1006  1006 I MWN     : Write 0 to node. type=4G mSimExist=true mFlightMode=false
07-06 11:17:34.904  1006  1006 I MWN     : write the value:0 to node successfully.
07-06 11:17:36.767   569   712 E storaged: getDiskStats failed with result NOT_SUPPORTED and size 0
07-06 11:17:36.897  1006  1039 D ProcessManager.SC: mem= 1513, lowmem=true
07-06 11:17:37.403  1006  1039 D ProcessManager: Get SplitScreen App:null
07-06 11:17:37.405  1006  1006 I MWN     : onSignalStrengthsChanged...
07-06 11:17:37.408  1006  1006 I MWN     : network type = 0
07-06 11:17:37.409  1006  1006 I MWN     : mobile type = 13
07-06 11:17:37.409  1006  1006 I MWN     : Write 0 to node. type=4G mSimExist=true mFlightMode=false
07-06 11:17:37.410  1006  1006 I MWN     : write the value:0 to node successfully.
07-06 11:17:39.926  1006  1006 I MWN     : onSignalStrengthsChanged...
07-06 11:17:39.930  1006  1006 I MWN     : network type = 0
07-06 11:17:39.931  1006  1006 I MWN     : mobile type = 13
07-06 11:17:39.931  1006  1006 I MWN     : Write 0 to node. type=4G mSimExist=true mFlightMode=false
07-06 11:17:39.932  1006  1006 I MWN     : write the value:0 to node successfully.
07-06 11:17:39.935  1006  1039 D ProcessManager.SC: mem= 1512, lowmem=true
07-06 11:17:40.441  1006  1039 D ProcessManager: Get SplitScreen App:null
07-06 11:17:42.445  1006  1006 I MWN     : onSignalStrengthsChanged...
07-06 11:17:42.448  1006  1006 I MWN     : network type = 0
07-06 11:17:42.449  1006  1006 I MWN     : mobile type = 13
07-06 11:17:42.449  1006  1006 I MWN     : Write 0 to node. type=4G mSimExist=true mFlightMode=false
07-06 11:17:42.450  1006  1006 I MWN     : write the value:0 to node successfully.
07-06 11:17:42.970  1006  1039 D ProcessManager.SC: mem= 1511, lowmem=true
07-06 11:17:43.475  1006  1039 D ProcessManager: Get SplitScreen App:null
07-06 11:17:44.964  1006  1006 I MWN     : onSignalStrengthsChanged...
07-06 11:17:44.967  1006  1006 I MWN     : network type = 0
07-06 11:17:44.968  1006  1006 I MWN     : mobile type = 13
07-06 11:17:44.968  1006  1006 I MWN     : Write 0 to node. type=4G mSimExist=true mFlightMode=false
07-06 11:17:44.969  1006  1006 I MWN     : write the value:0 to node successfully.
07-06 11:17:46.002  1006  1039 D ProcessManager.SC: mem= 1510, lowmem=true
07-06 11:17:46.507  1006  1039 D ProcessManager: Get SplitScreen App:null
07-06 11:17:47.685  1006  1006 I MWN     : onSignalStrengthsChanged...
07-06 11:17:47.687  1006  1006 I MWN     : network type = 0
07-06 11:17:47.688  1006  1006 I MWN     : mobile type = 13
07-06 11:17:47.688  1006  1006 I MWN     : Write 0 to node. type=4G mSimExist=true mFlightMode=false
07-06 11:17:47.689  1006  1006 I MWN     : write the value:0 to node successfully.
07-06 11:17:49.078  1006  1039 D ProcessManager.SC: mem= 1511, lowmem=true
07-06 11:17:49.583  1006  1039 D ProcessManager: Get SplitScreen App:null
07-06 11:17:50.245  1006  1006 I MWN     : onSignalStrengthsChanged...
07-06 11:17:50.248  1006  1006 I MWN     : network type = 0
07-06 11:17:50.249  1006  1006 I MWN     : mobile type = 13
07-06 11:17:50.249  1006  1006 I MWN     : Write 0 to node. type=4G mSimExist=true mFlightMode=false
07-06 11:17:50.250  1006  1006 I MWN     : write the value:0 to node successfully.
07-06 11:17:52.109  1006  1039 D ProcessManager.SC: mem= 1510, lowmem=true
07-06 11:17:52.612  1006  1039 D ProcessManager: Get SplitScreen App:null
07-06 11:17:52.805  1006  1006 I MWN     : onSignalStrengthsChanged...
07-06 11:17:52.808  1006  1006 I MWN     : network type = 0
07-06 11:17:52.809  1006  1006 I MWN     : mobile type = 13
07-06 11:17:52.809  1006  1006 I MWN     : Write 0 to node. type=4G mSimExist=true mFlightMode=false
07-06 11:17:52.810  1006  1006 I MWN     : write the value:0 to node successfully.
07-06 11:17:55.200  1006  1039 D ProcessManager.SC: mem= 1511, lowmem=true
07-06 11:17:55.376  1006  1006 I MWN     : onSignalStrengthsChanged...
07-06 11:17:55.384  1006  1006 I MWN     : network type = 0
07-06 11:17:55.386  1006  1006 I MWN     : mobile type = 13
07-06 11:17:55.386  1006  1006 I MWN     : Write 0 to node. type=4G mSimExist=true mFlightMode=false
07-06 11:17:55.389  1006  1006 I MWN     : write the value:0 to node successfully.
07-06 11:17:55.712  1006  1039 D ProcessManager: Get SplitScreen App:null
07-06 11:17:57.925  1006  1006 I MWN     : onSignalStrengthsChanged...
07-06 11:17:57.928  1006  1006 I MWN     : network type = 0
07-06 11:17:57.929  1006  1006 I MWN     : mobile type = 13
07-06 11:17:57.929  1006  1006 I MWN     : Write 0 to node. type=4G mSimExist=true mFlightMode=false
07-06 11:17:57.930  1006  1006 I MWN     : write the value:0 to node successfully.
07-06 11:17:58.231  1006  1039 D ProcessManager.SC: mem= 1510, lowmem=true
07-06 11:17:58.736  1006  1039 D ProcessManager: Get SplitScreen App:null
07-06 11:18:00.486  1006  1006 I MWN     : onSignalStrengthsChanged...
07-06 11:18:00.489  1006  1006 I MWN     : network type = 0
07-06 11:18:00.490  1006  1006 I MWN     : mobile type = 13
07-06 11:18:00.490  1006  1006 I MWN     : Write 0 to node. type=4G mSimExist=true mFlightMode=false
07-06 11:18:00.491  1006  1006 I MWN     : write the value:0 to node successfully.
07-06 11:18:01.265  1006  1039 D ProcessManager.SC: mem= 1509, lowmem=true
07-06 11:18:01.770  1006  1039 D ProcessManager: Get SplitScreen App:null
07-06 11:18:03.025  1006  1006 I MWN     : onSignalStrengthsChanged...
07-06 11:18:03.028  1006  1006 I MWN     : network type = 0
07-06 11:18:03.029  1006  1006 I MWN     : mobile type = 13
07-06 11:18:03.029  1006  1006 I MWN     : Write 0 to node. type=4G mSimExist=true mFlightMode=false
07-06 11:18:03.030  1006  1006 I MWN     : write the value:0 to node successfully.
07-06 11:18:04.296  1006  1039 D ProcessManager.SC: mem= 1510, lowmem=true
07-06 11:18:04.801  1006  1039 D ProcessManager: Get SplitScreen App:null
07-06 11:18:05.603  1006  1006 I MWN     : onSignalStrengthsChanged...
07-06 11:18:05.607  1006  1006 I MWN     : network type = 0
07-06 11:18:05.608  1006  1006 I MWN     : mobile type = 13
07-06 11:18:05.608  1006  1006 I MWN     : Write 0 to node. type=4G mSimExist=true mFlightMode=false
07-06 11:18:05.609  1006  1006 I MWN     : write the value:0 to node successfully.
07-06 11:18:06.235  1006  1006 I JobServiceContext: Client timed out while executing (no jobFinished received), sending onStop: 9c79bb4 #u0a72/425568 com.google.android.youtube/androidx.work.impl.background.systemjob.SystemJobService
07-06 11:18:06.248  1006  1024 D DeviceIdleController: handleMessage(7)
07-06 11:18:06.250  1006  8433 I ActivityManager: Killing 5964:com.google.android.apps.books/u0a282 (adj 904): empty #12
07-06 11:18:06.328  1006  1024 D DeviceIdleController: handleMessage(7)
07-06 11:18:07.329  1006  1039 D ProcessManager.SC: mem= 1523, lowmem=true
07-06 11:18:07.834  1006  1039 D ProcessManager: Get SplitScreen App:null
07-06 11:18:08.165  1006  1006 I MWN     : onSignalStrengthsChanged...
07-06 11:18:08.168  1006  1006 I MWN     : network type = 0
07-06 11:18:08.169  1006  1006 I MWN     : mobile type = 13
07-06 11:18:08.169  1006  1006 I MWN     : Write 0 to node. type=4G mSimExist=true mFlightMode=false
07-06 11:18:08.170  1006  1006 I MWN     : write the value:0 to node successfully.
07-06 11:18:10.362  1006  1039 D ProcessManager.SC: mem= 1524, lowmem=true
07-06 11:18:10.724  1006  1006 I MWN     : onSignalStrengthsChanged...
07-06 11:18:10.728  1006  1006 I MWN     : network type = 0
07-06 11:18:10.729  1006  1006 I MWN     : mobile type = 13
07-06 11:18:10.729  1006  1006 I MWN     : Write 0 to node. type=4G mSimExist=true mFlightMode=false
07-06 11:18:10.730  1006  1006 I MWN     : write the value:0 to node successfully.
07-06 11:18:10.866  1006  1039 D ProcessManager: Get SplitScreen App:null
07-06 11:18:11.154  1006  1918 I ActivityManager: Force stopping el.mobarmeg.ring_sizer appid=11134 user=0: from pid 7692
07-06 11:18:11.162  1006  1025 W BroadcastQueue: Background execution not allowed: receiving Intent { act=android.intent.action.PACKAGE_RESTARTED dat=package:el.mobarmeg.ring_sizer flg=0x10 (has extras) } to com.transsion.powercenter/.receiver.PackageRestartReceiver
07-06 11:18:11.176  1006  5410 W ActivityManager: Permission Denial: Accessing service ComponentInfo{com.emeint.android.myservices/com.vodafone.netperform.runtime.NetPerformService} from pid=1514, uid=1001 that is not exported from uid 10948
07-06 11:18:11.177  1006  5410 W ActivityManager: Unbind failed: could not find connection for android.os.BinderProxy@dd00124
07-06 11:18:11.762  1006  5410 I ActivityManager: START u0 {act=android.intent.action.MAIN cat=[android.intent.category.LAUNCHER] flg=0x30000000 cmp=el.mobarmeg.ring_sizer/el.mobarmeg.ring_size.MainActivity (has extras)} from uid 2000
07-06 11:18:11.790  1006  5410 I PowerMonitorHookServer: stop app:com.transsion.XOSLauncher
07-06 11:18:11.790  1006  5410 I PowerMonitorHookServer: start app:el.mobarmeg.ring_sizer
07-06 11:18:11.793  1543  1579 I PowerMonitorNew: a whole scenario, scenario:com.transsion.XOSLauncher, start-stop:402293325-402365109,duration:71784, current:0, currentconvert4V:0,currentWoBL:0,consumecoul:0,batterytime:0, conpower:0,avgsignal:400,avgDatatype:400
07-06 11:18:11.793  1543  1579 I PowerMonitorNew: exitScenario not save scenario true
07-06 11:18:11.814  1006  1029 I ActivityManager: Start proc 7712:el.mobarmeg.ring_sizer/u0a1134 for activity el.mobarmeg.ring_sizer/el.mobarmeg.ring_size.MainActivity
07-06 11:18:11.864  1006  1082 V WindowManager: Changing focus from Window{90d5d4 u0 com.transsion.XOSLauncher/com.android.launcher3.Launcher} to null Callers=com.android.server.wm.WindowManagerService.relayoutWindow:2238 com.android.server.wm.Session.relayout:245 android.view.ViewRootImpl.relayoutWindow:6781 android.view.ViewRootImpl.performTraversals:2117 
07-06 11:18:11.865  1006  1082 D WindowManager: Input focus has changed to null
07-06 11:18:11.866  1006  1038 I WindowManager: Focus moving from Window{90d5d4 u0 com.transsion.XOSLauncher/com.android.launcher3.Launcher} to null
07-06 11:18:11.910  1006  2081 D VideoCallEnhancerControlImpl: className is el.mobarmeg.ring_sizer/el.mobarmeg.ring_size.MainActivity
07-06 11:18:11.919  1006  2081 D MitePluginAppLockImpl: MID_SERVICE_AM_START_ACTIVITY_1ActivityRecord{a7f6653 u0 el.mobarmeg.ring_sizer/el.mobarmeg.ring_size.MainActivity t439}, false
07-06 11:18:11.919  1006  2081 D AppLockDelegatorImpl: appLockCheck: 
07-06 11:18:11.920  1006  2081 D MitePluginJupiterImpl: MID_SERVICE_AM_START_ACTIVITY_1ActivityRecord{a7f6653 u0 el.mobarmeg.ring_sizer/el.mobarmeg.ring_size.MainActivity t439}
07-06 11:18:11.921  1006  1028 D JupiterDelegatorImpl: appLockCheckInner: ComponentInfo{el.mobarmeg.ring_sizer/el.mobarmeg.ring_size.MainActivity}
07-06 11:18:11.921  1006  1028 D JupiterDelegatorImpl: app lock service check:
07-06 11:18:11.923  1006  2081 V WindowManager: Set focused app to: AppWindowToken{c30fc89 token=Token{9e0b90 ActivityRecord{a7f6653 u0 el.mobarmeg.ring_sizer/el.mobarmeg.ring_size.MainActivity t439}}} old focus=AppWindowToken{5eab2bf token=Token{22c80de ActivityRecord{6c04819 u0 com.transsion.XOSLauncher/com.android.launcher3.Launcher t2}}} moveFocusNow=true
07-06 11:18:11.938  1006  2081 D ProcessManager: After resumed : el.mobarmeg.ring_sizer
07-06 11:18:11.939  1006  1082 D MitePluginAppLockWMImpl: MID_SERVICE_WM_AppWindowToken_setVisibility awToken:AppWindowToken{5eab2bf token=Token{22c80de ActivityRecord{6c04819 u0 com.transsion.XOSLauncher/com.android.launcher3.Launcher t2}}} visible:false
07-06 11:18:11.940  1006  1082 D MitePluginAppLockWMImpl: task.getTopVisibleAppToken:null
07-06 11:18:11.944  1006  1082 D MitePluginAppLockWMImpl: MID_SERVICE_WM_AppWindowToken_setVisibility awToken:AppWindowToken{c30fc89 token=Token{9e0b90 ActivityRecord{a7f6653 u0 el.mobarmeg.ring_sizer/el.mobarmeg.ring_size.MainActivity t439}}} visible:true
07-06 11:18:11.946  1006  1082 D WindowManager: mKeyguardOccludedChanged=false
07-06 11:18:11.964  1006  1082 I WindowManager: Layer maybe incorrect, set again! StackId = 436
07-06 11:18:12.876  1006  7141 V SettingsProvider: packageValueForCallResult, name = enable_gpu_debug_layers, value : Bundle[{_track_generation=android.util.MemoryIntArray@73, value=0, _generation_index=0, _generation=540}]
07-06 11:18:13.285  1006  1006 I MWN     : onSignalStrengthsChanged...
07-06 11:18:13.289  1006  1006 I MWN     : network type = 0
07-06 11:18:13.290  1006  1006 I MWN     : mobile type = 13
07-06 11:18:13.290  1006  1006 I MWN     : Write 0 to node. type=4G mSimExist=true mFlightMode=false
07-06 11:18:13.292  1006  1006 I MWN     : write the value:0 to node successfully.
07-06 11:18:13.400  1006  1039 D ProcessManager.SC: mem= 1470, lowmem=true
07-06 11:18:13.604 18572 18619 W PackageParser: Unknown element under <manifest>: queries at /storage/emulated/0/Android/data/com.transsion.phonemaster/cache/com.transsion.phonemaster.apk Binary XML file line #35
07-06 11:18:13.604 18572 18619 W PackageParser: Ignoring duplicate uses-permissions/uses-permissions-sdk-m: com.google.android.gms.permission.AD_ID in package: com.transsion.phonemaster at: Binary XML file line #118
07-06 11:18:13.605 18572 18619 W PackageParser: Unknown element under <manifest>: queries at /storage/emulated/0/Android/data/com.transsion.phonemaster/cache/com.transsion.phonemaster.apk Binary XML file line #126
07-06 11:18:13.605 18572 18619 W PackageParser: Unknown element under <manifest>: meta-data at /storage/emulated/0/Android/data/com.transsion.phonemaster/cache/com.transsion.phonemaster.apk Binary XML file line #150
07-06 11:18:13.605 18572 18619 W PackageParser: Unknown element under <manifest>: meta-data at /storage/emulated/0/Android/data/com.transsion.phonemaster/cache/com.transsion.phonemaster.apk Binary XML file line #155
07-06 11:18:13.605 18572 18619 W PackageParser: Unknown element under <manifest>: meta-data at /storage/emulated/0/Android/data/com.transsion.phonemaster/cache/com.transsion.phonemaster.apk Binary XML file line #158
07-06 11:18:13.605 18572 18619 W PackageParser: Unknown element under <manifest>: meta-data at /storage/emulated/0/Android/data/com.transsion.phonemaster/cache/com.transsion.phonemaster.apk Binary XML file line #161
07-06 11:18:13.606 18572 18619 W PackageParser: Unknown element under <manifest>: meta-data at /storage/emulated/0/Android/data/com.transsion.phonemaster/cache/com.transsion.phonemaster.apk Binary XML file line #167
07-06 11:18:13.606 18572 18619 W PackageParser: Unknown element under <manifest>: meta-data at /storage/emulated/0/Android/data/com.transsion.phonemaster/cache/com.transsion.phonemaster.apk Binary XML file line #170
07-06 11:18:13.638  7712  7712 D ResolutionTunerAppList: loadTunerAppList + 
07-06 11:18:13.639  7712  7712 W ResolutionTunerAppList: Target file doesn't exist: /storage/emulated/0/Android/data/sf_resolution_tuner_app_list.xml
07-06 11:18:13.655  7712  7712 D ResolutionTunerAppList: dom2xml: App{packageName='com.tencent.ig', scale='0.6667', filteredWindows= []'}
07-06 11:18:13.656  7712  7712 D ResolutionTunerAppList: dom2xml: App{packageName='com.tencent.tmgp.pubgmhd', scale='0.6667', filteredWindows= []'}
07-06 11:18:13.657  7712  7712 D ResolutionTunerAppList: dom2xml: App{packageName='com.pubg.krmobile', scale='0.6667', filteredWindows= []'}
07-06 11:18:13.658  7712  7712 D ResolutionTunerAppList: dom2xml: App{packageName='vn.vng.pubgmobile', scale='0.6667', filteredWindows= []'}
07-06 11:18:13.660  7712  7712 D ResolutionTunerAppList: dom2xml: App{packageName='com.rekoo.pubgm', scale='0.6667', filteredWindows= []'}
07-06 11:18:13.660  1006  5410 V SettingsProvider: packageValueForCallResult, name = null, value : Bundle[{_track_generation=android.util.MemoryIntArray@73, value=null, _generation_index=1, _generation=182}]
07-06 11:18:13.660  7712  7712 D ResolutionTunerAppList: loadTunerAppList - 
07-06 11:18:13.669  7712  7765 E ActivityThread: Failed to find provider info for com.huawei.hms.contentprovider
07-06 11:18:13.783  1006  5410 V SettingsProvider: packageValueForCallResult, name = null, value : Bundle[{_track_generation=android.util.MemoryIntArray@73, value=null, _generation_index=2, _generation=1003}]
07-06 11:18:13.887  1006  5410 E WindowManager: App trying to use insecure INPUT_FEATURE_NO_INPUT_CHANNEL flag. Ignoring
07-06 11:18:13.906  1006  1039 D ProcessManager: Get SplitScreen App:null
07-06 11:18:14.211  1006  5410 I WindowManager: Relayout Window{22a5720 u0 el.mobarmeg.ring_sizer/el.mobarmeg.ring_size.MainActivity}: oldVis=4 newVis=0 focusMayChange = true
07-06 11:18:14.218  1006  5410 V WindowManager: Changing focus from null to Window{22a5720 u0 el.mobarmeg.ring_sizer/el.mobarmeg.ring_size.MainActivity} Callers=com.android.server.wm.WindowManagerService.relayoutWindow:2238 com.android.server.wm.Session.relayout:245 android.view.IWindowSession$Stub.onTransact:309 com.android.server.wm.Session.onTransact:165 
07-06 11:18:14.219  1006  5410 D WindowManager: Input focus has changed to Window{22a5720 u0 el.mobarmeg.ring_sizer/el.mobarmeg.ring_size.MainActivity}
07-06 11:18:14.221  1006  1038 I WindowManager: Focus moving from null to Window{22a5720 u0 el.mobarmeg.ring_sizer/el.mobarmeg.ring_size.MainActivity}
07-06 11:18:15.846  1006  1006 I MWN     : onSignalStrengthsChanged...
07-06 11:18:15.850  1006  1006 I MWN     : network type = 0
07-06 11:18:15.851  1006  1006 I MWN     : mobile type = 13
07-06 11:18:15.851  1006  1006 I MWN     : Write 0 to node. type=4G mSimExist=true mFlightMode=false
07-06 11:18:15.852  1006  1006 I MWN     : write the value:0 to node successfully.
07-06 11:18:16.437  1006  1039 D ProcessManager.SC: mem= 1383, lowmem=true
07-06 11:18:16.941  1006  1039 D ProcessManager: Get SplitScreen App:null
07-06 11:18:17.218  1006  7141 V SettingsProvider: name : radio.data.stall.recovery.action0 appId : 1001
07-06 11:18:17.219  1006  7141 V SettingsProvider: Package name : com.android.phone privateFlags : 1050728
07-06 11:18:18.405  1006  1006 I MWN     : onSignalStrengthsChanged...
07-06 11:18:18.408  1006  1006 I MWN     : network type = 0
07-06 11:18:18.409  1006  1006 I MWN     : mobile type = 13
07-06 11:18:18.409  1006  1006 I MWN     : Write 0 to node. type=4G mSimExist=true mFlightMode=false
07-06 11:18:18.410  1006  1006 I MWN     : write the value:0 to node successfully.
07-06 11:18:19.473  1006  1039 D ProcessManager.SC: mem= 1384, lowmem=true
07-06 11:18:19.977  1006  1039 D ProcessManager: Get SplitScreen App:null
07-06 11:18:20.964  1006  1006 I MWN     : onSignalStrengthsChanged...
07-06 11:18:20.967  1006  1006 I MWN     : network type = 0
07-06 11:18:20.968  1006  1006 I MWN     : mobile type = 13
07-06 11:18:20.968  1006  1006 I MWN     : Write 0 to node. type=4G mSimExist=true mFlightMode=false
07-06 11:18:20.969  1006  1006 I MWN     : write the value:0 to node successfully.
07-06 11:18:21.782  1006  1025 W ActivityManager: Launch timeout has expired, giving up wake lock!
07-06 11:18:22.505  1006  1039 D ProcessManager.SC: mem= 1383, lowmem=true
07-06 11:18:23.009  1006  1039 D ProcessManager: Get SplitScreen App:null
07-06 11:18:23.525  1006  1006 I MWN     : onSignalStrengthsChanged...
07-06 11:18:23.528  1006  1006 I MWN     : network type = 0
07-06 11:18:23.529  1006  1006 I MWN     : mobile type = 13
07-06 11:18:23.529  1006  1006 I MWN     : Write 0 to node. type=4G mSimExist=true mFlightMode=false
07-06 11:18:23.530  1006  1006 I MWN     : write the value:0 to node successfully.
07-06 11:18:25.538  1006  1039 D ProcessManager.SC: mem= 1383, lowmem=true
07-06 11:18:26.042  1006  1039 D ProcessManager: Get SplitScreen App:null
07-06 11:18:26.084  1006  1006 I MWN     : onSignalStrengthsChanged...
07-06 11:18:26.086  1006  1006 I MWN     : network type = 0
07-06 11:18:26.087  1006  1006 I MWN     : mobile type = 13
07-06 11:18:26.087  1006  1006 I MWN     : Write 0 to node. type=4G mSimExist=true mFlightMode=false
07-06 11:18:26.089  1006  1006 I MWN     : write the value:0 to node successfully.
07-06 11:18:28.570  1006  1039 D ProcessManager.SC: mem= 1384, lowmem=true
07-06 11:18:28.645  1006  1006 I MWN     : onSignalStrengthsChanged...
07-06 11:18:28.648  1006  1006 I MWN     : network type = 0
07-06 11:18:28.649  1006  1006 I MWN     : mobile type = 13
07-06 11:18:28.649  1006  1006 I MWN     : Write 0 to node. type=4G mSimExist=true mFlightMode=false
07-06 11:18:28.650  1006  1006 I MWN     : write the value:0 to node successfully.
07-06 11:18:29.074  1006  1039 D ProcessManager: Get SplitScreen App:null
07-06 11:18:31.202  1006  1006 I MWN     : onSignalStrengthsChanged...
07-06 11:18:31.206  1006  1006 I MWN     : network type = 0
07-06 11:18:31.208  1006  1006 I MWN     : mobile type = 13
07-06 11:18:31.208  1006  1006 I MWN     : Write 0 to node. type=4G mSimExist=true mFlightMode=false
07-06 11:18:31.209  1006  1006 I MWN     : write the value:0 to node successfully.
07-06 11:18:31.601  1006  1039 D ProcessManager.SC: mem= 1380, lowmem=true
07-06 11:18:32.105  1006  1039 D ProcessManager: Get SplitScreen App:null
07-06 11:18:33.764  1006  1006 I MWN     : onSignalStrengthsChanged...
07-06 11:18:33.767  1006  1006 I MWN     : network type = 0
07-06 11:18:33.768  1006  1006 I MWN     : mobile type = 13
07-06 11:18:33.768  1006  1006 I MWN     : Write 0 to node. type=4G mSimExist=true mFlightMode=false
07-06 11:18:33.769  1006  1006 I MWN     : write the value:0 to node successfully.
07-06 11:18:34.632  1006  1039 D ProcessManager.SC: mem= 1341, lowmem=true
07-06 11:18:35.137  1006  1039 D ProcessManager: Get SplitScreen App:null
07-06 11:18:36.325  1006  1006 I MWN     : onSignalStrengthsChanged...
07-06 11:18:36.330  1006  1006 I MWN     : network type = 0
07-06 11:18:36.331  1006  1006 I MWN     : mobile type = 13
07-06 11:18:36.331  1006  1006 I MWN     : Write 0 to node. type=4G mSimExist=true mFlightMode=false
07-06 11:18:36.332  1006  1006 I MWN     : write the value:0 to node successfully.
07-06 11:18:36.768   569   712 E storaged: getDiskStats failed with result NOT_SUPPORTED and size 0
07-06 11:18:37.663  1006  1039 D ProcessManager.SC: mem= 1362, lowmem=true
07-06 11:18:38.167  1006  1039 D ProcessManager: Get SplitScreen App:null
07-06 11:18:38.332  1006  1918 D MtkConnectivityService: requestNetwork for uid/pid:11134/7712 NetworkRequest [ TRACK_DEFAULT id=9708, [ Capabilities: INTERNET&NOT_RESTRICTED&TRUSTED Unwanted:  Uid: 11134] ]
07-06 11:18:38.338  1543  1579 I PowerMonitorNew: enter scenario: el.mobarmeg.ring_sizer,start coul:-14411
07-06 11:18:38.887  1006  1006 I MWN     : onSignalStrengthsChanged...
07-06 11:18:38.891  1006  1006 I MWN     : network type = 0
07-06 11:18:38.892  1006  1006 I MWN     : mobile type = 13
07-06 11:18:38.892  1006  1006 I MWN     : Write 0 to node. type=4G mSimExist=true mFlightMode=false
07-06 11:18:38.893  1006  1006 I MWN     : write the value:0 to node successfully.
07-06 11:18:40.706  1006  1039 D ProcessManager.SC: mem= 1300, lowmem=true
07-06 11:18:41.210  1006  1039 D ProcessManager: Get SplitScreen App:null
07-06 11:18:41.405  1006  1006 I MWN     : onSignalStrengthsChanged...
07-06 11:18:41.409  1006  1006 I MWN     : network type = 0
07-06 11:18:41.410  1006  1006 I MWN     : mobile type = 13
07-06 11:18:41.410  1006  1006 I MWN     : Write 0 to node. type=4G mSimExist=true mFlightMode=false
07-06 11:18:41.412  1006  1006 I MWN     : write the value:0 to node successfully.
07-06 11:18:43.738  1006  1039 D ProcessManager.SC: mem= 1180, lowmem=true
07-06 11:18:44.004  1006  1006 I MWN     : onSignalStrengthsChanged...
07-06 11:18:44.007  1006  1006 I MWN     : network type = 0
07-06 11:18:44.009  1006  1006 I MWN     : mobile type = 13
07-06 11:18:44.009  1006  1006 I MWN     : Write 0 to node. type=4G mSimExist=true mFlightMode=false
07-06 11:18:44.010  1006  1006 I MWN     : write the value:0 to node successfully.
07-06 11:18:44.068  1006  1025 W BroadcastQueue: Background execution not allowed: receiving Intent { act=com.android.providers.media.ACTIVATE_MEDIAPROCESS flg=0x10 } to com.android.providers.media/.MtpReceiver
07-06 11:18:44.242  1006  1039 D ProcessManager: Get SplitScreen App:null
07-06 11:18:46.564  1006  1006 I MWN     : onSignalStrengthsChanged...
07-06 11:18:46.569  1006  1006 I MWN     : network type = 0
07-06 11:18:46.570  1006  1006 I MWN     : mobile type = 13
07-06 11:18:46.570  1006  1006 I MWN     : Write 0 to node. type=4G mSimExist=true mFlightMode=false
07-06 11:18:46.571  1006  1006 I MWN     : write the value:0 to node successfully.
07-06 11:18:46.770  1006  1039 D ProcessManager.SC: mem= 978, lowmem=true
07-06 11:18:47.274  1006  1039 D ProcessManager: Get SplitScreen App:null
07-06 11:18:49.125  1006  1006 I MWN     : onSignalStrengthsChanged...
07-06 11:18:49.129  1006  1006 I MWN     : network type = 0
07-06 11:18:49.130  1006  1006 I MWN     : mobile type = 13
07-06 11:18:49.130  1006  1006 I MWN     : Write 0 to node. type=4G mSimExist=true mFlightMode=false
07-06 11:18:49.131  1006  1006 I MWN     : write the value:0 to node successfully.
07-06 11:18:49.801  1006  1039 D ProcessManager.SC: mem= 786, lowmem=true
07-06 11:18:50.305  1006  1039 D ProcessManager: Get SplitScreen App:null
07-06 11:18:51.685  1006  1006 I MWN     : onSignalStrengthsChanged...
07-06 11:18:51.688  1006  1006 I MWN     : network type = 0
07-06 11:18:51.690  1006  1006 I MWN     : mobile type = 13
07-06 11:18:51.690  1006  1006 I MWN     : Write 0 to node. type=4G mSimExist=true mFlightMode=false
07-06 11:18:51.691  1006  1006 I MWN     : write the value:0 to node successfully.
07-06 11:18:52.833  1006  1039 D ProcessManager.SC: mem= 1293, lowmem=true
07-06 11:18:53.337  1006  1039 D ProcessManager: Get SplitScreen App:null
07-06 11:18:54.245  1006  1006 I MWN     : onSignalStrengthsChanged...
07-06 11:18:54.248  1006  1006 I MWN     : network type = 0
07-06 11:18:54.249  1006  1006 I MWN     : mobile type = 13
07-06 11:18:54.249  1006  1006 I MWN     : Write 0 to node. type=4G mSimExist=true mFlightMode=false
07-06 11:18:54.250  1006  1006 I MWN     : write the value:0 to node successfully.
07-06 11:18:55.864  1006  1039 D ProcessManager.SC: mem= 1350, lowmem=true
