07-06 11:29:22.406  1006  1006 I MWN     : mobile type = 13
07-06 11:29:22.406  1006  1006 I MWN     : Write 0 to node. type=4G mSimExist=true mFlightMode=false
07-06 11:29:22.407  1006  1006 I MWN     : write the value:0 to node successfully.
07-06 11:29:22.472  1006  1039 D ProcessManager.SC: mem= 1533, lowmem=true
07-06 11:29:22.977  1006  1039 D ProcessManager: Get SplitScreen App:null
07-06 11:29:24.936  1006  1006 I MWN     : onSignalStrengthsChanged...
07-06 11:29:24.939  1006  1006 I MWN     : network type = 0
07-06 11:29:24.940  1006  1006 I MWN     : mobile type = 13
07-06 11:29:24.940  1006  1006 I MWN     : Write 0 to node. type=4G mSimExist=true mFlightMode=false
07-06 11:29:24.941  1006  1006 I MWN     : write the value:0 to node successfully.
07-06 11:29:25.504  1006  1039 D ProcessManager.SC: mem= 1533, lowmem=true
07-06 11:29:26.008  1006  1039 D ProcessManager: Get SplitScreen App:null
07-06 11:29:27.762  1006  1006 I MWN     : onSignalStrengthsChanged...
07-06 11:29:27.765  1006  1006 I MWN     : network type = 0
07-06 11:29:27.767  1006  1006 I MWN     : mobile type = 13
07-06 11:29:27.767  1006  1006 I MWN     : Write 0 to node. type=4G mSimExist=true mFlightMode=false
07-06 11:29:27.768  1006  1006 I MWN     : write the value:0 to node successfully.
07-06 11:29:28.532  1006  1039 D ProcessManager.SC: mem= 1533, lowmem=true
07-06 11:29:29.036  1006  1039 D ProcessManager: Get SplitScreen App:null
07-06 11:29:30.321  1006  1006 I MWN     : onSignalStrengthsChanged...
07-06 11:29:30.324  1006  1006 I MWN     : network type = 0
07-06 11:29:30.325  1006  1006 I MWN     : mobile type = 13
07-06 11:29:30.325  1006  1006 I MWN     : Write 0 to node. type=4G mSimExist=true mFlightMode=false
07-06 11:29:30.326  1006  1006 I MWN     : write the value:0 to node successfully.
07-06 11:29:31.563  1006  1039 D ProcessManager.SC: mem= 1533, lowmem=true
07-06 11:29:32.066  1006  1039 D ProcessManager: Get SplitScreen App:null
07-06 11:29:33.015  1006  1006 I MWN     : onSignalStrengthsChanged...
07-06 11:29:33.018  1006  1006 I MWN     : network type = 0
07-06 11:29:33.019  1006  1006 I MWN     : mobile type = 13
07-06 11:29:33.019  1006  1006 I MWN     : Write 0 to node. type=4G mSimExist=true mFlightMode=false
07-06 11:29:33.020  1006  1006 I MWN     : write the value:0 to node successfully.
07-06 11:29:34.593  1006  1039 D ProcessManager.SC: mem= 1533, lowmem=true
07-06 11:29:35.097  1006  1039 D ProcessManager: Get SplitScreen App:null
07-06 11:29:35.760  1006  1006 I MWN     : onSignalStrengthsChanged...
07-06 11:29:35.763  1006  1006 I MWN     : network type = 0
07-06 11:29:35.764  1006  1006 I MWN     : mobile type = 13
07-06 11:29:35.764  1006  1006 I MWN     : Write 0 to node. type=4G mSimExist=true mFlightMode=false
07-06 11:29:35.765  1006  1006 I MWN     : write the value:0 to node successfully.
07-06 11:29:36.781   569   712 E storaged: getDiskStats failed with result NOT_SUPPORTED and size 0
07-06 11:29:37.624  1006  1039 D ProcessManager.SC: mem= 1534, lowmem=true
07-06 11:29:38.128  1006  1039 D ProcessManager: Get SplitScreen App:null
07-06 11:29:38.321  1006  1006 I MWN     : onSignalStrengthsChanged...
07-06 11:29:38.324  1006  1006 I MWN     : network type = 0
07-06 11:29:38.325  1006  1006 I MWN     : mobile type = 13
07-06 11:29:38.325  1006  1006 I MWN     : Write 0 to node. type=4G mSimExist=true mFlightMode=false
07-06 11:29:38.326  1006  1006 I MWN     : write the value:0 to node successfully.
07-06 11:29:40.655  1006  1039 D ProcessManager.SC: mem= 1534, lowmem=true
07-06 11:29:40.960  1006  1006 I MWN     : onSignalStrengthsChanged...
07-06 11:29:40.964  1006  1006 I MWN     : network type = 0
07-06 11:29:40.964  1006  1006 I MWN     : mobile type = 13
07-06 11:29:40.964  1006  1006 I MWN     : Write 0 to node. type=4G mSimExist=true mFlightMode=false
07-06 11:29:40.965  1006  1006 I MWN     : write the value:0 to node successfully.
07-06 11:29:41.159  1006  1039 D ProcessManager: Get SplitScreen App:null
07-06 11:29:43.520  1006  1006 I MWN     : onSignalStrengthsChanged...
07-06 11:29:43.522  1006  1006 I MWN     : network type = 0
07-06 11:29:43.523  1006  1006 I MWN     : mobile type = 13
07-06 11:29:43.523  1006  1006 I MWN     : Write 0 to node. type=4G mSimExist=true mFlightMode=false
07-06 11:29:43.524  1006  1006 I MWN     : write the value:0 to node successfully.
07-06 11:29:43.684  1006  1039 D ProcessManager.SC: mem= 1533, lowmem=true
07-06 11:29:44.188  1006  1039 D ProcessManager: Get SplitScreen App:null
07-06 11:29:46.320  1006  1006 I MWN     : onSignalStrengthsChanged...
07-06 11:29:46.323  1006  1006 I MWN     : network type = 0
07-06 11:29:46.324  1006  1006 I MWN     : mobile type = 13
07-06 11:29:46.324  1006  1006 I MWN     : Write 0 to node. type=4G mSimExist=true mFlightMode=false
07-06 11:29:46.325  1006  1006 I MWN     : write the value:0 to node successfully.
07-06 11:29:46.713  1006  1039 D ProcessManager.SC: mem= 1533, lowmem=true
07-06 11:29:47.217  1006  1039 D ProcessManager: Get SplitScreen App:null
07-06 11:29:48.881  1006  1006 I MWN     : onSignalStrengthsChanged...
07-06 11:29:48.884  1006  1006 I MWN     : network type = 0
07-06 11:29:48.885  1006  1006 I MWN     : mobile type = 13
07-06 11:29:48.885  1006  1006 I MWN     : Write 0 to node. type=4G mSimExist=true mFlightMode=false
07-06 11:29:48.886  1006  1006 I MWN     : write the value:0 to node successfully.
07-06 11:29:49.742  1006  1039 D ProcessManager.SC: mem= 1533, lowmem=true
07-06 11:29:50.246  1006  1039 D ProcessManager: Get SplitScreen App:null
07-06 11:29:51.398  1006  1006 I MWN     : onSignalStrengthsChanged...
07-06 11:29:51.401  1006  1006 I MWN     : network type = 0
07-06 11:29:51.402  1006  1006 I MWN     : mobile type = 13
07-06 11:29:51.402  1006  1006 I MWN     : Write 0 to node. type=4G mSimExist=true mFlightMode=false
07-06 11:29:51.402  1006  1006 I MWN     : write the value:0 to node successfully.
07-06 11:29:52.771  1006  1039 D ProcessManager.SC: mem= 1533, lowmem=true
07-06 11:29:53.275  1006  1039 D ProcessManager: Get SplitScreen App:null
07-06 11:29:53.980  1006  1006 I MWN     : onSignalStrengthsChanged...
07-06 11:29:53.982  1006  1006 I MWN     : network type = 0
07-06 11:29:53.983  1006  1006 I MWN     : mobile type = 13
07-06 11:29:53.983  1006  1006 I MWN     : Write 0 to node. type=4G mSimExist=true mFlightMode=false
07-06 11:29:53.984  1006  1006 I MWN     : write the value:0 to node successfully.
07-06 11:29:55.163  1006  1006 I MWN     : onSignalStrengthsChanged...
07-06 11:29:55.166  1006  1006 I MWN     : network type = 0
07-06 11:29:55.167  1006  1006 I MWN     : mobile type = 13
07-06 11:29:55.167  1006  1006 I MWN     : Write 0 to node. type=4G mSimExist=true mFlightMode=false
07-06 11:29:55.168  1006  1006 I MWN     : write the value:0 to node successfully.
07-06 11:29:57.841  1006  1006 I MWN     : onSignalStrengthsChanged...
07-06 11:29:57.844  1006  1006 I MWN     : network type = 0
07-06 11:29:57.845  1006  1006 I MWN     : mobile type = 13
07-06 11:29:57.845  1006  1006 I MWN     : Write 0 to node. type=4G mSimExist=true mFlightMode=false
07-06 11:29:57.846  1006  1006 I MWN     : write the value:0 to node successfully.
07-06 11:29:58.883  1006  1006 I MWN     : onSignalStrengthsChanged...
07-06 11:29:58.886  1006  1006 I MWN     : network type = 0
07-06 11:29:58.887  1006  1006 I MWN     : mobile type = 13
07-06 11:29:58.887  1006  1006 I MWN     : Write 0 to node. type=4G mSimExist=true mFlightMode=false
07-06 11:29:58.888  1006  1006 I MWN     : write the value:0 to node successfully.
07-06 11:30:01.680  1006  1006 I MWN     : onSignalStrengthsChanged...
07-06 11:30:01.683  1006  1006 I MWN     : network type = 0
07-06 11:30:01.684  1006  1006 I MWN     : mobile type = 13
07-06 11:30:01.684  1006  1006 I MWN     : Write 0 to node. type=4G mSimExist=true mFlightMode=false
07-06 11:30:01.685  1006  1006 I MWN     : write the value:0 to node successfully.
07-06 11:30:04.241  1006  1006 I MWN     : onSignalStrengthsChanged...
07-06 11:30:04.244  1006  1006 I MWN     : network type = 0
07-06 11:30:04.245  1006  1006 I MWN     : mobile type = 13
07-06 11:30:04.245  1006  1006 I MWN     : Write 0 to node. type=4G mSimExist=true mFlightMode=false
07-06 11:30:04.246  1006  1006 I MWN     : write the value:0 to node successfully.
--------- beginning of main
07-06 11:30:04.561  1006  1093 W System.err: 	at com.android.server.AlarmManagerService$AlarmThread.run(AlarmManagerService.java:4304)
07-06 11:30:04.565  1006  2337 V SettingsProvider: name : radio.data.stall.recovery.action0 appId : 1001
07-06 11:30:04.566  1006  2337 V SettingsProvider: Package name : com.android.phone privateFlags : 1050728
07-06 11:30:04.809   571  5748 D MtkOmxVenc: [0xf1362c00] AVC EncTime=8673 (us), RGB_2_YUV=0, FrameCount= 9880, buf timestamp=188084799 (188084799934) IsKey(0), Size(1331)  Slotbitcount(139544) : in VA=0xF1B0B6E0, offset=0x00000000, len=12, flags=0x00000010 : out VA=0xECFC5000, offset=0x00000000sec:0x0, 0x0, pending=1
07-06 11:30:04.825   571  5748 D MtkOmxVenc: [0xf1362c00] AVC EncTime=8830 (us), RGB_2_YUV=0, FrameCount= 9881, buf timestamp=188084816 (188084816195) IsKey(0), Size(1277)  Slotbitcount(149760) : in VA=0xF1B0B780, offset=0x00000000, len=12, flags=0x00000010 : out VA=0xECCC5000, offset=0x00000000sec:0x0, 0x0, pending=1
07-06 11:30:04.853   571  5748 D MtkOmxVenc: [0xf1362c00] AVC EncTime=3231 (us), RGB_2_YUV=0, FrameCount= 9882, buf timestamp=188084849 (188084849195) IsKey(0), Size(1276)  Slotbitcount(159968) : in VA=0xF1B0B840, offset=0x00000000, len=12, flags=0x00000010 : out VA=0xEC780000, offset=0x00000000sec:0x0, 0x0, pending=1
07-06 11:30:04.857   575   575 I thermal_repeater: [recvMdThermalInfo] ret=33, strLen=127,  3, 39, -10, -28410, 32767, 25518
07-06 11:30:04.887   571  5748 D MtkOmxVenc: [0xf1362c00] AVC EncTime=3344 (us), RGB_2_YUV=0, FrameCount= 9883, buf timestamp=188084882 (188084882195) IsKey(0), Size(1276)  Slotbitcount(170176) : in VA=0xF1B0B900, offset=0x00000000, len=12, flags=0x00000010 : out VA=0xEC480000, offset=0x00000000sec:0x0, 0x0, pending=1
07-06 11:30:04.922   571  5748 D MtkOmxVenc: [0xf1362c00] AVC EncTime=5568 (us), RGB_2_YUV=0, FrameCount= 9884, buf timestamp=188084915 (188084915195) IsKey(0), Size(1276)  Slotbitcount(180384) : in VA=0xF1B0B940, offset=0x00000000, len=12, flags=0x00000010 : out VA=0xEBF43000, offset=0x00000000sec:0x0, 0x0, pending=1
07-06 11:30:04.956   571  5748 D MtkOmxVenc: [0xf1362c00] AVC EncTime=5547 (us), RGB_2_YUV=0, FrameCount= 9885, buf timestamp=188084948 (188084948195) IsKey(0), Size(1293)  Slotbitcount(190728) : in VA=0xF1B0B9A0, offset=0x00000000, len=12, flags=0x00000010 : out VA=0xEBC43000, offset=0x00000000sec:0x0, 0x0, pending=1
07-06 11:30:04.989   571  5748 D MtkOmxVenc: [0xf1362c00] AVC EncTime=5612 (us), RGB_2_YUV=0, FrameCount= 9886, buf timestamp=188084981 (188084981195) IsKey(0), Size(1293)  Slotbitcount(201072) : in VA=0xF1B0B500, offset=0x00000000, len=12, flags=0x00000010 : out VA=0xEB943000, offset=0x00000000sec:0x0, 0x0, pending=1
07-06 11:30:05.022   571  5748 D MtkOmxVenc: [0xf1362c00] AVC EncTime=5552 (us), RGB_2_YUV=0, FrameCount= 9887, buf timestamp=188085014 (188085014195) IsKey(0), Size(1293)  Slotbitcount(211416) : in VA=0xF1B0BA60, offset=0x00000000, len=12, flags=0x00000010 : out VA=0xED2C5000, offset=0x00000000sec:0x0, 0x0, pending=1
07-06 11:30:05.056   571  5748 D MtkOmxVenc: [0xf1362c00] AVC EncTime=5630 (us), RGB_2_YUV=0, FrameCount= 9888, buf timestamp=188085047 (188085047195) IsKey(0), Size(1293)  Slotbitcount(10344) : in VA=0xF371DA40, offset=0x00000000, len=12, flags=0x00000010 : out VA=0xECFC5000, offset=0x00000000sec:0x0, 0x0, pending=1
07-06 11:30:05.089   571  5748 D MtkOmxVenc: [0xf1362c00] AVC EncTime=5585 (us), RGB_2_YUV=0, FrameCount= 9889, buf timestamp=188085080 (188085080195) IsKey(0), Size(1293)  Slotbitcount(20688) : in VA=0xF371D620, offset=0x00000000, len=12, flags=0x00000010 : out VA=0xECCC5000, offset=0x00000000sec:0x0, 0x0, pending=1
07-06 11:30:05.123   571  5748 D MtkOmxVenc: [0xf1362c00] AVC EncTime=5556 (us), RGB_2_YUV=0, FrameCount= 9890, buf timestamp=188085113 (188085113195) IsKey(0), Size(1293)  Slotbitcount(31032) : in VA=0xF371D6E0, offset=0x00000000, len=12, flags=0x00000010 : out VA=0xEC780000, offset=0x00000000sec:0x0, 0x0, pending=1
07-06 11:30:05.156   571  5748 D MtkOmxVenc: [0xf1362c00] AVC EncTime=5532 (us), RGB_2_YUV=0, FrameCount= 9891, buf timestamp=188085146 (188085146195) IsKey(0), Size(1293)  Slotbitcount(41376) : in VA=0xF371D5E0, offset=0x00000000, len=12, flags=0x00000010 : out VA=0xEC480000, offset=0x00000000sec:0x0, 0x0, pending=1
07-06 11:30:05.727   571  1236 D osal_utils: ## CPU OPP MASK OFF (Video)
07-06 11:30:06.799  1006  1006 I MWN     : onSignalStrengthsChanged...
07-06 11:30:06.803  1006  1006 I MWN     : network type = 0
07-06 11:30:06.804  1006  1006 I MWN     : mobile type = 13
07-06 11:30:06.804  1006  1006 I MWN     : Write 0 to node. type=4G mSimExist=true mFlightMode=false
07-06 11:30:06.805  1006  1006 I MWN     : write the value:0 to node successfully.
07-06 11:30:07.021   439  3418 I BufferQueueProducer: [StatusBar#0](this:0x7c3266f800,id:3,api:1,p:1182,c:439) queueBuffer: fps=1.33 dur=3000.28 max=2219.50 min=12.23
07-06 11:30:07.027   439   439 I SurfaceFlinger: [stdout (type:2)] fps:1.336340,dur:2993.25,max:2212.14,min:16.19
07-06 11:30:07.027   439   439 I SurfaceFlinger: [Built-in Screen (type:0)] fps:1.336344,dur:2993.24,max:2212.26,min:16.06
07-06 11:30:07.038   571  5748 D MtkOmxVenc: [0xf1362c00] AVC EncTime=8851 (us), RGB_2_YUV=0, FrameCount= 9892, buf timestamp=188087028 (188087028858) IsKey(0), Size(2079)  Slotbitcount(16632) : in VA=0xF1B0B6E0, offset=0x00000000, len=12, flags=0x00000010 : out VA=0xEBF43000, offset=0x00000000sec:0x0, 0x0, pending=1
07-06 11:30:07.054   571  5748 D MtkOmxVenc: [0xf1362c00] AVC EncTime=8823 (us), RGB_2_YUV=0, FrameCount= 9893, buf timestamp=188087044 (188087044998) IsKey(0), Size(1275)  Slotbitcount(26832) : in VA=0xF1B0B780, offset=0x00000000, len=12, flags=0x00000010 : out VA=0xEBC43000, offset=0x00000000sec:0x0, 0x0, pending=1
07-06 11:30:07.082   571  5748 D MtkOmxVenc: [0xf1362c00] AVC EncTime=3209 (us), RGB_2_YUV=0, FrameCount= 9894, buf timestamp=188087077 (188087077998) IsKey(0), Size(1275)  Slotbitcount(37032) : in VA=0xF1B0B840, offset=0x00000000, len=12, flags=0x00000010 : out VA=0xEB943000, offset=0x00000000sec:0x0, 0x0, pending=1
07-06 11:30:07.115   571  5748 D MtkOmxVenc: [0xf1362c00] AVC EncTime=3252 (us), RGB_2_YUV=0, FrameCount= 9895, buf timestamp=188087110 (188087110998) IsKey(0), Size(1275)  Slotbitcount(47232) : in VA=0xF1B0B900, offset=0x00000000, len=12, flags=0x00000010 : out VA=0xED2C5000, offset=0x00000000sec:0x0, 0x0, pending=1
07-06 11:30:07.149   571  5748 D MtkOmxVenc: [0xf1362c00] AVC EncTime=3180 (us), RGB_2_YUV=0, FrameCount= 9896, buf timestamp=188087143 (188087143998) IsKey(0), Size(1275)  Slotbitcount(57432) : in VA=0xF1B0B940, offset=0x00000000, len=12, flags=0x00000010 : out VA=0xECFC5000, offset=0x00000000sec:0x0, 0x0, pending=1
07-06 11:30:07.182   571  5748 D MtkOmxVenc: [0xf1362c00] AVC EncTime=3279 (us), RGB_2_YUV=0, FrameCount= 9897, buf timestamp=188087176 (188087176998) IsKey(0), Size(1292)  Slotbitcount(67768) : in VA=0xF1B0B9A0, offset=0x00000000, len=12, flags=0x00000010 : out VA=0xECCC5000, offset=0x00000000sec:0x0, 0x0, pending=1
07-06 11:30:07.216   571  5748 D MtkOmxVenc: [0xf1362c00] AVC EncTime=3332 (us), RGB_2_YUV=0, FrameCount= 9898, buf timestamp=188087209 (188087209998) IsKey(0), Size(1292)  Slotbitcount(78104) : in VA=0xF1B0B500, offset=0x00000000, len=12, flags=0x00000010 : out VA=0xEC780000, offset=0x00000000sec:0x0, 0x0, pending=1
07-06 11:30:07.227   571  1236 D osal_utils: ## CPU OPP MASK ON (Video)
07-06 11:30:07.249   571  5748 D MtkOmxVenc: [0xf1362c00] AVC EncTime=3275 (us), RGB_2_YUV=0, FrameCount= 9899, buf timestamp=188087242 (188087242998) IsKey(0), Size(1292)  Slotbitcount(88440) : in VA=0xF1B0BA60, offset=0x00000000, len=12, flags=0x00000010 : out VA=0xEC480000, offset=0x00000000sec:0x0, 0x0, pending=1
07-06 11:30:07.282   571  5748 D MtkOmxVenc: [0xf1362c00] AVC EncTime=3277 (us), RGB_2_YUV=0, FrameCount= 9900, buf timestamp=188087275 (188087275998) IsKey(0), Size(1292)  Slotbitcount(98776) : in VA=0xF371DA40, offset=0x00000000, len=12, flags=0x00000010 : out VA=0xEBF43000, offset=0x00000000sec:0x0, 0x0, pending=1
07-06 11:30:07.316   571  5748 D MtkOmxVenc: [0xf1362c00] AVC EncTime=3466 (us), RGB_2_YUV=0, FrameCount= 9901, buf timestamp=188087308 (188087308998) IsKey(0), Size(1292)  Slotbitcount(109112) : in VA=0xF371D620, offset=0x00000000, len=12, flags=0x00000010 : out VA=0xEBC43000, offset=0x00000000sec:0x0, 0x0, pending=1
07-06 11:30:07.346   571  5748 I VDO_LOG : [tid: 5748]IDR id = 1
07-06 11:30:07.351   571  5748 D MtkOmxVenc: [0xf1362c00] AVC EncTime=4739 (us), RGB_2_YUV=0, FrameCount= 9902, buf timestamp=188087341 (188087341998) IsKey(1), Size(67822)  Slotbitcount(651688) : in VA=0xF371D6E0, offset=0x00000000, len=12, flags=0x00000010 : out VA=0xEB943000, offset=0x00000000sec:0x0, 0x0, pending=1
07-06 11:30:07.385   571  5748 D MtkOmxVenc: [0xf1362c00] AVC EncTime=5616 (us), RGB_2_YUV=0, FrameCount= 9903, buf timestamp=188087374 (188087374998) IsKey(0), Size(1119)  Slotbitcount(660640) : in VA=0xF371D5E0, offset=0x00000000, len=12, flags=0x00000010 : out VA=0xED2C5000, offset=0x00000000sec:0x0, 0x0, pending=1
07-06 11:30:07.586  1006  1093 E MtkDataShapingUtils: Exception openLteGateByDataShaping  in java.lang.NullPointerException: null receiver
07-06 11:30:07.586  1006  1093 W System.err: java.lang.NullPointerException: null receiver
07-06 11:30:07.586  1006  1093 W System.err: 	at java.lang.reflect.Method.invoke(Native Method)
07-06 11:30:07.586  1006  1093 W System.err: 	at com.mediatek.server.MtkDataShaping.openLteGateByDataShaping(MtkDataShaping.java:36)
07-06 11:30:07.587  1006  1093 W System.err: 	at com.android.server.AlarmManagerService.deliverAlarmsLocked(AlarmManagerService.java:4113)
07-06 11:30:07.587  1006  1093 W System.err: 	at com.android.server.AlarmManagerService$AlarmThread.run(AlarmManagerService.java:4304)
07-06 11:30:07.819   571  5748 D MtkOmxVenc: [0xf1362c00] AVC EncTime=8763 (us), RGB_2_YUV=0, FrameCount= 9904, buf timestamp=188087809 (188087809954) IsKey(0), Size(446)  Slotbitcount(664208) : in VA=0xF1B0B6E0, offset=0x00000000, len=12, flags=0x00000010 : out VA=0xECFC5000, offset=0x00000000sec:0x0, 0x0, pending=1
07-06 11:30:07.835   571  5748 D MtkOmxVenc: [0xf1362c00] AVC EncTime=8891 (us), RGB_2_YUV=0, FrameCount= 9905, buf timestamp=188087826 (188087826140) IsKey(0), Size(288)  Slotbitcount(666512) : in VA=0xF1B0B780, offset=0x00000000, len=12, flags=0x00000010 : out VA=0xECCC5000, offset=0x00000000sec:0x0, 0x0, pending=1
07-06 11:30:07.863   571  5748 D MtkOmxVenc: [0xf1362c00] AVC EncTime=3253 (us), RGB_2_YUV=0, FrameCount= 9906, buf timestamp=188087859 (188087859140) IsKey(0), Size(1221)  Slotbitcount(676280) : in VA=0xF1B0B840, offset=0x00000000, len=12, flags=0x00000010 : out VA=0xEC780000, offset=0x00000000sec:0x0, 0x0, pending=1
07-06 11:30:07.897   571  5748 D MtkOmxVenc: [0xf1362c00] AVC EncTime=3236 (us), RGB_2_YUV=0, FrameCount= 9907, buf timestamp=188087892 (188087892140) IsKey(0), Size(999)  Slotbitcount(684272) : in VA=0xF1B0B900, offset=0x00000000, len=12, flags=0x00000010 : out VA=0xEC480000, offset=0x00000000sec:0x0, 0x0, pending=1
07-06 11:30:07.932   571  5748 D MtkOmxVenc: [0xf1362c00] AVC EncTime=5554 (us), RGB_2_YUV=0, FrameCount= 9908, buf timestamp=188087925 (188087925140) IsKey(0), Size(992)  Slotbitcount(692208) : in VA=0xF1B0B940, offset=0x00000000, len=12, flags=0x00000010 : out VA=0xEBF43000, offset=0x00000000sec:0x0, 0x0, pending=1
07-06 11:30:07.966   571  5748 D MtkOmxVenc: [0xf1362c00] AVC EncTime=5565 (us), RGB_2_YUV=0, FrameCount= 9909, buf timestamp=188087958 (188087958140) IsKey(0), Size(1020)  Slotbitcount(700368) : in VA=0xF1B0B9A0, offset=0x00000000, len=12, flags=0x00000010 : out VA=0xEBC43000, offset=0x00000000sec:0x0, 0x0, pending=1
07-06 11:30:07.999   571  5748 D MtkOmxVenc: [0xf1362c00] AVC EncTime=5584 (us), RGB_2_YUV=0, FrameCount= 9910, buf timestamp=188087991 (188087991140) IsKey(0), Size(1014)  Slotbitcount(708480) : in VA=0xF1B0B500, offset=0x00000000, len=12, flags=0x00000010 : out VA=0xEB943000, offset=0x00000000sec:0x0, 0x0, pending=1
07-06 11:30:08.032   571  5748 D MtkOmxVenc: [0xf1362c00] AVC EncTime=5568 (us), RGB_2_YUV=0, FrameCount= 9911, buf timestamp=188088024 (188088024140) IsKey(0), Size(1015)  Slotbitcount(716600) : in VA=0xF1B0BA60, offset=0x00000000, len=12, flags=0x00000010 : out VA=0xED2C5000, offset=0x00000000sec:0x0, 0x0, pending=1
07-06 11:30:08.066   571  5748 D MtkOmxVenc: [0xf1362c00] AVC EncTime=5549 (us), RGB_2_YUV=0, FrameCount= 9912, buf timestamp=188088057 (188088057140) IsKey(0), Size(1014)  Slotbitcount(8112) : in VA=0xF371DA40, offset=0x00000000, len=12, flags=0x00000010 : out VA=0xECFC5000, offset=0x00000000sec:0x0, 0x0, pending=1
07-06 11:30:08.099   571  5748 D MtkOmxVenc: [0xf1362c00] AVC EncTime=5549 (us), RGB_2_YUV=0, FrameCount= 9913, buf timestamp=188088090 (188088090140) IsKey(0), Size(1015)  Slotbitcount(16232) : in VA=0xF371D620, offset=0x00000000, len=12, flags=0x00000010 : out VA=0xECCC5000, offset=0x00000000sec:0x0, 0x0, pending=1
07-06 11:30:08.132   571  5748 D MtkOmxVenc: [0xf1362c00] AVC EncTime=5559 (us), RGB_2_YUV=0, FrameCount= 9914, buf timestamp=188088123 (188088123140) IsKey(0), Size(1014)  Slotbitcount(24344) : in VA=0xF371D6E0, offset=0x00000000, len=12, flags=0x00000010 : out VA=0xEC780000, offset=0x00000000sec:0x0, 0x0, pending=1
07-06 11:30:08.166   571  5748 D MtkOmxVenc: [0xf1362c00] AVC EncTime=5533 (us), RGB_2_YUV=0, FrameCount= 9915, buf timestamp=188088156 (188088156140) IsKey(0), Size(1015)  Slotbitcount(32464) : in VA=0xF371D5E0, offset=0x00000000, len=12, flags=0x00000010 : out VA=0xEC480000, offset=0x00000000sec:0x0, 0x0, pending=1
07-06 11:30:08.727   571  1236 D osal_utils: ## CPU OPP MASK OFF (Video)
07-06 11:30:09.361  1006  1006 I MWN     : onSignalStrengthsChanged...
07-06 11:30:09.364  1006  1006 I MWN     : network type = 0
07-06 11:30:09.365  1006  1006 I MWN     : mobile type = 13
07-06 11:30:09.365  1006  1006 I MWN     : Write 0 to node. type=4G mSimExist=true mFlightMode=false
07-06 11:30:09.366  1006  1006 I MWN     : write the value:0 to node successfully.
07-06 11:30:10.024   439  3418 I BufferQueueProducer: [StatusBar#0](this:0x7c3266f800,id:3,api:1,p:1182,c:439) queueBuffer: fps=1.33 dur=3003.06 max=2212.77 min=9.30
07-06 11:30:10.037   439   439 I SurfaceFlinger: [stdout (type:2)] fps:1.329110,dur:3009.53,max:2211.71,min:16.38
07-06 11:30:10.037   439   439 I SurfaceFlinger: [Built-in Screen (type:0)] fps:1.329117,dur:3009.52,max:2211.81,min:16.36
07-06 11:30:10.047   571  5748 D MtkOmxVenc: [0xf1362c00] AVC EncTime=9026 (us), RGB_2_YUV=0, FrameCount= 9916, buf timestamp=188090038 (188090038053) IsKey(0), Size(1161)  Slotbitcount(9288) : in VA=0xF1B0B6E0, offset=0x00000000, len=12, flags=0x00000010 : out VA=0xEBF43000, offset=0x00000000sec:0x0, 0x0, pending=1
07-06 11:30:10.075   571  5748 D MtkOmxVenc: [0xf1362c00] AVC EncTime=3251 (us), RGB_2_YUV=0, FrameCount= 9917, buf timestamp=188090071 (188090071053) IsKey(0), Size(993)  Slotbitcount(17232) : in VA=0xF1B0B780, offset=0x00000000, len=12, flags=0x00000010 : out VA=0xEBC43000, offset=0x00000000sec:0x0, 0x0, pending=1
07-06 11:30:10.108   571  5748 D MtkOmxVenc: [0xf1362c00] AVC EncTime=3205 (us), RGB_2_YUV=0, FrameCount= 9918, buf timestamp=188090104 (188090104053) IsKey(0), Size(992)  Slotbitcount(25168) : in VA=0xF1B0B840, offset=0x00000000, len=12, flags=0x00000010 : out VA=0xEB943000, offset=0x00000000sec:0x0, 0x0, pending=1
07-06 11:30:10.142   571  5748 D MtkOmxVenc: [0xf1362c00] AVC EncTime=3193 (us), RGB_2_YUV=0, FrameCount= 9919, buf timestamp=188090137 (188090137053) IsKey(0), Size(993)  Slotbitcount(33112) : in VA=0xF1B0B900, offset=0x00000000, len=12, flags=0x00000010 : out VA=0xED2C5000, offset=0x00000000sec:0x0, 0x0, pending=1
07-06 11:30:10.175   571  5748 D MtkOmxVenc: [0xf1362c00] AVC EncTime=3320 (us), RGB_2_YUV=0, FrameCount= 9920, buf timestamp=188090170 (188090170053) IsKey(0), Size(1012)  Slotbitcount(41208) : in VA=0xF1B0B940, offset=0x00000000, len=12, flags=0x00000010 : out VA=0xECFC5000, offset=0x00000000sec:0x0, 0x0, pending=1
07-06 11:30:10.209   571  5748 D MtkOmxVenc: [0xf1362c00] AVC EncTime=3276 (us), RGB_2_YUV=0, FrameCount= 9921, buf timestamp=188090203 (188090203053) IsKey(0), Size(1013)  Slotbitcount(49312) : in VA=0xF1B0B9A0, offset=0x00000000, len=12, flags=0x00000010 : out VA=0xECCC5000, offset=0x00000000sec:0x0, 0x0, pending=1
07-06 11:30:10.228   571  1236 D osal_utils: ## CPU OPP MASK ON (Video)
07-06 11:30:10.242   571  5748 D MtkOmxVenc: [0xf1362c00] AVC EncTime=3295 (us), RGB_2_YUV=0, FrameCount= 9922, buf timestamp=188090236 (188090236053) IsKey(0), Size(1012)  Slotbitcount(57408) : in VA=0xF1B0B500, offset=0x00000000, len=12, flags=0x00000010 : out VA=0xEC780000, offset=0x00000000sec:0x0, 0x0, pending=1
07-06 11:30:10.275   571  5748 D MtkOmxVenc: [0xf1362c00] AVC EncTime=3335 (us), RGB_2_YUV=0, FrameCount= 9923, buf timestamp=188090269 (188090269053) IsKey(0), Size(1013)  Slotbitcount(65512) : in VA=0xF1B0BA60, offset=0x00000000, len=12, flags=0x00000010 : out VA=0xEC480000, offset=0x00000000sec:0x0, 0x0, pending=1
07-06 11:30:10.309   571  5748 D MtkOmxVenc: [0xf1362c00] AVC EncTime=3285 (us), RGB_2_YUV=0, FrameCount= 9924, buf timestamp=188090302 (188090302053) IsKey(0), Size(1012)  Slotbitcount(73608) : in VA=0xF371DA40, offset=0x00000000, len=12, flags=0x00000010 : out VA=0xEBF43000, offset=0x00000000sec:0x0, 0x0, pending=1
07-06 11:30:10.342   571  5748 D MtkOmxVenc: [0xf1362c00] AVC EncTime=3281 (us), RGB_2_YUV=0, FrameCount= 9925, buf timestamp=188090335 (188090335053) IsKey(0), Size(1013)  Slotbitcount(81712) : in VA=0xF371D620, offset=0x00000000, len=12, flags=0x00000010 : out VA=0xEBC43000, offset=0x00000000sec:0x0, 0x0, pending=1
07-06 11:30:10.378   571  5748 D MtkOmxVenc: [0xf1362c00] AVC EncTime=5548 (us), RGB_2_YUV=0, FrameCount= 9926, buf timestamp=188090368 (188090368053) IsKey(0), Size(1012)  Slotbitcount(89808) : in VA=0xF371D6E0, offset=0x00000000, len=12, flags=0x00000010 : out VA=0xEB943000, offset=0x00000000sec:0x0, 0x0, pending=1
07-06 11:30:10.829   571  5748 D MtkOmxVenc: [0xf1362c00] AVC EncTime=8742 (us), RGB_2_YUV=0, FrameCount= 9927, buf timestamp=188090819 (188090819722) IsKey(0), Size(1050)  Slotbitcount(98208) : in VA=0xF371D5E0, offset=0x00000000, len=12, flags=0x00000010 : out VA=0xED2C5000, offset=0x00000000sec:0x0, 0x0, pending=1
07-06 11:30:10.845   571  5748 D MtkOmxVenc: [0xf1362c00] AVC EncTime=8829 (us), RGB_2_YUV=0, FrameCount= 9928, buf timestamp=188090836 (188090836072) IsKey(0), Size(992)  Slotbitcount(106144) : in VA=0xF1B0B6E0, offset=0x00000000, len=12, flags=0x00000010 : out VA=0xECFC5000, offset=0x00000000sec:0x0, 0x0, pending=1
07-06 11:30:10.873   571  5748 D MtkOmxVenc: [0xf1362c00] AVC EncTime=3211 (us), RGB_2_YUV=0, FrameCount= 9929, buf timestamp=188090869 (188090869072) IsKey(0), Size(992)  Slotbitcount(114080) : in VA=0xF1B0B780, offset=0x00000000, len=12, flags=0x00000010 : out VA=0xECCC5000, offset=0x00000000sec:0x0, 0x0, pending=1
07-06 11:30:10.907   571  5748 D MtkOmxVenc: [0xf1362c00] AVC EncTime=3307 (us), RGB_2_YUV=0, FrameCount= 9930, buf timestamp=188090902 (188090902072) IsKey(0), Size(992)  Slotbitcount(122016) : in VA=0xF1B0B840, offset=0x00000000, len=12, flags=0x00000010 : out VA=0xEC780000, offset=0x00000000sec:0x0, 0x0, pending=1
07-06 11:30:10.942   571  5748 D MtkOmxVenc: [0xf1362c00] AVC EncTime=5571 (us), RGB_2_YUV=0, FrameCount= 9931, buf timestamp=188090935 (188090935072) IsKey(0), Size(992)  Slotbitcount(129952) : in VA=0xF1B0B900, offset=0x00000000, len=12, flags=0x00000010 : out VA=0xEC480000, offset=0x00000000sec:0x0, 0x0, pending=1
07-06 11:30:10.976   571  5748 D MtkOmxVenc: [0xf1362c00] AVC EncTime=5558 (us), RGB_2_YUV=0, FrameCount= 9932, buf timestamp=188090968 (188090968072) IsKey(0), Size(1012)  Slotbitcount(138048) : in VA=0xF1B0B940, offset=0x00000000, len=12, flags=0x00000010 : out VA=0xEBF43000, offset=0x00000000sec:0x0, 0x0, pending=1
07-06 11:30:11.009   571  5748 D MtkOmxVenc: [0xf1362c00] AVC EncTime=5648 (us), RGB_2_YUV=0, FrameCount= 9933, buf timestamp=188091001 (188091001072) IsKey(0), Size(1012)  Slotbitcount(146144) : in VA=0xF1B0B9A0, offset=0x00000000, len=12, flags=0x00000010 : out VA=0xEBC43000, offset=0x00000000sec:0x0, 0x0, pending=1
07-06 11:30:11.042   571  5748 D MtkOmxVenc: [0xf1362c00] AVC EncTime=5560 (us), RGB_2_YUV=0, FrameCount= 9934, buf timestamp=188091034 (188091034072) IsKey(0), Size(1012)  Slotbitcount(154240) : in VA=0xF1B0B500, offset=0x00000000, len=12, flags=0x00000010 : out VA=0xEB943000, offset=0x00000000sec:0x0, 0x0, pending=1
07-06 11:30:11.076   571  5748 D MtkOmxVenc: [0xf1362c00] AVC EncTime=5555 (us), RGB_2_YUV=0, FrameCount= 9935, buf timestamp=188091067 (188091067072) IsKey(0), Size(1012)  Slotbitcount(8096) : in VA=0xF1B0BA60, offset=0x00000000, len=12, flags=0x00000010 : out VA=0xED2C5000, offset=0x00000000sec:0x0, 0x0, pending=1
07-06 11:30:11.109   571  5748 D MtkOmxVenc: [0xf1362c00] AVC EncTime=5655 (us), RGB_2_YUV=0, FrameCount= 9936, buf timestamp=188091100 (188091100072) IsKey(0), Size(1012)  Slotbitcount(16192) : in VA=0xF371DA40, offset=0x00000000, len=12, flags=0x00000010 : out VA=0xECFC5000, offset=0x00000000sec:0x0, 0x0, pending=1
07-06 11:30:11.142   571  5748 D MtkOmxVenc: [0xf1362c00] AVC EncTime=5563 (us), RGB_2_YUV=0, FrameCount= 9937, buf timestamp=188091133 (188091133072) IsKey(0), Size(1012)  Slotbitcount(24288) : in VA=0xF371D620, offset=0x00000000, len=12, flags=0x00000010 : out VA=0xECCC5000, offset=0x00000000sec:0x0, 0x0, pending=1
07-06 11:30:11.176   571  5748 D MtkOmxVenc: [0xf1362c00] AVC EncTime=5550 (us), RGB_2_YUV=0, FrameCount= 9938, buf timestamp=188091166 (188091166072) IsKey(0), Size(1012)  Slotbitcount(32384) : in VA=0xF371D6E0, offset=0x00000000, len=12, flags=0x00000010 : out VA=0xEC780000, offset=0x00000000sec:0x0, 0x0, pending=1
07-06 11:30:11.728   571  1236 D osal_utils: ## CPU OPP MASK OFF (Video)
07-06 11:30:11.813   439  3418 I BufferQueueProducer: [StatusBar#0](this:0x7c3266f800,id:3,api:1,p:1182,c:439) queueBuffer: fps=1.68 dur=1789.14 max=992.08 min=12.17
07-06 11:30:11.833   439   439 I SurfaceFlinger: [stdout (type:2)] fps:1.670185,dur:1796.21,max:998.04,min:16.47
07-06 11:30:11.833   439   439 I SurfaceFlinger: [Built-in Screen (type:0)] fps:1.670163,dur:1796.23,max:998.16,min:16.47
07-06 11:30:11.844   571  5748 D MtkOmxVenc: [0xf1362c00] AVC EncTime=8997 (us), RGB_2_YUV=0, FrameCount= 9939, buf timestamp=188091834 (188091834447) IsKey(0), Size(1049)  Slotbitcount(40776) : in VA=0xF371D5E0, offset=0x00000000, len=12, flags=0x00000010 : out VA=0xEC480000, offset=0x00000000sec:0x0, 0x0, pending=1
07-06 11:30:11.860   571  5748 D MtkOmxVenc: [0xf1362c00] AVC EncTime=8888 (us), RGB_2_YUV=0, FrameCount= 9940, buf timestamp=188091850 (188091850520) IsKey(0), Size(992)  Slotbitcount(48712) : in VA=0xF1B0B6E0, offset=0x00000000, len=12, flags=0x00000010 : out VA=0xEBF43000, offset=0x00000000sec:0x0, 0x0, pending=1
07-06 11:30:11.888   571  5748 D MtkOmxVenc: [0xf1362c00] AVC EncTime=3253 (us), RGB_2_YUV=0, FrameCount= 9941, buf timestamp=188091883 (188091883520) IsKey(0), Size(993)  Slotbitcount(56656) : in VA=0xF1B0B780, offset=0x00000000, len=12, flags=0x00000010 : out VA=0xEBC43000, offset=0x00000000sec:0x0, 0x0, pending=1
07-06 11:30:11.903  6647  6647 I ADB_SERVICES: service_to_fd shell,v2,raw:getprop
07-06 11:30:11.913  6647  6647 I ADB_SERVICES: local_socket_flush_incoming write_data=1134
07-06 11:30:11.921   571  5748 D MtkOmxVenc: [0xf1362c00] AVC EncTime=3258 (us), RGB_2_YUV=0, FrameCount= 9942, buf timestamp=188091916 (188091916520) IsKey(0), Size(992)  Slotbitcount(64592) : in VA=0xF1B0B840, offset=0x00000000, len=12, flags=0x00000010 : out VA=0xEB943000, offset=0x00000000sec:0x0, 0x0, pending=1
07-06 11:30:11.923  1006  1006 I MWN     : onSignalStrengthsChanged...
07-06 11:30:11.926  1006  1006 I MWN     : network type = 0
07-06 11:30:11.927  1006  1006 I MWN     : mobile type = 13
07-06 11:30:11.927  1006  1006 I MWN     : Write 0 to node. type=4G mSimExist=true mFlightMode=false
07-06 11:30:11.928  1006  1006 I MWN     : write the value:0 to node successfully.
07-06 11:30:11.957   571  5748 D MtkOmxVenc: [0xf1362c00] AVC EncTime=5613 (us), RGB_2_YUV=0, FrameCount= 9943, buf timestamp=188091949 (188091949520) IsKey(0), Size(993)  Slotbitcount(72536) : in VA=0xF1B0B900, offset=0x00000000, len=12, flags=0x00000010 : out VA=0xED2C5000, offset=0x00000000sec:0x0, 0x0, pending=1
07-06 11:30:11.959  6647 10342 I ADB_SERVICES: post waitpid (pid=10341) status=0000
07-06 11:30:11.959  6647  6647 I ADB_SERVICES: for fd 28, revents = 2011
07-06 11:30:11.959  6647  6647 I ADB_SERVICES: for fd 28, revents = 2011
07-06 11:30:11.990   571  5748 D MtkOmxVenc: [0xf1362c00] AVC EncTime=5593 (us), RGB_2_YUV=0, FrameCount= 9944, buf timestamp=188091982 (188091982520) IsKey(0), Size(1012)  Slotbitcount(80632) : in VA=0xF1B0B940, offset=0x00000000, len=12, flags=0x00000010 : out VA=0xECFC5000, offset=0x00000000sec:0x0, 0x0, pending=1
07-06 11:30:12.023   571  5748 D MtkOmxVenc: [0xf1362c00] AVC EncTime=5567 (us), RGB_2_YUV=0, FrameCount= 9945, buf timestamp=188092015 (188092015520) IsKey(0), Size(1013)  Slotbitcount(88736) : in VA=0xF1B0B9A0, offset=0x00000000, len=12, flags=0x00000010 : out VA=0xECCC5000, offset=0x00000000sec:0x0, 0x0, pending=1
07-06 11:30:12.057   571  5748 D MtkOmxVenc: [0xf1362c00] AVC EncTime=5652 (us), RGB_2_YUV=0, FrameCount= 9946, buf timestamp=188092048 (188092048520) IsKey(0), Size(1012)  Slotbitcount(96832) : in VA=0xF1B0B500, offset=0x00000000, len=12, flags=0x00000010 : out VA=0xEC780000, offset=0x00000000sec:0x0, 0x0, pending=1
07-06 11:30:12.090   571  5748 D MtkOmxVenc: [0xf1362c00] AVC EncTime=5586 (us), RGB_2_YUV=0, FrameCount= 9947, buf timestamp=188092081 (188092081520) IsKey(0), Size(1013)  Slotbitcount(8104) : in VA=0xF1B0BA60, offset=0x00000000, len=12, flags=0x00000010 : out VA=0xEC480000, offset=0x00000000sec:0x0, 0x0, pending=1
07-06 11:30:12.124   571  5748 D MtkOmxVenc: [0xf1362c00] AVC EncTime=5562 (us), RGB_2_YUV=0, FrameCount= 9948, buf timestamp=188092114 (188092114520) IsKey(0), Size(1012)  Slotbitcount(16200) : in VA=0xF371DA40, offset=0x00000000, len=12, flags=0x00000010 : out VA=0xEBF43000, offset=0x00000000sec:0x0, 0x0, pending=1
07-06 11:30:12.157   571  5748 D MtkOmxVenc: [0xf1362c00] AVC EncTime=5575 (us), RGB_2_YUV=0, FrameCount= 9949, buf timestamp=188092147 (188092147520) IsKey(0), Size(1013)  Slotbitcount(24304) : in VA=0xF371D620, offset=0x00000000, len=12, flags=0x00000010 : out VA=0xEBC43000, offset=0x00000000sec:0x0, 0x0, pending=1
07-06 11:30:12.190   571  5748 D MtkOmxVenc: [0xf1362c00] AVC EncTime=5549 (us), RGB_2_YUV=0, FrameCount= 9950, buf timestamp=188092180 (188092180520) IsKey(0), Size(1012)  Slotbitcount(32400) : in VA=0xF371D6E0, offset=0x00000000, len=12, flags=0x00000010 : out VA=0xEB943000, offset=0x00000000sec:0x0, 0x0, pending=1
07-06 11:30:12.228   571  1236 D osal_utils: ## CPU OPP MASK ON (Video)
07-06 11:30:12.728   571  1236 D osal_utils: ## CPU OPP MASK OFF (Video)
07-06 11:30:13.021   439  3418 I BufferQueueProducer: [StatusBar#0](this:0x7c3266f800,id:3,api:1,p:1182,c:439) queueBuffer: fps=1.66 dur=1207.78 max=1185.60 min=22.19
07-06 11:30:13.030   439   439 I SurfaceFlinger: [stdout (type:2)] fps:1.670385,dur:1197.33,max:1180.85,min:16.48
07-06 11:30:13.030   439   439 I SurfaceFlinger: [Built-in Screen (type:0)] fps:1.670408,dur:1197.31,max:1180.96,min:16.35
07-06 11:30:13.041   571  5748 D MtkOmxVenc: [0xf1362c00] AVC EncTime=8925 (us), RGB_2_YUV=0, FrameCount= 9951, buf timestamp=188093031 (188093031559) IsKey(0), Size(1157)  Slotbitcount(41656) : in VA=0xF371D5E0, offset=0x00000000, len=12, flags=0x00000010 : out VA=0xED2C5000, offset=0x00000000sec:0x0, 0x0, pending=1
07-06 11:30:13.059   417   417 E IMGMemtrackHAL: GetGLMemtrackRecords: Subtracting per-pid stats from global stats would wrap. Clamping global stats to zero.
07-06 11:30:13.060   417   417 I chatty  : uid=1000(system) memtrack@1.0-se identical 13 lines
07-06 11:30:13.060   417   417 E IMGMemtrackHAL: GetGLMemtrackRecords: Subtracting per-pid stats from global stats would wrap. Clamping global stats to zero.
07-06 11:30:13.060   417   417 W IMGMemtrackHAL: hal_get_memory: memtrack cache rebuild was required
07-06 11:30:13.069   571  5748 D MtkOmxVenc: [0xf1362c00] AVC EncTime=3279 (us), RGB_2_YUV=0, FrameCount= 9952, buf timestamp=188093064 (188093064559) IsKey(0), Size(992)  Slotbitcount(49592) : in VA=0xF1B0B6E0, offset=0x00000000, len=12, flags=0x00000010 : out VA=0xECFC5000, offset=0x00000000sec:0x0, 0x0, pending=1
07-06 11:30:13.089   417   417 E IMGMemtrackHAL: GetGLMemtrackRecords: Subtracting per-pid stats from global stats would wrap. Clamping global stats to zero.
07-06 11:30:13.089   417   417 I chatty  : uid=1000(system) memtrack@1.0-se identical 13 lines
07-06 11:30:13.089   417   417 E IMGMemtrackHAL: GetGLMemtrackRecords: Subtracting per-pid stats from global stats would wrap. Clamping global stats to zero.
07-06 11:30:13.089   417   417 W IMGMemtrackHAL: hal_get_memory: memtrack cache rebuild was required
07-06 11:30:13.101   417   417 E IMGMemtrackHAL: GetGLMemtrackRecords: Subtracting per-pid stats from global stats would wrap. Clamping global stats to zero.
07-06 11:30:13.102   417   417 I chatty  : uid=1000(system) memtrack@1.0-se identical 13 lines
07-06 11:30:13.102   417   417 E IMGMemtrackHAL: GetGLMemtrackRecords: Subtracting per-pid stats from global stats would wrap. Clamping global stats to zero.
07-06 11:30:13.102   417   417 W IMGMemtrackHAL: hal_get_memory: memtrack cache rebuild was required
07-06 11:30:13.102   571  5748 D MtkOmxVenc: [0xf1362c00] AVC EncTime=3237 (us), RGB_2_YUV=0, FrameCount= 9953, buf timestamp=188093097 (188093097559) IsKey(0), Size(993)  Slotbitcount(7944) : in VA=0xF1B0B780, offset=0x00000000, len=12, flags=0x00000010 : out VA=0xECCC5000, offset=0x00000000sec:0x0, 0x0, pending=1
07-06 11:30:13.112   417   417 E IMGMemtrackHAL: GetGLMemtrackRecords: Subtracting per-pid stats from global stats would wrap. Clamping global stats to zero.
07-06 11:30:13.133   417   417 I chatty  : uid=1000(system) memtrack@1.0-se identical 58 lines
07-06 11:30:13.133   417   417 E IMGMemtrackHAL: GetGLMemtrackRecords: Subtracting per-pid stats from global stats would wrap. Clamping global stats to zero.
07-06 11:30:13.136   571  5748 D MtkOmxVenc: [0xf1362c00] AVC EncTime=3232 (us), RGB_2_YUV=0, FrameCount= 9954, buf timestamp=188093130 (188093130559) IsKey(0), Size(992)  Slotbitcount(15880) : in VA=0xF1B0B840, offset=0x00000000, len=12, flags=0x00000010 : out VA=0xEC780000, offset=0x00000000sec:0x0, 0x0, pending=1
07-06 11:30:13.138   417   417 E IMGMemtrackHAL: GetGLMemtrackRecords: Subtracting per-pid stats from global stats would wrap. Clamping global stats to zero.
07-06 11:30:13.166   417   417 I chatty  : uid=1000(system) memtrack@1.0-se identical 103 lines
07-06 11:30:13.166   417   417 E IMGMemtrackHAL: GetGLMemtrackRecords: Subtracting per-pid stats from global stats would wrap. Clamping global stats to zero.
07-06 11:30:13.166   417   417 W IMGMemtrackHAL: hal_get_memory: memtrack cache rebuild was required
07-06 11:30:13.170   417   417 E IMGMemtrackHAL: GetGLMemtrackRecords: Subtracting per-pid stats from global stats would wrap. Clamping global stats to zero.
07-06 11:30:13.170   417   417 I chatty  : uid=1000(system) memtrack@1.0-se identical 13 lines
07-06 11:30:13.170   417   417 E IMGMemtrackHAL: GetGLMemtrackRecords: Subtracting per-pid stats from global stats would wrap. Clamping global stats to zero.
07-06 11:30:13.170   417   417 W IMGMemtrackHAL: hal_get_memory: memtrack cache rebuild was required
07-06 11:30:13.171   571  5748 D MtkOmxVenc: [0xf1362c00] AVC EncTime=5534 (us), RGB_2_YUV=0, FrameCount= 9955, buf timestamp=188093163 (188093163559) IsKey(0), Size(1013)  Slotbitcount(23984) : in VA=0xF1B0B900, offset=0x00000000, len=12, flags=0x00000010 : out VA=0xEC480000, offset=0x00000000sec:0x0, 0x0, pending=1
07-06 11:30:13.172   417   417 E IMGMemtrackHAL: GetGLMemtrackRecords: Subtracting per-pid stats from global stats would wrap. Clamping global stats to zero.
07-06 11:30:13.172   417   417 I chatty  : uid=1000(system) memtrack@1.0-se identical 13 lines
07-06 11:30:13.172   417   417 E IMGMemtrackHAL: GetGLMemtrackRecords: Subtracting per-pid stats from global stats would wrap. Clamping global stats to zero.
07-06 11:30:13.172   417   417 W IMGMemtrackHAL: hal_get_memory: memtrack cache rebuild was required
07-06 11:30:13.205   571  5748 D MtkOmxVenc: [0xf1362c00] AVC EncTime=5546 (us), RGB_2_YUV=0, FrameCount= 9956, buf timestamp=188093196 (188093196559) IsKey(0), Size(1012)  Slotbitcount(32080) : in VA=0xF1B0B940, offset=0x00000000, len=12, flags=0x00000010 : out VA=0xEBF43000, offset=0x00000000sec:0x0, 0x0, pending=1
07-06 11:30:13.205   417   417 E IMGMemtrackHAL: GetGLMemtrackRecords: Subtracting per-pid stats from global stats would wrap. Clamping global stats to zero.
07-06 11:30:13.205   417   417 I chatty  : uid=1000(system) memtrack@1.0-se identical 13 lines
07-06 11:30:13.205   417   417 E IMGMemtrackHAL: GetGLMemtrackRecords: Subtracting per-pid stats from global stats would wrap. Clamping global stats to zero.
07-06 11:30:13.205   417   417 W IMGMemtrackHAL: hal_get_memory: memtrack cache rebuild was required
07-06 11:30:13.223   417   417 E IMGMemtrackHAL: GetGLMemtrackRecords: Subtracting per-pid stats from global stats would wrap. Clamping global stats to zero.
07-06 11:30:13.223   417   417 I chatty  : uid=1000(system) memtrack@1.0-se identical 13 lines
07-06 11:30:13.223   417   417 E IMGMemtrackHAL: GetGLMemtrackRecords: Subtracting per-pid stats from global stats would wrap. Clamping global stats to zero.
07-06 11:30:13.223   417   417 W IMGMemtrackHAL: hal_get_memory: memtrack cache rebuild was required
07-06 11:30:13.229   571  1236 D osal_utils: ## CPU OPP MASK ON (Video)
07-06 11:30:13.238   571  5748 D MtkOmxVenc: [0xf1362c00] AVC EncTime=5542 (us), RGB_2_YUV=0, FrameCount= 9957, buf timestamp=188093229 (188093229559) IsKey(0), Size(1013)  Slotbitcount(40184) : in VA=0xF1B0B9A0, offset=0x00000000, len=12, flags=0x00000010 : out VA=0xEBC43000, offset=0x00000000sec:0x0, 0x0, pending=1
07-06 11:30:13.242   417   417 E IMGMemtrackHAL: GetGLMemtrackRecords: Subtracting per-pid stats from global stats would wrap. Clamping global stats to zero.
07-06 11:30:13.258   417   417 I chatty  : uid=1000(system) memtrack@1.0-se identical 28 lines
07-06 11:30:13.258   417   417 E IMGMemtrackHAL: GetGLMemtrackRecords: Subtracting per-pid stats from global stats would wrap. Clamping global stats to zero.
07-06 11:30:13.258   417   417 W IMGMemtrackHAL: hal_get_memory: memtrack cache rebuild was required
07-06 11:30:13.271   571  5748 D MtkOmxVenc: [0xf1362c00] AVC EncTime=5586 (us), RGB_2_YUV=0, FrameCount= 9958, buf timestamp=188093262 (188093262559) IsKey(0), Size(1012)  Slotbitcount(48280) : in VA=0xF1B0B500, offset=0x00000000, len=12, flags=0x00000010 : out VA=0xEB943000, offset=0x00000000sec:0x0, 0x0, pending=1
07-06 11:30:13.273   417   417 E IMGMemtrackHAL: GetGLMemtrackRecords: Subtracting per-pid stats from global stats would wrap. Clamping global stats to zero.
07-06 11:30:13.273   417   417 I chatty  : uid=1000(system) memtrack@1.0-se identical 13 lines
07-06 11:30:13.273   417   417 E IMGMemtrackHAL: GetGLMemtrackRecords: Subtracting per-pid stats from global stats would wrap. Clamping global stats to zero.
07-06 11:30:13.273   417   417 W IMGMemtrackHAL: hal_get_memory: memtrack cache rebuild was required
07-06 11:30:13.290   417   417 E IMGMemtrackHAL: GetGLMemtrackRecords: Subtracting per-pid stats from global stats would wrap. Clamping global stats to zero.
07-06 11:30:13.304   417   417 I chatty  : uid=1000(system) memtrack@1.0-se identical 28 lines
07-06 11:30:13.304   417   417 E IMGMemtrackHAL: GetGLMemtrackRecords: Subtracting per-pid stats from global stats would wrap. Clamping global stats to zero.
07-06 11:30:13.304   417   417 W IMGMemtrackHAL: hal_get_memory: memtrack cache rebuild was required
07-06 11:30:13.305   571  5748 D MtkOmxVenc: [0xf1362c00] AVC EncTime=5537 (us), RGB_2_YUV=0, FrameCount= 9959, buf timestamp=188093295 (188093295559) IsKey(0), Size(1013)  Slotbitcount(56384) : in VA=0xF1B0BA60, offset=0x00000000, len=12, flags=0x00000010 : out VA=0xED2C5000, offset=0x00000000sec:0x0, 0x0, pending=1
07-06 11:30:13.318   417   417 E IMGMemtrackHAL: GetGLMemtrackRecords: Subtracting per-pid stats from global stats would wrap. Clamping global stats to zero.
07-06 11:30:13.330   417   417 I chatty  : uid=1000(system) memtrack@1.0-se identical 28 lines
07-06 11:30:13.330   417   417 E IMGMemtrackHAL: GetGLMemtrackRecords: Subtracting per-pid stats from global stats would wrap. Clamping global stats to zero.
07-06 11:30:13.338   571  5748 D MtkOmxVenc: [0xf1362c00] AVC EncTime=5551 (us), RGB_2_YUV=0, FrameCount= 9960, buf timestamp=188093328 (188093328559) IsKey(0), Size(1012)  Slotbitcount(64480) : in VA=0xF371DA40, offset=0x00000000, len=12, flags=0x00000010 : out VA=0xECFC5000, offset=0x00000000sec:0x0, 0x0, pending=1
07-06 11:30:13.341   417   417 E IMGMemtrackHAL: GetGLMemtrackRecords: Subtracting per-pid stats from global stats would wrap. Clamping global stats to zero.
07-06 11:30:13.341   417   417 I chatty  : uid=1000(system) memtrack@1.0-se identical 13 lines
07-06 11:30:13.341   417   417 E IMGMemtrackHAL: GetGLMemtrackRecords: Subtracting per-pid stats from global stats would wrap. Clamping global stats to zero.
07-06 11:30:13.341   417   417 W IMGMemtrackHAL: hal_get_memory: memtrack cache rebuild was required
07-06 11:30:13.354   417   417 E IMGMemtrackHAL: GetGLMemtrackRecords: Subtracting per-pid stats from global stats would wrap. Clamping global stats to zero.
07-06 11:30:13.354   417   417 I chatty  : uid=1000(system) memtrack@1.0-se identical 13 lines
07-06 11:30:13.354   417   417 E IMGMemtrackHAL: GetGLMemtrackRecords: Subtracting per-pid stats from global stats would wrap. Clamping global stats to zero.
07-06 11:30:13.354   417   417 W IMGMemtrackHAL: hal_get_memory: memtrack cache rebuild was required
07-06 11:30:13.363   417   417 E IMGMemtrackHAL: GetGLMemtrackRecords: Subtracting per-pid stats from global stats would wrap. Clamping global stats to zero.
07-06 11:30:13.363   417   417 I chatty  : uid=1000(system) memtrack@1.0-se identical 13 lines
07-06 11:30:13.364   417   417 E IMGMemtrackHAL: GetGLMemtrackRecords: Subtracting per-pid stats from global stats would wrap. Clamping global stats to zero.
07-06 11:30:13.371   571  5748 D MtkOmxVenc: [0xf1362c00] AVC EncTime=5557 (us), RGB_2_YUV=0, FrameCount= 9961, buf timestamp=188093361 (188093361559) IsKey(0), Size(1013)  Slotbitcount(72584) : in VA=0xF371D620, offset=0x00000000, len=12, flags=0x00000010 : out VA=0xECCC5000, offset=0x00000000sec:0x0, 0x0, pending=1
07-06 11:30:13.373   417   417 E IMGMemtrackHAL: GetGLMemtrackRecords: Subtracting per-pid stats from global stats would wrap. Clamping global stats to zero.
07-06 11:30:13.392   417   417 I chatty  : uid=1000(system) memtrack@1.0-se identical 43 lines
07-06 11:30:13.392   417   417 E IMGMemtrackHAL: GetGLMemtrackRecords: Subtracting per-pid stats from global stats would wrap. Clamping global stats to zero.
07-06 11:30:13.392   417   417 W IMGMemtrackHAL: hal_get_memory: memtrack cache rebuild was required
07-06 11:30:13.401   417   417 E IMGMemtrackHAL: GetGLMemtrackRecords: Subtracting per-pid stats from global stats would wrap. Clamping global stats to zero.
07-06 11:30:13.401   417   417 I chatty  : uid=1000(system) memtrack@1.0-se identical 13 lines
07-06 11:30:13.401   417   417 E IMGMemtrackHAL: GetGLMemtrackRecords: Subtracting per-pid stats from global stats would wrap. Clamping global stats to zero.
07-06 11:30:13.401   417   417 W IMGMemtrackHAL: hal_get_memory: memtrack cache rebuild was required
07-06 11:30:13.413   417   417 E IMGMemtrackHAL: GetGLMemtrackRecords: Subtracting per-pid stats from global stats would wrap. Clamping global stats to zero.
07-06 11:30:13.580   417   417 I chatty  : uid=1000(system) memtrack@1.0-se identical 403 lines
07-06 11:30:13.580   417   417 E IMGMemtrackHAL: GetGLMemtrackRecords: Subtracting per-pid stats from global stats would wrap. Clamping global stats to zero.
07-06 11:30:14.229   571  1236 D osal_utils: ## CPU OPP MASK OFF (Video)
07-06 11:30:14.269  1006  1006 I JobServiceContext: Client timed out while executing (no jobFinished received), sending onStop: ffccd67 #u0a361/10009 com.huawei.health/com.huawei.hwservicesmgr.PhoneJobService
07-06 11:30:14.496  1006  1006 I MWN     : onSignalStrengthsChanged...
07-06 11:30:14.505  1006  1006 I MWN     : network type = 0
07-06 11:30:14.507  1006  1006 I MWN     : mobile type = 13
07-06 11:30:14.507  1006  1006 I MWN     : Write 0 to node. type=4G mSimExist=true mFlightMode=false
07-06 11:30:14.509  1006  1006 I MWN     : write the value:0 to node successfully.
07-06 11:30:14.875   575   575 I thermal_repeater: [recvMdThermalInfo] ret=33, strLen=127,  3, 39, -15, -28410, 32767, 25518
07-06 11:30:14.911 18572 18612 D phonemaster_log: HiManager_Utils: UtilsisShowNotification false
07-06 11:30:14.912 18572 18612 D phonemaster_log: HiManager_MasterCoreService: MESSAGE_SERVICE_WHAT_UPDATE_NOTIFICATION isShowNotificationfalse
