07-06 11:21:36.730  1006  3064 I Telecom : InCallController: Sending updateCall [TC@96, ACTIVE, com.android.phone/com.android.services.telephony.TelephonyConnectionService, tel:***********, A, childs(0), has_parent(false), [Capabilities: CAPABILITY_HOLD CAPABILITY_SUPPORT_HOLD CAPABILITY_MUTE CAPABILITY_CANNOT_DOWNGRADE_VIDEO_TO_AUDIO CAPABILITY_SPEED_UP_MT_AUDIO M_CAPABILITY_CAPABILITY_CALL_RECORDING], [Properties: PROPERTY_HIGH_DEF_AUDIO]]: CSW.sCP@Tl0
07-06 11:21:36.731  1006  3064 I Telecom : Event: RecordEntry TC@96: PROPERTY_CHANGE, Current: [[ HD]], Removed [[]], Added [[ HD]]: CSW.sCP@Tl0
07-06 11:21:36.732  1006  3064 I Telecom : InCallController: Sending updateCall [TC@96, ACTIVE, com.android.phone/com.android.services.telephony.TelephonyConnectionService, tel:***********, A, childs(0), has_parent(false), [Capabilities: CAPABILITY_HOLD CAPABILITY_SUPPORT_HOLD CAPABILITY_MUTE CAPABILITY_CANNOT_DOWNGRADE_VIDEO_TO_AUDIO CAPABILITY_SPEED_UP_MT_AUDIO M_CAPABILITY_CAPABILITY_CALL_RECORDING], [Properties: PROPERTY_HIGH_DEF_AUDIO]]: CSW.sSH@Tl4
07-06 11:21:36.748  1006  3064 I Telecom : InCallController: Sending updateCall [TC@96, ACTIVE, com.android.phone/com.android.services.telephony.TelephonyConnectionService, tel:***********, A, childs(0), has_parent(false), [Capabilities: CAPABILITY_HOLD CAPABILITY_SUPPORT_HOLD CAPABILITY_MUTE CAPABILITY_CANNOT_DOWNGRADE_VIDEO_TO_AUDIO CAPABILITY_SPEED_UP_MT_AUDIO M_CAPABILITY_CAPABILITY_CALL_RECORDING], [Properties: PROPERTY_HIGH_DEF_AUDIO]]: CSW.rE@Tl8
07-06 11:21:36.752  1006  1565 I Telecom : CallAudioRouteStateMachine: setSystemAudioState: changing from [AudioState isMuted: false, route: BLUETOOTH, supportedRouteMask: EARPIECE, BLUETOOTH, SPEAKER, activeBluetoothDevice: [null], supportedBluetoothDevices: [00:14:BE:83:0B:3E]] to [AudioState isMuted: false, route: BLUETOOTH, supportedRouteMask: EARPIECE, BLUETOOTH, SPEAKER, activeBluetoothDevice: [00:14:BE:83:0B:3E], supportedBluetoothDevices: [00:14:BE:83:0B:3E]]: ICA.aC->CSFM.rF->CAMSM.pM_2004->CARSM.pM_SWITCH_FOCUS->BRM.pM_100->BRM.pM_102->CARSM.pM_BT_AUDIO_CONNECTED@TlI
07-06 11:21:36.752  1006  1006 I Telecom : BluetoothStateReceiver: Device 00:14:BE:83:0B:3E transitioned to audio state 11: BSR.oR@TmA
07-06 11:21:36.753  1006  1565 I Telecom : InCallController: Calling onAudioStateChanged, audioState: [AudioState isMuted: false, route: BLUETOOTH, supportedRouteMask: EARPIECE, BLUETOOTH, SPEAKER, activeBluetoothDevice: [null], supportedBluetoothDevices: [00:14:BE:83:0B:3E]] -> [AudioState isMuted: false, route: BLUETOOTH, supportedRouteMask: EARPIECE, BLUETOOTH, SPEAKER, activeBluetoothDevice: [00:14:BE:83:0B:3E], supportedBluetoothDevices: [00:14:BE:83:0B:3E]]: ICA.aC->CSFM.rF->CAMSM.pM_2004->CARSM.pM_SWITCH_FOCUS->BRM.pM_100->BRM.pM_102->CARSM.pM_BT_AUDIO_CONNECTED@TlI
07-06 11:21:36.766  8221  8221 D StatusBarManager: Hide incall statubar
07-06 11:21:36.773   569   712 E storaged: getDiskStats failed with result NOT_SUPPORTED and size 0
07-06 11:21:36.780  1006  1566 I Telecom : CallAudioModeStateMachine: Message received: NO_MORE_RINGING_CALLS.: CSW.sA->CAMSM.pM_1002@TlY
07-06 11:21:36.780  1006  1566 I Telecom : CallAudioModeStateMachine: Message received: NEW_ACTIVE_OR_DIALING_CALL.: CSW.sA->CAMSM.pM_2001@TlY
07-06 11:21:36.786  1006  1566 I Telecom : CallAudioModeStateMachine: Message received: RINGER_MODE_CHANGE.: ICA.aC->CSFM.rF->CAMSM.pM_2004->CARSM.pM_SWITCH_FOCUS->BRM.pM_100->BRM.pM_102->CARSM.pM_BT_AUDIO_CONNECTED->CAMSM.pM_5001@TlI
07-06 11:21:36.800  1006  1038 I ActivityManager:             activityOccluded change mActivityOcclude=true
07-06 11:21:36.800  1006  1038 D WindowManager: keyguardShowing=false
07-06 11:21:36.800  1006  1038 D WindowManager: isOccluded : true,changed : true,showing : false
07-06 11:21:36.814  1006  1006 V SettingsProvider: Notifying for 0: content://settings/global/os_quick_start_occlude
07-06 11:21:36.880  1006  2011 V SettingsProvider: name : transsion_in_can_auto_call_record appId : 1000
07-06 11:21:36.906  1006  1006 V SettingsProvider: Notifying for 0: content://settings/system/transsion_in_can_auto_call_record
07-06 11:21:36.914  1006  1006 D ActivityManager: AMS: *** Launch app com.mediatek.callrecorder/1000 for service Intent { act=mediatek.telecom.action.CALL_RECORD cmp=com.mediatek.callrecorder/.CallRecorderService }, from android/1000.
07-06 11:21:36.930  1006  2011 I WindowManager: Relayout Window{14501af u0 com.android.incallui/com.android.incallui.InCallActivity}: oldVis=4 newVis=0 focusMayChange = true
07-06 11:21:36.942  1006  2011 V WindowManager: Changing focus from null to Window{14501af u0 com.android.incallui/com.android.incallui.InCallActivity} Callers=com.android.server.wm.WindowManagerService.relayoutWindow:2238 com.android.server.wm.Session.relayout:245 android.view.IWindowSession$Stub.onTransact:309 com.android.server.wm.Session.onTransact:165 
07-06 11:21:36.942  1006  2011 D WindowManager: Input focus has changed to Window{14501af u0 com.android.incallui/com.android.incallui.InCallActivity}
07-06 11:21:36.943  1006  1038 I WindowManager: Focus moving from null to Window{14501af u0 com.android.incallui/com.android.incallui.InCallActivity}
07-06 11:21:36.950  1006  1029 I ActivityManager: Start proc 8871:com.mediatek.callrecorder/1000 for service com.mediatek.callrecorder/.CallRecorderService
07-06 11:21:36.988  1006  1006 I Telecom : BluetoothStateReceiver: Device 00:14:BE:83:0B:3E transitioned to audio state 12: BSR.oR@TmI
07-06 11:21:36.989  1006  1562 I Telecom : BluetoothRouteManager: Message received: HFP_IS_ON.: BSR.oR->BRM.pM_200@TmI
07-06 11:21:36.989  1006  1562 I Telecom : BluetoothRouteManager: HFP connection success for device 00:14:BE:83:0B:3E.: BSR.oR->BRM.pM_200@TmI
07-06 11:21:36.990  1006  1565 I Telecom : CallAudioRouteStateMachine: Message received: BT_AUDIO_CONNECTED=1302, arg1=0: BSR.oR->BRM.pM_200->CARSM.pM_BT_AUDIO_CONNECTED@TmI
07-06 11:21:36.991  1006  1565 I Telecom : ActiveBluetoothRoute: Processing message BT_AUDIO_CONNECTED: BSR.oR->BRM.pM_200->CARSM.pM_BT_AUDIO_CONNECTED@TmI
07-06 11:21:36.991  1006  1566 I Telecom : CallAudioModeStateMachine: Message received: RINGER_MODE_CHANGE.: BSR.oR->BRM.pM_200->CARSM.pM_BT_AUDIO_CONNECTED->CAMSM.pM_5001@TmI
07-06 11:21:36.998  1006  3064 D MtkConnectivityService: requestNetwork for uid/pid:10105/8678 NetworkRequest [ TRACK_DEFAULT id=9720, [ Capabilities: INTERNET&NOT_RESTRICTED&TRUSTED Unwanted:  Uid: 10105] ]
07-06 11:21:37.001  1006  1565 I Telecom : CallAudioRouteStateMachine: setSystemAudioState: changing from [AudioState isMuted: false, route: BLUETOOTH, supportedRouteMask: EARPIECE, BLUETOOTH, SPEAKER, activeBluetoothDevice: [00:14:BE:83:0B:3E], supportedBluetoothDevices: [00:14:BE:83:0B:3E]] to [AudioState isMuted: false, route: BLUETOOTH, supportedRouteMask: EARPIECE, BLUETOOTH, SPEAKER, activeBluetoothDevice: [00:14:BE:83:0B:3E], supportedBluetoothDevices: [00:14:BE:83:0B:3E]]: BSR.oR->BRM.pM_200->CARSM.pM_BT_AUDIO_CONNECTED@TmI
07-06 11:21:37.018  1006  1006 I MWN     : onSignalStrengthsChanged...
07-06 11:21:37.024  1006  1006 I MWN     : network type = 0
07-06 11:21:37.025  1006  1006 I MWN     : mobile type = 15
07-06 11:21:37.025  1006  1006 I MWN     : mSignalStrength.getLevel = 4
07-06 11:21:37.025  1006  1006 I MWN     : Write 0 to node. type=3G mSimExist=true mFlightMode=false
07-06 11:21:37.027  1006  1006 I MWN     : write the value:0 to node successfully.
07-06 11:21:37.124  1006  1082 D MitePluginAppLockWMImpl: MID_SERVICE_WM_AppWindowToken_setVisibility awToken:AppWindowToken{2736fcf token=Token{a3cc82e ActivityRecord{f72daa9 u0 com.android.incallui/.InCallActivity t440}}} visible:true
07-06 11:21:37.125  1006  1082 D WindowManager: mKeyguardOccludedChanged=false
07-06 11:21:37.173  8871  8871 D CallRecorderService: onCreate
07-06 11:21:37.183  8871  8871 D CallRecorderService: [onBind]
07-06 11:21:37.183  8871  8891 D CallRecorderService: [handleMessage] message = REQUEST_BIND_SERVICE
07-06 11:21:37.187  8871  8887 D CallRecorderService: [setCallback]callback = com.mediatek.internal.telecom.ICallRecorderCallback$Stub$Proxy@eeb751c
07-06 11:21:37.188  8871  8887 D CallRecorderService: [startVoiceRecord]
07-06 11:21:37.188  8871  8891 D CallRecorderService: [handleMessage] message = REQUEST_SET_CALLBACK
07-06 11:21:37.188  8871  8891 D CallRecorderService: [handleMessage] message = REQUEST_START_RECORDING
07-06 11:21:37.188  8871  8891 D CallRecorderService: [handleMessage]do start recording
07-06 11:21:37.191  8871  8891 D CallRecorder: startRecord, mRequestedType = audio/3gpp
07-06 11:21:37.196  1006  2337 V SettingsProvider: packageValueForCallResult, name = transsion_in_number_for_record, value : Bundle[{_track_generation=android.util.MemoryIntArray@73, value=01128992223, _generation_index=2, _generation=1006}]
07-06 11:21:37.199  1006  1039 D ProcessManager.SC: mem= 1153, lowmem=true
07-06 11:21:37.199  8871  8891 D RecorderUtils: isExternalStorageMounted = mounted
07-06 11:21:37.201  8871  8891 D RecorderUtils: total size in getDiskAvailableSize() = 9642876928
07-06 11:21:37.201  8871  8891 D Recorder: startRecording
07-06 11:21:37.218  8871  8891 D Recorder: sampleDir path is /storage/emulated/0/PhoneRecord/01128992223
07-06 11:21:37.219  8871  8891 D Recorder: finish creating temp file, start to record
07-06 11:21:37.229  8871  8891 D Recorder: recordType is: -1
07-06 11:21:37.257  1006  2081 I ProcStateListenerService: onStart 8871 package=com.mediatek.callrecorder
07-06 11:21:37.514  1006  1125 V SettingsProvider: name : volume_voice_earpiece appId : 1000
07-06 11:21:37.537  1006  1038 D ProcessManager: add into alertList : com.truecaller
07-06 11:21:37.641  8871  8891 D Recorder: fireStateChanged 1
07-06 11:21:37.642  1006  1006 I Telecom : Call: [onRecordStateChanged] isVoiceRecording: false, new state: 1,new isVoiceRecording: true, mState: 5
07-06 11:21:37.643  1006  1006 I Telecom : InCallController: Sending updateCall [TC@96, ACTIVE, com.android.phone/com.android.services.telephony.TelephonyConnectionService, tel:***********, A, childs(0), has_parent(false), [Capabilities: CAPABILITY_HOLD CAPABILITY_SUPPORT_HOLD CAPABILITY_MUTE CAPABILITY_CANNOT_DOWNGRADE_VIDEO_TO_AUDIO CAPABILITY_SPEED_UP_MT_AUDIO M_CAPABILITY_CAPABILITY_CALL_RECORDING], [Properties: PROPERTY_HIGH_DEF_AUDIO M_PROPERTY_VOICE_RECORDING]]
07-06 11:21:37.645  1006  1006 I Telecom : Event: RecordEntry TC@96: PROPERTY_CHANGE, Current: [[ HD m_rcrding]], Removed [[]], Added [[ m_rcrding]]
07-06 11:21:37.703  1006  1039 D ProcessManager: com.android.server.telecom is current play music
07-06 11:21:37.705  1006  1039 D DeepClean: Pre kill proc[ N:com.transsion.weathers,P:com.transsion.weathers,A:900,S:18,FA:false,FS:false,TP:cch-empty,PS:0]
07-06 11:21:37.705  1006  1039 D DeepClean: Pre kill proc[ N:com.android.chrome:sandboxed_process0,P:com.transsion.weathers,A:900,S:18,FA:false,FS:false,TP:cch-empty,PS:0]
07-06 11:21:37.705  1006  1039 D DeepClean: Pre kill proc[ N:com.android.cellbroadcastreceiver,P:com.android.cellbroadcastreceiver,A:902,S:18,FA:false,FS:false,TP:cch-empty,PS:0]
07-06 11:21:37.707  1006  1039 D ProcessManager: Get SplitScreen App:null
07-06 11:21:37.707  1006  1039 D ProcessManager: Force kill ProcessRecord{ed45a6b 8678:com.transsion.weathers/u0a105}
07-06 11:21:37.708  1006  1039 I ActivityManager: Killing 8678:com.transsion.weathers/u0a105 (adj 900): force kill
07-06 11:21:37.732  1006  1039 D ProcessManager: Force removing porc changed ProcessRecord{f416e4c 8814:com.android.chrome:sandboxed_process0/u0a105i386}, orange:900|18
07-06 11:21:37.732  1006  1039 D ProcessManager: Force removing porc changed ProcessRecord{93f4e95 8657:com.android.cellbroadcastreceiver/1000}, orange:902|18
07-06 11:21:37.737  1006  2337 I ActivityManager: Killing 8814:com.android.chrome:sandboxed_process0/u0a105i386 (adj 0): isolated not needed
07-06 11:21:37.963  1006  5410 D MtkConnectivityService: ConnectivityService NetworkRequestInfo binderDied(NetworkRequest [ TRACK_DEFAULT id=9720, [ Capabilities: INTERNET&NOT_RESTRICTED&TRUSTED Unwanted:  Uid: 10105] ], android.os.BinderProxy@5e23b13)
07-06 11:21:37.963  1006  2011 D MtkConnectivityService: ConnectivityService NetworkRequestInfo binderDied(NetworkRequest [ LISTEN id=9721, [ Capabilities: INTERNET&NOT_RESTRICTED&TRUSTED Unwanted:  Uid: 10105] ], android.os.BinderProxy@d35bf49)
07-06 11:21:37.963  1006  1162 D MtkConnectivityService: ConnectivityService NetworkRequestInfo binderDied(NetworkRequest [ TRACK_DEFAULT id=9719, [ Capabilities: INTERNET&NOT_RESTRICTED&TRUSTED Unwanted:  Uid: 10105] ], android.os.BinderProxy@3052150)
07-06 11:21:37.963  1006  1114 D MtkConnectivityService: releasing NetworkRequest [ TRACK_DEFAULT id=9720, [ Capabilities: INTERNET&NOT_RESTRICTED&TRUSTED Unwanted:  Uid: 10105] ] (release request)
07-06 11:21:37.965  1006  1114 D MtkConnectivityService: releasing NetworkRequest [ TRACK_DEFAULT id=9719, [ Capabilities: INTERNET&NOT_RESTRICTED&TRUSTED Unwanted:  Uid: 10105] ] (release request)
07-06 11:21:38.121  1006  1585 W BroadcastQueue: Permission Denial: receiving Intent { act=android.intent.action.PHONE_STATE flg=0x1000010 (has extras) } to org.telegram.messenger/.CallReceiver requires android.permission.READ_PHONE_STATE due to sender android (uid 1000)
07-06 11:21:38.189  1006  1585 D MtkConnectivityService: requestNetwork for uid/pid:10200/8246 NetworkRequest [ TRACK_DEFAULT id=9722, [ Capabilities: INTERNET&NOT_RESTRICTED&TRUSTED Unwanted:  Uid: 10200] ]
07-06 11:21:38.348  1006  5428 W BroadcastQueue: Permission Denial: receiving Intent { act=android.intent.action.PHONE_STATE flg=0x1000010 (has extras) } to org.telegram.messenger/.CallReceiver requires android.permission.READ_PHONE_STATE due to sender android (uid 1000)
07-06 11:21:38.948  1006  1038 D ProcessManager: remove from alertList : com.truecaller
07-06 11:21:39.512  1006  1006 I MWN     : onSignalStrengthsChanged...
07-06 11:21:39.516  1006  1006 I MWN     : network type = 0
07-06 11:21:39.517  1006  1006 I MWN     : mobile type = 15
07-06 11:21:39.517  1006  1006 I MWN     : mSignalStrength.getLevel = 4
07-06 11:21:39.517  1006  1006 I MWN     : Write 0 to node. type=3G mSimExist=true mFlightMode=false
07-06 11:21:39.518  1006  1006 I MWN     : write the value:0 to node successfully.
07-06 11:21:40.141  1006  1025 W BroadcastQueue: Permission Denial: broadcasting Intent { act=android.net.conn.CONNECTIVITY_CHANGE flg=0x4200010 (has extras) } from null (pid=-1, uid=-1) requires com.facebook.permission.prod.FB_APP_COMMUNICATION due to registered receiver BroadcastFilter{f13ec22 u0 ReceiverList{9a905ed 8139 com.facebook.katana/11076/u0 remote:2dc8c04}}
07-06 11:21:40.240  1006  1039 D ProcessManager.SC: mem= 1112, lowmem=true
07-06 11:21:40.446  8139  8313 E SchedPolicy: set_timerslack_ns write failed: Operation not permitted
07-06 11:21:40.568  8139  8462 E ActivityThread: Failed to find provider info for com.android.launcher3.cornermark.unreadbadge
07-06 11:21:40.744  1006  1039 D ProcessManager: com.android.server.telecom is current play music
07-06 11:21:40.745  1006  1039 D DeepClean: Pre kill proc[ N:com.android.cellbroadcastreceiver,P:com.android.cellbroadcastreceiver,A:902,S:18,FA:false,FS:false,TP:cch-empty,PS:0]
07-06 11:21:40.745  1006  1039 D ProcessManager: Get SplitScreen App:null
07-06 11:21:40.745  1006  1039 D ProcessManager: Force kill ProcessRecord{93f4e95 8657:com.android.cellbroadcastreceiver/1000}
07-06 11:21:40.745  1006  1039 D ActivityManager: *Ignore deepRemove jobs & alarms for com.android.cellbroadcastreceiver/1000
07-06 11:21:40.746  1006  1039 I ActivityManager: Killing 8657:com.android.cellbroadcastreceiver/1000 (adj 902): force kill
07-06 11:21:41.094  8139  8466 E SchedPolicy: set_timerslack_ns write failed: Operation not permitted
07-06 11:21:41.208  1006  1006 W WindowManager: removeWindowToken: Attempted to remove non-existing token: android.os.Binder@231f6c8
07-06 11:21:42.015  1006  1006 I MWN     : onSignalStrengthsChanged...
07-06 11:21:42.020  1006  1006 I MWN     : network type = 0
07-06 11:21:42.021  1006  1006 I MWN     : mobile type = 15
07-06 11:21:42.021  1006  1006 I MWN     : mSignalStrength.getLevel = 4
07-06 11:21:42.021  1006  1006 I MWN     : Write 0 to node. type=3G mSimExist=true mFlightMode=false
07-06 11:21:42.022  1006  1006 I MWN     : write the value:0 to node successfully.
07-06 11:21:42.551  1006  1585 D MtkConnectivityService: requestNetwork for uid/pid:10200/8246 NetworkRequest [ TRACK_DEFAULT id=9723, [ Capabilities: INTERNET&NOT_RESTRICTED&TRUSTED Unwanted:  Uid: 10200] ]
07-06 11:21:42.783  1006  1114 D MtkConnectivityService: releasing NetworkRequest [ TRACK_DEFAULT id=9723, [ Capabilities: INTERNET&NOT_RESTRICTED&TRUSTED Unwanted:  Uid: 10200] ] (release request)
07-06 11:21:43.282  1006  1039 D ProcessManager.SC: mem= 1131, lowmem=true
07-06 11:21:43.785  1006  1039 D ProcessManager: com.android.server.telecom is current play music
07-06 11:21:43.786  1006  1039 D ProcessManager: Get SplitScreen App:null
07-06 11:21:44.512  1006  1006 I MWN     : onSignalStrengthsChanged...
07-06 11:21:44.517  1006  1006 I MWN     : network type = 0
07-06 11:21:44.518  1006  1006 I MWN     : mobile type = 15
07-06 11:21:44.518  1006  1006 I MWN     : mSignalStrength.getLevel = 4
07-06 11:21:44.518  1006  1006 I MWN     : Write 0 to node. type=3G mSimExist=true mFlightMode=false
07-06 11:21:44.520  1006  1006 I MWN     : write the value:0 to node successfully.
07-06 11:21:46.366  1006  1039 D ProcessManager.SC: mem= 1131, lowmem=true
07-06 11:21:46.873  1006  1039 D ProcessManager: com.android.server.telecom is current play music
07-06 11:21:46.878  1006  1039 D ProcessManager: Get SplitScreen App:null
07-06 11:21:47.021  1006  1006 I MWN     : onSignalStrengthsChanged...
07-06 11:21:47.030  1006  1006 I MWN     : network type = 0
07-06 11:21:47.032  1006  1006 I MWN     : mobile type = 15
07-06 11:21:47.032  1006  1006 I MWN     : mSignalStrength.getLevel = 4
07-06 11:21:47.032  1006  1006 I MWN     : Write 0 to node. type=3G mSimExist=true mFlightMode=false
07-06 11:21:47.035  1006  1006 I MWN     : write the value:0 to node successfully.
07-06 11:21:49.464  1006  1039 D ProcessManager.SC: mem= 1136, lowmem=true
07-06 11:21:49.519  1006  1006 I MWN     : onSignalStrengthsChanged...
07-06 11:21:49.529  1006  1006 I MWN     : network type = 0
07-06 11:21:49.531  1006  1006 I MWN     : mobile type = 15
07-06 11:21:49.531  1006  1006 I MWN     : mSignalStrength.getLevel = 4
07-06 11:21:49.531  1006  1006 I MWN     : Write 0 to node. type=3G mSimExist=true mFlightMode=false
07-06 11:21:49.533  1006  1006 I MWN     : write the value:0 to node successfully.
07-06 11:21:49.971  1006  1039 D ProcessManager: com.android.server.telecom is current play music
07-06 11:21:49.976  1006  1039 D ProcessManager: Get SplitScreen App:null
07-06 11:21:52.025  1006  1006 I MWN     : onSignalStrengthsChanged...
07-06 11:21:52.033  1006  1006 I MWN     : network type = 0
07-06 11:21:52.034  1006  1006 I MWN     : mobile type = 15
07-06 11:21:52.034  1006  1006 I MWN     : mSignalStrength.getLevel = 4
07-06 11:21:52.034  1006  1006 I MWN     : Write 0 to node. type=3G mSimExist=true mFlightMode=false
07-06 11:21:52.036  1006  1006 I MWN     : write the value:0 to node successfully.
07-06 11:21:52.556  1006  1039 D ProcessManager.SC: mem= 1134, lowmem=true
07-06 11:21:53.064  1006  1039 D ProcessManager: com.android.server.telecom is current play music
07-06 11:21:53.067  1006  1039 D ProcessManager: Get SplitScreen App:null
07-06 11:21:54.523  1006  1006 I MWN     : onSignalStrengthsChanged...
07-06 11:21:54.528  1006  1006 I MWN     : network type = 0
07-06 11:21:54.529  1006  1006 I MWN     : mobile type = 15
07-06 11:21:54.529  1006  1006 I MWN     : mSignalStrength.getLevel = 4
07-06 11:21:54.529  1006  1006 I MWN     : Write 0 to node. type=3G mSimExist=true mFlightMode=false
07-06 11:21:54.531  1006  1006 I MWN     : write the value:0 to node successfully.
07-06 11:21:55.589  1006  1039 D ProcessManager.SC: mem= 1136, lowmem=true
07-06 11:21:56.093  1006  1039 D ProcessManager: com.android.server.telecom is current play music
07-06 11:21:56.094  1006  1039 D ProcessManager: Get SplitScreen App:null
07-06 11:21:57.023  1006  1006 I MWN     : onSignalStrengthsChanged...
07-06 11:21:57.026  1006  1006 I MWN     : network type = 0
07-06 11:21:57.027  1006  1006 I MWN     : mobile type = 15
07-06 11:21:57.028  1006  1006 I MWN     : mSignalStrength.getLevel = 4
07-06 11:21:57.028  1006  1006 I MWN     : Write 0 to node. type=3G mSimExist=true mFlightMode=false
07-06 11:21:57.029  1006  1006 I MWN     : write the value:0 to node successfully.
07-06 11:21:58.626  1006  1039 D ProcessManager.SC: mem= 1135, lowmem=true
07-06 11:21:59.130  1006  1039 D ProcessManager: com.android.server.telecom is current play music
07-06 11:21:59.131  1006  1039 D ProcessManager: Get SplitScreen App:null
07-06 11:21:59.522  1006  1006 I MWN     : onSignalStrengthsChanged...
07-06 11:21:59.526  1006  1006 I MWN     : network type = 0
07-06 11:21:59.527  1006  1006 I MWN     : mobile type = 15
07-06 11:21:59.527  1006  1006 I MWN     : mSignalStrength.getLevel = 4
07-06 11:21:59.527  1006  1006 I MWN     : Write 0 to node. type=3G mSimExist=true mFlightMode=false
07-06 11:21:59.528  1006  1006 I MWN     : write the value:0 to node successfully.
07-06 11:22:01.663  1006  1039 D ProcessManager.SC: mem= 1136, lowmem=true
07-06 11:22:02.022  1006  1006 I MWN     : onSignalStrengthsChanged...
07-06 11:22:02.026  1006  1006 I MWN     : network type = 0
07-06 11:22:02.027  1006  1006 I MWN     : mobile type = 15
07-06 11:22:02.027  1006  1006 I MWN     : mSignalStrength.getLevel = 4
07-06 11:22:02.027  1006  1006 I MWN     : Write 0 to node. type=3G mSimExist=true mFlightMode=false
07-06 11:22:02.028  1006  1006 I MWN     : write the value:0 to node successfully.
07-06 11:22:02.166  1006  1039 D ProcessManager: com.android.server.telecom is current play music
07-06 11:22:02.168  1006  1039 D ProcessManager: Get SplitScreen App:null
07-06 11:22:04.753  1006  1039 D ProcessManager.SC: mem= 1137, lowmem=true
07-06 11:22:05.258  1006  1039 D ProcessManager: com.android.server.telecom is current play music
07-06 11:22:05.261  1006  1039 D ProcessManager: Get SplitScreen App:null
07-06 11:22:07.023  1006  1006 I MWN     : onSignalStrengthsChanged...
07-06 11:22:07.026  1006  1006 I MWN     : network type = 0
07-06 11:22:07.028  1006  1006 I MWN     : mobile type = 15
07-06 11:22:07.028  1006  1006 I MWN     : mSignalStrength.getLevel = 4
07-06 11:22:07.028  1006  1006 I MWN     : Write 0 to node. type=3G mSimExist=true mFlightMode=false
07-06 11:22:07.029  1006  1006 I MWN     : write the value:0 to node successfully.
07-06 11:22:07.788  1006  1039 D ProcessManager.SC: mem= 1137, lowmem=true
07-06 11:22:08.291  1006  1039 D ProcessManager: com.android.server.telecom is current play music
07-06 11:22:08.292  1006  1039 D ProcessManager: Get SplitScreen App:null
07-06 11:22:09.304  1006  2081 I Telecom : BluetoothPhoneService: BT - hanging up call: BPSI.hC@Tm0
07-06 11:22:09.305  1006  2081 I Telecom : Event: RecordEntry TC@96: REQUEST_DISCONNECT, internal: BPSI.hC@Tm0
07-06 11:22:09.306  1006  2081 I Telecom : Call: Send disconnect to connection service for call: [TC@96, ACTIVE, com.android.phone/com.android.services.telephony.TelephonyConnectionService, tel:***********, A, childs(0), has_parent(false), [Capabilities: CAPABILITY_HOLD CAPABILITY_SUPPORT_HOLD CAPABILITY_MUTE CAPABILITY_CANNOT_DOWNGRADE_VIDEO_TO_AUDIO CAPABILITY_SPEED_UP_MT_AUDIO M_CAPABILITY_CAPABILITY_CALL_RECORDING], [Properties: PROPERTY_HIGH_DEF_AUDIO M_PROPERTY_VOICE_RECORDING]]: BPSI.hC@Tm0
07-06 11:22:09.446  1514  1514 I Telephony: : onDisconnect: callId=TC@96_1, cause=LOCAL
07-06 11:22:09.452  1006  1025 W BroadcastQueue: Permission Denial: receiving Intent { act=android.intent.action.SUBSCRIPTION_PHONE_STATE flg=0x1000010 (has extras) } to ProcessRecord{6130613 12184:com.transsion.ivoice/u0a112} (pid=12184, uid=10112) requires android.permission.READ_PRIVILEGED_PHONE_STATE due to sender android (uid 1001)
07-06 11:22:09.453  1006  1584 W ContextImpl: Calling a method in the system process without a qualified user: android.app.ContextImpl.sendBroadcastAsUserMultiplePermissions:1054 com.android.server.TelephonyRegistry.broadcastCallStateChanged:1667 com.android.server.TelephonyRegistry.notifyCallStateForPhoneId:837 com.android.internal.telephony.ITelephonyRegistry$Stub.onTransact:122 android.os.Binder.execTransact:731 
07-06 11:22:09.459  1514  1514 I Telephony: : Receives MSG_DISCONNECT, cause=3
07-06 11:22:09.460  1006  1584 I Telecom : InCallController: Sending updateCall [TC@96, ACTIVE, com.android.phone/com.android.services.telephony.TelephonyConnectionService, tel:***********, A, childs(0), has_parent(false), [Capabilities: CAPABILITY_HOLD CAPABILITY_SUPPORT_HOLD CAPABILITY_MUTE CAPABILITY_CANNOT_DOWNGRADE_VIDEO_TO_AUDIO CAPABILITY_SPEED_UP_MT_AUDIO M_CAPABILITY_CAPABILITY_CALL_RECORDING], [Properties: PROPERTY_HIGH_DEF_AUDIO M_PROPERTY_VOICE_RECORDING]]: CSW.sSH@Tm4
07-06 11:22:09.462  1514  1514 I Telephony: MtkTelephonyConnectionServiceUtil: ECC retry: isEccRetryOn, retryOn=false
07-06 11:22:09.463  1006  1584 I Telecom : InCallController: Sending updateCall [TC@96, ACTIVE, com.android.phone/com.android.services.telephony.TelephonyConnectionService, tel:***********, A, childs(0), has_parent(false), [Capabilities: CAPABILITY_HOLD CAPABILITY_SUPPORT_HOLD CAPABILITY_MUTE CAPABILITY_CANNOT_DOWNGRADE_VIDEO_TO_AUDIO CAPABILITY_SPEED_UP_MT_AUDIO M_CAPABILITY_CAPABILITY_CALL_RECORDING], [Properties: PROPERTY_HIGH_DEF_AUDIO M_PROPERTY_VOICE_RECORDING]]: CSW.sCC@Tm8
07-06 11:22:09.463  1514  1514 I Telephony: MtkGsmCdmaConnection: applyOriginalConnectionCapabilities, supportsDowngradeToAudio=false, capabilities=8388674
07-06 11:22:09.464  8221  8221 D StatusBarManager: Hide incall statubar
07-06 11:22:09.465  1006  1114 D MtkConnectivityService: NetworkAgentInfo [MOBILE (HSPA+) - 157] EVENT_NETWORK_INFO_CHANGED, going from CONNECTED to CONNECTED
07-06 11:22:09.465  1006  1584 I Telecom : InCallController: Sending updateCall [TC@96, ACTIVE, com.android.phone/com.android.services.telephony.TelephonyConnectionService, tel:***********, A, childs(0), has_parent(false), [Capabilities: CAPABILITY_HOLD CAPABILITY_SUPPORT_HOLD CAPABILITY_MUTE CAPABILITY_CANNOT_DOWNGRADE_VIDEO_TO_AUDIO CAPABILITY_SPEED_UP_MT_AUDIO M_CAPABILITY_CAPABILITY_CALL_RECORDING], [Properties: PROPERTY_HIGH_DEF_AUDIO M_PROPERTY_VOICE_RECORDING]]: CSW.sCC@TnA
07-06 11:22:09.467  1006  1584 I Telecom : CallsManager: setCallState ACTIVE -> DISCONNECTED, call: [TC@96, ACTIVE, com.android.phone/com.android.services.telephony.TelephonyConnectionService, tel:***********, A, childs(0), has_parent(false), [Capabilities: CAPABILITY_HOLD CAPABILITY_SUPPORT_HOLD CAPABILITY_MUTE CAPABILITY_CANNOT_DOWNGRADE_VIDEO_TO_AUDIO CAPABILITY_SPEED_UP_MT_AUDIO M_CAPABILITY_CAPABILITY_CALL_RECORDING], [Properties: PROPERTY_HIGH_DEF_AUDIO M_PROPERTY_VOICE_RECORDING]]: CSW.sDc@TnE
07-06 11:22:09.468  1006  1584 W Telecom : Call: [maybeUpdateVoiceRecordState] no longer ACTIVE or HOLD, force stop recording: CSW.sDc@TnE
07-06 11:22:09.468  1006  1584 I Telecom : Event: RecordEntry TC@96: SET_DISCONNECTED, disconnected set explicitly> DisconnectCause [ Code: (LOCAL) Label: () Description: () Reason: (LOCAL) Tone: (27) ]: CSW.sDc@TnE
07-06 11:22:09.469  1006  1584 I Telecom : InCallController: onCallStateChanged() , callState: 5 -> 7: CSW.sDc@TnE
07-06 11:22:09.470  1006  1584 I Telecom : InCallController: Sending updateCall [TC@96, DISCONNECTED, com.android.phone/com.android.services.telephony.TelephonyConnectionService, tel:***********, A, childs(0), has_parent(false), [Capabilities: CAPABILITY_HOLD CAPABILITY_SUPPORT_HOLD CAPABILITY_MUTE CAPABILITY_CANNOT_DOWNGRADE_VIDEO_TO_AUDIO CAPABILITY_SPEED_UP_MT_AUDIO M_CAPABILITY_CAPABILITY_CALL_RECORDING], [Properties: PROPERTY_HIGH_DEF_AUDIO M_PROPERTY_VOICE_RECORDING]]: CSW.sDc@TnE
07-06 11:22:09.478  8871  8887 D CallRecorderService: [stopVoiceRecord]
07-06 11:22:09.479  8871  8891 D CallRecorderService: [handleMessage] message = REQUEST_STOP_RECORDING
07-06 11:22:09.479  8871  8891 D CallRecorderService: [handleMessage]do stop recording
07-06 11:22:09.479  1006  1584 W ContextImpl: Calling a method in the system process without a qualified user: android.app.ContextImpl.sendBroadcastAsUserMultiplePermissions:1054 com.android.server.TelephonyRegistry.broadcastCallStateChanged:1667 com.android.server.TelephonyRegistry.notifyCallState:804 com.android.server.telecom.PhoneStateBroadcaster.sendPhoneStateChangedBroadcast:117 com.android.server.telecom.PhoneStateBroadcaster.updateStates:94 
07-06 11:22:09.479  1006  1584 I Telecom : PhoneStateBroadcaster: Broadcasted state change: 0: CSW.sDc@TnE
07-06 11:22:09.481  1006  1025 W BroadcastQueue: Permission Denial: receiving Intent { act=android.intent.action.PHONE_STATE flg=0x1000010 (has extras) } to ProcessRecord{e54e778 26920:com.huawei.health:PhoneService/u0a361} (pid=26920, uid=10361) requires android.permission.READ_PRIVILEGED_PHONE_STATE due to sender android (uid 1000)
07-06 11:22:09.483  1006  2081 V SettingsProvider: name : transsion_in_can_auto_call_record appId : 1000
07-06 11:22:09.484  8871  8891 D CallRecorder: stopRecord
07-06 11:22:09.484  8871  8891 D Recorder: stopRecording
07-06 11:22:09.485  1006  1025 W BroadcastQueue: Permission Denial: receiving Intent { act=android.intent.action.PHONE_STATE flg=0x1000010 (has extras) } to ProcessRecord{bce4558 1182:com.android.systemui/u0a49} (pid=1182, uid=10049) requires android.permission.READ_CALL_LOG due to sender android (uid 1000)
07-06 11:22:09.485  1006  1025 W BroadcastQueue: Permission Denial: receiving Intent { act=android.intent.action.PHONE_STATE flg=0x1000010 (has extras) } to ProcessRecord{bce4558 1182:com.android.systemui/u0a49} (pid=1182, uid=10049) requires android.permission.READ_CALL_LOG due to sender android (uid 1000)
07-06 11:22:09.488  1006  6410 I ProcStateListenerService: onStop 8871
07-06 11:22:09.495  1006  1025 W BroadcastQueue: Permission Denial: receiving Intent { act=android.intent.action.PHONE_STATE flg=0x1000010 (has extras) } to com.truecaller/.service.Receiver requires android.permission.READ_PRIVILEGED_PHONE_STATE due to sender android (uid 1000)
07-06 11:22:09.497  1006  1006 V SettingsProvider: Notifying for 0: content://settings/system/transsion_in_can_auto_call_record
07-06 11:22:09.500  1006  2011 W BroadcastQueue: Permission Denial: receiving Intent { act=android.intent.action.PHONE_STATE flg=0x1000010 (has extras) } to com.sh.smart.caller/com.smartcaller.receiver.PhoneReceiver requires android.permission.READ_PRIVILEGED_PHONE_STATE due to sender android (uid 1000)
07-06 11:22:09.508  1006  1584 W ContextImpl: Calling a method in the system process without a qualified user: android.app.ContextImpl.sendBroadcast:1021 android.content.ContextWrapper.sendBroadcast:449 com.android.server.telecom.CallLogManager.sendAddCallBroadcast:747 com.android.server.telecom.CallLogManager.logCall:509 com.android.server.telecom.CallLogManager.logCall:443 
07-06 11:22:09.517  1006  1584 I Telecom : TelecomWakeLock: WakeLock already released with id: 26: CSW.sDc@TnE
07-06 11:22:09.518  1006  1584 I Telecom : InCallWakeLockController: Releasing full wake lock: CSW.sDc@TnE
07-06 11:22:09.518  1006  1584 I Telecom : IncomingCallNotifier: updateIncomingCall: foundIncomingcall = null: CSW.sDc@TnE
07-06 11:22:09.520  1006  1565 I Telecom : CallAudioRouteStateMachine: Message received: UPDATE_SYSTEM_AUDIO_ROUTE=1201, arg1=0: CSW.sDc->CARSM.pM_UPDATE_SYSTEM_AUDIO_ROUTE@TnE
07-06 11:22:09.520  1006  9107 I Telecom : CallLogManager: addCall, c.initiatingUser=null
07-06 11:22:09.520  1006  1565 I Telecom : ActiveBluetoothRoute: Processing message UPDATE_SYSTEM_AUDIO_ROUTE: CSW.sDc->CARSM.pM_UPDATE_SYSTEM_AUDIO_ROUTE@TnE
07-06 11:22:09.520  1006  9107 I Telecom : CallLogManager: addCall, userToBeInserted=null
07-06 11:22:09.520  1006  9107 I Telecom : CallLogManager: createOrGetConferenceId id 0 duration 0
07-06 11:22:09.523  1006  1566 I Telecom : CallAudioModeStateMachine: Message received: TONE_STARTED_PLAYING.: CSW.sDc->CAMSM.pM_3001@TnE
07-06 11:22:09.525  1006  1584 I Telecom : BluetoothPhoneService: updateHeadsetWithCallState numActive 0, numHeld 0, callState 7, ringing number ***, ringing type 128: CSW.sDc@TnE
07-06 11:22:09.525  1006  1562 I Telecom : BluetoothRouteManager: Message received: GET_CURRENT_STATE.: CSW.sDc->ICTP.r->BRM.pM_400@TnE
07-06 11:22:09.528  1006  1566 I Telecom : CallAudioModeStateMachine: Message received: NO_MORE_ACTIVE_OR_DIALING_CALLS.: CSW.sDc->CAMSM.pM_1001@TnE
07-06 11:22:09.528  1006  1566 I Telecom : CallAudioModeStateMachine: Audio focus entering TONE/HOLDING state: CSW.sDc->CAMSM.pM_1001@TnE
07-06 11:22:09.528  1006  1565 I Telecom : CallAudioRouteStateMachine: setSystemAudioState: changing from [AudioState isMuted: false, route: BLUETOOTH, supportedRouteMask: EARPIECE, BLUETOOTH, SPEAKER, activeBluetoothDevice: [00:14:BE:83:0B:3E], supportedBluetoothDevices: [00:14:BE:83:0B:3E]] to [AudioState isMuted: false, route: BLUETOOTH, supportedRouteMask: EARPIECE, BLUETOOTH, SPEAKER, activeBluetoothDevice: [00:14:BE:83:0B:3E], supportedBluetoothDevices: [00:14:BE:83:0B:3E]]: CSW.sDc->CARSM.pM_UPDATE_SYSTEM_AUDIO_ROUTE@TnE
07-06 11:22:09.529  1006  1565 I Telecom : InCallController: Calling onAudioStateChanged, audioState: [AudioState isMuted: false, route: BLUETOOTH, supportedRouteMask: EARPIECE, BLUETOOTH, SPEAKER, activeBluetoothDevice: [00:14:BE:83:0B:3E], supportedBluetoothDevices: [00:14:BE:83:0B:3E]] -> [AudioState isMuted: false, route: BLUETOOTH, supportedRouteMask: EARPIECE, BLUETOOTH, SPEAKER, activeBluetoothDevice: [00:14:BE:83:0B:3E], supportedBluetoothDevices: [00:14:BE:83:0B:3E]]: CSW.sDc->CARSM.pM_UPDATE_SYSTEM_AUDIO_ROUTE@TnE
07-06 11:22:09.529  1006  2011 W BroadcastQueue: Permission Denial: receiving Intent { act=android.intent.action.PHONE_STATE flg=0x1000010 (has extras) } to com.truecaller/.util.CallMonitoringReceiver requires android.permission.READ_PRIVILEGED_PHONE_STATE due to sender android (uid 1000)
07-06 11:22:09.530  1006  1584 I Telecom : ConnectionServiceWrapper: Service unbound ComponentInfo{com.android.phone/com.android.services.telephony.TelephonyConnectionService}, from unbind.: CSW.rC@TnM
07-06 11:22:09.530  1006  1584 W Telecom : ConnectionServiceWrapper: unlinkDeathRecipient: death recipient is null.: CSW.rC@TnM
07-06 11:22:09.533  1006  1025 W BroadcastQueue: Permission Denial: receiving Intent { act=android.intent.action.PHONE_STATE flg=0x1000010 (has extras) } to com.truecaller/.callhero_assistant.callrejection.CallAssistantRejectionReceiver requires android.permission.READ_PRIVILEGED_PHONE_STATE due to sender android (uid 1000)
07-06 11:22:09.533  1006  1025 W BroadcastQueue: Permission Denial: receiving Intent { act=android.intent.action.PHONE_STATE flg=0x1000010 (has extras) } to org.telegram.messenger/.CallReceiver requires android.permission.READ_PRIVILEGED_PHONE_STATE due to sender android (uid 1000)
07-06 11:22:09.534  1006  1584 I Telecom : CallsManager: handleConnectionServiceDeath: service com.android.server.telecom.ConnectionServiceWrapper@f396b31 died: CSW.rC@TnM
07-06 11:22:09.535  1006  1584 I Telecom : Event: RecordEntry TC@96: DESTROYED, null: CSW.rC@TnM
07-06 11:22:09.536  1006  1584 I Telecom : InCallController: onCallRemoved: [TC@96, DISCONNECTED, null, tel:***********, A, childs(0), has_parent(false), [Capabilities: CAPABILITY_HOLD CAPABILITY_SUPPORT_HOLD CAPABILITY_MUTE CAPABILITY_CANNOT_DOWNGRADE_VIDEO_TO_AUDIO CAPABILITY_SPEED_UP_MT_AUDIO M_CAPABILITY_CAPABILITY_CALL_RECORDING], [Properties: PROPERTY_HIGH_DEF_AUDIO M_PROPERTY_VOICE_RECORDING]]: CSW.rC@TnM
07-06 11:22:09.537  1006  1584 I Telecom : TelecomWakeLock: WakeLock already released with id: 26: CSW.rC@TnM
07-06 11:22:09.537  1006  1584 I Telecom : InCallWakeLockController: Releasing full wake lock: CSW.rC@TnM
07-06 11:22:09.537  1006  1584 I Telecom : IncomingCallNotifier: updateIncomingCall: foundIncomingcall = null: CSW.rC@TnM
07-06 11:22:09.537  1006  1584 I Telecom : ProximitySensorManager: All calls removed, resetting proximity sensor to default state: CSW.rC@TnM
07-06 11:22:09.538  1006  1584 I Telecom : TelecomWakeLock: WakeLock already released with id: 32: CSW.rC@TnM
07-06 11:22:09.538  1006  1565 I Telecom : CallAudioRouteStateMachine: Message received: USER_SWITCH_BASELINE_ROUTE=1105, arg1=0: CSW.rC->CARSM.pM_USER_SWITCH_BASELINE_ROUTE@TnM
07-06 11:22:09.539  1006  1565 I Telecom : ActiveBluetoothRoute: Processing message USER_SWITCH_BASELINE_ROUTE: CSW.rC->CARSM.pM_USER_SWITCH_BASELINE_ROUTE@TnM
07-06 11:22:09.540  1006  1565 I Telecom : CallAudioRouteStateMachine: Message received: USER_SWITCH_EARPIECE=1101, arg1=0: CSW.rC->CARSM.pM_USER_SWITCH_BASELINE_ROUTE->CARSM.pM_USER_SWITCH_EARPIECE@TnM
07-06 11:22:09.540  1006  1565 I Telecom : ActiveBluetoothRoute: Processing message USER_SWITCH_EARPIECE: CSW.rC->CARSM.pM_USER_SWITCH_BASELINE_ROUTE->CARSM.pM_USER_SWITCH_EARPIECE@TnM
07-06 11:22:09.541  1006  1565 I Telecom : Logging.Events: Non-call EVENT: AUDIO_ROUTE, Leaving state ActiveBluetoothRoute: CSW.rC->CARSM.pM_USER_SWITCH_BASELINE_ROUTE->CARSM.pM_USER_SWITCH_EARPIECE@TnM
07-06 11:22:09.541  1006  1565 I Telecom : Logging.Events: Non-call EVENT: AUDIO_ROUTE, Entering state ActiveEarpieceRoute: CSW.rC->CARSM.pM_USER_SWITCH_BASELINE_ROUTE->CARSM.pM_USER_SWITCH_EARPIECE@TnM
07-06 11:22:09.541  1006  1565 I Telecom : Logging.Events: Non-call EVENT: AUDIO_ROUTE_EARPIECE, null: CSW.rC->CARSM.pM_USER_SWITCH_BASELINE_ROUTE->CARSM.pM_USER_SWITCH_EARPIECE@TnM
07-06 11:22:09.541  1006  1565 I Telecom : CallAudioRouteStateMachine: turning speaker phone false: CSW.rC->CARSM.pM_USER_SWITCH_BASELINE_ROUTE->CARSM.pM_USER_SWITCH_EARPIECE@TnM
07-06 11:22:09.545  1006  1562 I Telecom : BluetoothRouteManager: Message received: GET_CURRENT_STATE.: CSW.rC->CARSM.pM_USER_SWITCH_BASELINE_ROUTE->CARSM.pM_USER_SWITCH_EARPIECE->BRM.pM_400@TnM
07-06 11:22:09.545  1006  1565 I Telecom : CallAudioRouteStateMachine: disconnecting bluetooth audio: CSW.rC->CARSM.pM_USER_SWITCH_BASELINE_ROUTE->CARSM.pM_USER_SWITCH_EARPIECE@TnM
07-06 11:22:09.549  1006  1562 I Telecom : BluetoothRouteManager: Message received: DISCONNECT_HFP.: CSW.rC->CARSM.pM_USER_SWITCH_BASELINE_ROUTE->CARSM.pM_USER_SWITCH_EARPIECE->BRM.pM_101@TnM
07-06 11:22:09.570  1006  1585 I ProcStateListenerService: onStop 8871
07-06 11:22:09.570  1006  6410 V SettingsProvider: name : transsion_in_can_auto_call_record appId : 1000
07-06 11:22:09.573  8221  8221 D StatusBarManager: Hide incall statubar
07-06 11:22:09.575  8221  8221 D StatusBarManager: Hide incall statubar
07-06 11:22:09.577  1006  1426 I ProcStateListenerService: onStop 8871
07-06 11:22:09.577  1006  1565 I Telecom : CallAudioRouteStateMachine: setSystemAudioState: changing from [AudioState isMuted: false, route: BLUETOOTH, supportedRouteMask: EARPIECE, BLUETOOTH, SPEAKER, activeBluetoothDevice: [00:14:BE:83:0B:3E], supportedBluetoothDevices: [00:14:BE:83:0B:3E]] to [AudioState isMuted: false, route: EARPIECE, supportedRouteMask: EARPIECE, BLUETOOTH, SPEAKER, activeBluetoothDevice: [null], supportedBluetoothDevices: [00:14:BE:83:0B:3E]]: CSW.rC->CARSM.pM_USER_SWITCH_BASELINE_ROUTE->CARSM.pM_USER_SWITCH_EARPIECE@TnM
07-06 11:22:09.578  1006  1565 I Telecom : InCallController: Calling onAudioStateChanged, audioState: [AudioState isMuted: false, route: BLUETOOTH, supportedRouteMask: EARPIECE, BLUETOOTH, SPEAKER, activeBluetoothDevice: [00:14:BE:83:0B:3E], supportedBluetoothDevices: [00:14:BE:83:0B:3E]] -> [AudioState isMuted: false, route: EARPIECE, supportedRouteMask: EARPIECE, BLUETOOTH, SPEAKER, activeBluetoothDevice: [null], supportedBluetoothDevices: [00:14:BE:83:0B:3E]]: CSW.rC->CARSM.pM_USER_SWITCH_BASELINE_ROUTE->CARSM.pM_USER_SWITCH_EARPIECE@TnM
07-06 11:22:09.583  8871  8891 D RecorderUtils: isExternalStorageMounted = mounted
07-06 11:22:09.585  8871  8891 D RecorderUtils: total size in getDiskAvailableSize() = 9638866944
07-06 11:22:09.585  8871  8891 D CallRecorder: stopRecord: storage available: true
07-06 11:22:09.604  1006  1565 I Telecom : CallAudioRouteStateMachine: Message received: BT_AUDIO_DISCONNECTED=1301, arg1=0: CSW.rC->CARSM.pM_USER_SWITCH_BASELINE_ROUTE->CARSM.pM_USER_SWITCH_EARPIECE->BRM.pM_101->CARSM.pM_BT_AUDIO_DISCONNECTED@TnM
07-06 11:22:09.604  1006  1565 I Telecom : ActiveEarpieceRoute: Processing message BT_AUDIO_DISCONNECTED: CSW.rC->CARSM.pM_USER_SWITCH_BASELINE_ROUTE->CARSM.pM_USER_SWITCH_EARPIECE->BRM.pM_101->CARSM.pM_BT_AUDIO_DISCONNECTED@TnM
07-06 11:22:09.610  1006  1426 W BroadcastQueue: Permission Denial: receiving Intent { act=android.intent.action.PHONE_STATE flg=0x1000010 (has extras) } to org.telegram.messenger/.CallReceiver requires android.permission.READ_PHONE_STATE due to sender android (uid 1000)
07-06 11:22:09.655  1006  1565 I Telecom : CallAudioRouteStateMachine: Message received: SWITCH_FOCUS=4001, arg1=2: CSW.sDc->CAMSM.pM_1001->CARSM.pM_SWITCH_FOCUS@TnE
07-06 11:22:09.655  1006  1565 I Telecom : ActiveEarpieceRoute: Processing message SWITCH_FOCUS: CSW.sDc->CAMSM.pM_1001->CARSM.pM_SWITCH_FOCUS@TnE
07-06 11:22:09.694  1006  6410 W BroadcastQueue: Permission Denial: receiving Intent { act=android.intent.action.PHONE_STATE flg=0x1000010 (has extras) } to org.telegram.messenger/.CallReceiver requires android.permission.READ_PHONE_STATE due to sender android (uid 1000)
07-06 11:22:09.698  1006  1025 D BroadcastQueue: AMS: *** Launch app com.android.cellbroadcastreceiver/1000 for broadcast Intent { act=android.intent.action.SERVICE_STATE flg=0x1000010 (has extras) } from android/1001
07-06 11:22:09.729  1006  1029 I ActivityManager: Start proc 9116:com.android.cellbroadcastreceiver/1000 for broadcast com.android.cellbroadcastreceiver/.CellBroadcastReceiver
07-06 11:22:09.774  1006  2011 V WindowManager: Changing focus from Window{14501af u0 com.android.incallui/com.android.incallui.InCallActivity} to Window{22a5720 u0 el.mobarmeg.ring_sizer/el.mobarmeg.ring_size.MainActivity} Callers=com.android.server.wm.DisplayContent.layoutAndAssignWindowLayersIfNeeded:2507 com.android.server.wm.DisplayContent.positionStackAt:1966 com.android.server.wm.DisplayWindowController.positionChildAt:93 com.android.server.am.ActivityDisplay.positionChildAt:185 
07-06 11:22:09.774  1006  2011 D WindowManager: Input focus has changed to Window{22a5720 u0 el.mobarmeg.ring_sizer/el.mobarmeg.ring_size.MainActivity}
07-06 11:22:09.775  1006  1038 I WindowManager: Focus moving from Window{14501af u0 com.android.incallui/com.android.incallui.InCallActivity} to Window{22a5720 u0 el.mobarmeg.ring_sizer/el.mobarmeg.ring_size.MainActivity}
07-06 11:22:09.789  8221  8221 D StatusBarManager: Hide incall statubar
07-06 11:22:09.793  8221  8221 D StatusBarManager: Hide incall statubar
07-06 11:22:09.796  1006  2011 I PowerMonitorHookServer: stop app:com.android.incallui
07-06 11:22:09.796  1006  2011 I PowerMonitorHookServer: start app:el.mobarmeg.ring_sizer
07-06 11:22:09.799  1543  1579 I PowerMonitorNew: a whole scenario, scenario:com.android.incallui, start-stop:402569766-402603116,duration:33350, current:0, currentconvert4V:0,currentWoBL:0,consumecoul:0,batterytime:0, conpower:0,avgsignal:400,avgDatatype:300
07-06 11:22:09.799  1543  1579 I PowerMonitorNew: exitScenario not save scenario true
07-06 11:22:09.806  1006  2011 I ActivityManager:             activityOccluded change mActivityOcclude=false
07-06 11:22:09.806  1006  2011 D WindowManager: keyguardShowing=false
07-06 11:22:09.806  1006  2011 D WindowManager: isOccluded : false,changed : true,showing : false
07-06 11:22:09.809  1006  2011 V WindowManager: Set focused app to: AppWindowToken{c30fc89 token=Token{9e0b90 ActivityRecord{a7f6653 u0 el.mobarmeg.ring_sizer/el.mobarmeg.ring_size.MainActivity t439}}} old focus=AppWindowToken{2736fcf token=Token{a3cc82e ActivityRecord{f72daa9 u0 com.android.incallui/.InCallActivity t440}}} moveFocusNow=true
07-06 11:22:09.816  1006  2011 D ProcessManager: After resumed : el.mobarmeg.ring_sizer
07-06 11:22:09.817  1006  2011 D MitePluginAppLockImpl: MID_SERVICE_AM_RESUME_ACTIVITY_1ActivityRecord{a7f6653 u0 el.mobarmeg.ring_sizer/el.mobarmeg.ring_size.MainActivity t439}, false
07-06 11:22:09.817  1006  2011 D AppLockDelegatorImpl: appLockCheck: 
07-06 11:22:09.825  1006  2011 D MitePluginAppLockWMImpl: MID_SERVICE_WM_AppWindowToken_setVisibility awToken:AppWindowToken{2736fcf token=Token{a3cc82e ActivityRecord{f72daa9 u0 com.android.incallui/.InCallActivity t440}}} visible:false
07-06 11:22:09.825  1006  2011 D MitePluginAppLockWMImpl: task.getTopVisibleAppToken:null
07-06 11:22:09.827  1006  2011 D WindowManager: mKeyguardOccludedChanged=false
07-06 11:22:09.830  1006  1006 W Looper  : Slow dispatch took 254ms main h=android.view.Choreographer$FrameHandler m=0
07-06 11:22:09.866  8221  8221 D StatusBarManager: Hide incall statubar
07-06 11:22:09.867  1006  1006 W Looper  : Slow delivery took 298ms main h=com.android.server.media.MediaSessionService$MessageHandler m=1
07-06 11:22:09.897  1006  1006 V SettingsProvider: Notifying for 0: content://settings/system/transsion_in_can_auto_call_record
07-06 11:22:09.899  1006  1006 I MWN     : onServiceStateChanged...
07-06 11:22:09.910  1006  1006 I MWN     : network type = 0
07-06 11:22:09.911  1006  1006 I MWN     : mobile type = 15
07-06 11:22:09.912  1006  1006 I MWN     : mSignalStrength.getLevel = 4
07-06 11:22:09.912  1006  1006 I MWN     : Write 0 to node. type=3G mSimExist=true mFlightMode=false
07-06 11:22:09.913  1006  1006 I MWN     : write the value:0 to node successfully.
07-06 11:22:09.919  1006  1006 I Telecom : BluetoothStateReceiver: Ignoring BT audio state change since we're not in a call: BSR.oR@Tn8
07-06 11:22:09.938  8871  8891 W ContextImpl: Calling a method in the system process without a qualified user: android.app.ContextImpl.sendBroadcast:1006 android.content.ContextWrapper.sendBroadcast:444 com.mediatek.callrecorder.CallRecorder.addToMediaDB:294 com.mediatek.callrecorder.CallRecorder.saveSample:219 com.mediatek.callrecorder.CallRecorder.stopRecord:179 
07-06 11:22:09.961  1006  1006 I MWN     : onSignalStrengthsChanged...
07-06 11:22:09.963  8871  8891 W ContextImpl: Calling a method in the system process without a qualified user: android.app.ContextImpl.bindService:1612 android.content.ContextWrapper.bindService:698 android.media.MediaScannerConnection.connect:119 android.media.MediaScannerConnection.scanFile:243 com.mediatek.callrecorder.CallRecorder.addToMediaDB:297 
07-06 11:22:09.967  1006  1006 I MWN     : network type = 0
07-06 11:22:09.969  1006  1006 I MWN     : mobile type = 15
07-06 11:22:09.969  1006  1006 I MWN     : mSignalStrength.getLevel = 4
07-06 11:22:09.969  1006  1006 I MWN     : Write 0 to node. type=3G mSimExist=true mFlightMode=false
07-06 11:22:09.970  8221  8221 D StatusBarManager: Hide incall statubar
07-06 11:22:09.970  1006  1006 I MWN     : write the value:0 to node successfully.
07-06 11:22:09.975  8871  8891 D CallRecorder: getExactRecordingPath(): path is: /storage/emulated/0/PhoneRecord/01128992223
07-06 11:22:09.977  8871  8891 D CallRecorder: getExactRecordingPath(): volDes is: Internal shared storage, volPath is: /storage/emulated/0/
07-06 11:22:09.977  8871  8891 D CallRecorder: getExactRecordingPath(): exactPath is: Internal shared storage/PhoneRecord/01128992223, subPath is: /PhoneRecord/01128992223
07-06 11:22:09.977  8871  8891 D Recorder: showToastInClient
07-06 11:22:09.980  8871  8891 D Recorder: fireStateChanged 0
07-06 11:22:09.980  8871  8891 D CallRecorderService: remove mRecordDiskCheck
07-06 11:22:09.982  1006  1006 I Telecom : BluetoothPhoneService: updateHeadsetWithCallState numActive 0, numHeld 0, callState 6, ringing number ***, ringing type 128: CSW.sDc->ICTP.r->ICTP.cUTP@TnE
07-06 11:22:09.982  1006  1566 I Telecom : CallAudioModeStateMachine: Message received: TONE_STOPPED_PLAYING.: CSW.sDc->ICTP.r->ICTP.cUTP->CAMSM.pM_3002@TnE
07-06 11:22:09.983  1006  1566 I Telecom : CallAudioModeStateMachine: Abandoning audio focus: now UNFOCUSED: CSW.sDc->ICTP.r->ICTP.cUTP->CAMSM.pM_3002@TnE
07-06 11:22:10.005  1006  1006 V SettingsProvider: Notifying for 0: content://settings/global/os_quick_start_occlude
07-06 11:22:10.036  1006  1006 I Telecom : Call: [onRecordStateChanged] isVoiceRecording: true, new state: 0,new isVoiceRecording: false, mState: 7
07-06 11:22:10.037  1006  1006 I Telecom : Event: RecordEntry TC@96: PROPERTY_CHANGE, Current: [[ HD]], Removed [[ m_rcrding]], Added [[]]
07-06 11:22:10.045  1006  1006 V SettingsProvider: name : transsion_in_can_auto_call_record appId : 1000
07-06 11:22:10.046  8871  8871 D CallRecorderService: [onUnbind]
07-06 11:22:10.048  8871  8891 D CallRecorderService: [handleMessage] message = REQUEST_UNBIND_SERVICE
07-06 11:22:10.049  8871  8871 D CallRecorderService: onDestroy
07-06 11:22:10.052  8871  8891 D CallRecorderService: [handleMessage] message = REQUEST_QUIT
07-06 11:22:10.052  8871  8891 D CallRecorderService: [handleMessage]quit worker thread and clear handler
07-06 11:22:10.057  8871  8871 E ActivityThread: Service com.mediatek.callrecorder.CallRecorderService has leaked ServiceConnection android.media.MediaScannerConnection@c2a84ab that was originally bound here
07-06 11:22:10.057  8871  8871 E ActivityThread: android.app.ServiceConnectionLeaked: Service com.mediatek.callrecorder.CallRecorderService has leaked ServiceConnection android.media.MediaScannerConnection@c2a84ab that was originally bound here
07-06 11:22:10.057  8871  8871 E ActivityThread: 	at android.app.LoadedApk$ServiceDispatcher.<init>(LoadedApk.java:1610)
